<html>
<body>
<pre>
<h1>µVision Build Log</h1>
<h2>Tool Versions:</h2>
IDE-Version: ¶ÃVision V5.36.0.0
Copyright (C) 2021 ARM Ltd and ARM Germany GmbH. All rights reserved.
License Information: xxxx tian_runxian@163.com, xxxx, LIC=KRMW3-A4SFI-GKZBG-VILLJ-4PU13-RHZMF
 
Tool Versions:
Toolchain:       MDK-ARM Plus  Version: 5.36.0.0
Toolchain Path:  D:\Keil_v5\ARM\ARMCC\Bin
C Compiler:      Armcc.exe V5.06 update 7 (build 960)
Assembler:       Armasm.exe V5.06 update 7 (build 960)
Linker/Locator:  ArmLink.exe V5.06 update 7 (build 960)
Library Manager: ArmAr.exe V5.06 update 7 (build 960)
Hex Converter:   FromElf.exe V5.06 update 7 (build 960)
CPU DLL:         SARMCM3.DLL V5.36.0.0
Dialog DLL:      DCM.DLL V1.17.3.0
Target DLL:      Segger\JL2CM3.dll V2.99.40.0
Dialog DLL:      TCM.DLL V1.53.0.0
 
<h2>Project:</h2>
D:\Ls_Monitor_Lower\Ls_Monitor_Lower_SW\Third_Libraries\V5-000_gcc_for_template\Project\MDK-ARM(uV5)\project.uvprojx
Project File Date:  05/19/2025

<h2>Output:</h2>
*** Using Compiler 'V5.06 update 7 (build 960)', folder: 'D:\Keil_v5\ARM\ARMCC\Bin'
Build target 'Flash'
compiling main.c...
..\..\User\main.c(132): warning:  #870-D: invalid multibyte character sequence
  	printf("* HALÂ∫ìÁâàÊú?  : V2.4.0 (STM32F407 HAL Driver)\r\n");
..\..\User\main.c(137): warning:  #870-D: invalid multibyte character sequence
  	printf("* ÂæÆ‰ø°ÂÖ¨‰ºóÂè?: armfly_com \r\n");
..\..\User\main.c(138): warning:  #870-D: invalid multibyte character sequence
  	printf("* Ê∑òÂÆùÂ∫?: armfly.taobao.com\r\n");
..\..\User\main.c: 3 warnings, 0 errors
linking...
Program Size: Code=10300 RO-data=724 RW-data=56 ZI-data=3408  
FromELF: creating hex file...
".\Objects\project.axf" - 0 Error(s), 3 Warning(s).

<h2>Software Packages used:</h2>

Package Vendor: Keil
                http://www.keil.com/pack/Keil.STM32F4xx_DFP.2.14.0.pack
                Keil.STM32F4xx_DFP.2.14.0
                STMicroelectronics STM32F4 Series Device Support, Drivers and Examples

<h2>Collection of Component include folders:</h2>
  D:\Keil_v5\Keil\STM32F4xx_DFP\2.14.0\Drivers\CMSIS\Device\ST\STM32F4xx\Include

<h2>Collection of Component Files used:</h2>
Build Time Elapsed:  00:00:03
</pre>
</body>
</html>
