###############################################################################
#
# IAR ELF Linker V8.50.9.278/W32 for ARM                  02/May/2024  23:29:01
# Copyright 2007-2020 IAR Systems AB.
#
#    Output file  =
#        J:\Ls_Monitor_Lower\Ls_Monitor_Lower_SW\EW-ARM(v8x)\Flash\Exe\Run_Xian.out
#    Map file     =
#        J:\Ls_Monitor_Lower\Ls_Monitor_Lower_SW\EW-ARM(v8x)\Flash\List\Run_Xian.map
#    Command line =
#        -f C:\Users\ADMINI~1\AppData\Local\Temp\EWBA09.tmp
#        ("J:\Ls_Monitor_Lower\Ls_Monitor_Lower_SW\EW-ARM(v8x)\Flash\Obj\battery_box.o"
#        "J:\Ls_Monitor_Lower\Ls_Monitor_Lower_SW\EW-ARM(v8x)\Flash\Obj\bsp_can_bus.o"
#        "J:\Ls_Monitor_Lower\Ls_Monitor_Lower_SW\EW-ARM(v8x)\Flash\Obj\bsp_dwt.o"
#        "J:\Ls_Monitor_Lower\Ls_Monitor_Lower_SW\EW-ARM(v8x)\Flash\Obj\bsp_font.o"
#        "J:\Ls_Monitor_Lower\Ls_Monitor_Lower_SW\EW-ARM(v8x)\Flash\Obj\bsp_iic_bus.o"
#        "J:\Ls_Monitor_Lower\Ls_Monitor_Lower_SW\EW-ARM(v8x)\Flash\Obj\bsp_inkscreen.o"
#        "J:\Ls_Monitor_Lower\Ls_Monitor_Lower_SW\EW-ARM(v8x)\Flash\Obj\bsp_key.o"
#        "J:\Ls_Monitor_Lower\Ls_Monitor_Lower_SW\EW-ARM(v8x)\Flash\Obj\bsp_lcd.o"
#        "J:\Ls_Monitor_Lower\Ls_Monitor_Lower_SW\EW-ARM(v8x)\Flash\Obj\bsp_led.o"
#        "J:\Ls_Monitor_Lower\Ls_Monitor_Lower_SW\EW-ARM(v8x)\Flash\Obj\bsp_mlx90614.o"
#        "J:\Ls_Monitor_Lower\Ls_Monitor_Lower_SW\EW-ARM(v8x)\Flash\Obj\bsp_rotation.o"
#        "J:\Ls_Monitor_Lower\Ls_Monitor_Lower_SW\EW-ARM(v8x)\Flash\Obj\bsp_sdio_sd.o"
#        "J:\Ls_Monitor_Lower\Ls_Monitor_Lower_SW\EW-ARM(v8x)\Flash\Obj\bsp_spi_ads1256.o"
#        "J:\Ls_Monitor_Lower\Ls_Monitor_Lower_SW\EW-ARM(v8x)\Flash\Obj\bsp_spi_bus.o"
#        "J:\Ls_Monitor_Lower\Ls_Monitor_Lower_SW\EW-ARM(v8x)\Flash\Obj\bsp_spi_flash.o"
#        "J:\Ls_Monitor_Lower\Ls_Monitor_Lower_SW\EW-ARM(v8x)\Flash\Obj\bsp_spi_flash_demo.o"
#        "J:\Ls_Monitor_Lower\Ls_Monitor_Lower_SW\EW-ARM(v8x)\Flash\Obj\bsp_sram.o"
#        "J:\Ls_Monitor_Lower\Ls_Monitor_Lower_SW\EW-ARM(v8x)\Flash\Obj\bsp_tim_pwm.o"
#        "J:\Ls_Monitor_Lower\Ls_Monitor_Lower_SW\EW-ARM(v8x)\Flash\Obj\bsp_touch.o"
#        "J:\Ls_Monitor_Lower\Ls_Monitor_Lower_SW\EW-ARM(v8x)\Flash\Obj\bsp_usart_fifo.o"
#        "J:\Ls_Monitor_Lower\Ls_Monitor_Lower_SW\EW-ARM(v8x)\Flash\Obj\bsp_ws2812b.o"
#        "J:\Ls_Monitor_Lower\Ls_Monitor_Lower_SW\EW-ARM(v8x)\Flash\Obj\cc936.o"
#        "J:\Ls_Monitor_Lower\Ls_Monitor_Lower_SW\EW-ARM(v8x)\Flash\Obj\cool_control.o"
#        "J:\Ls_Monitor_Lower\Ls_Monitor_Lower_SW\EW-ARM(v8x)\Flash\Obj\diskio.o"
#        "J:\Ls_Monitor_Lower\Ls_Monitor_Lower_SW\EW-ARM(v8x)\Flash\Obj\ff.o"
#        "J:\Ls_Monitor_Lower\Ls_Monitor_Lower_SW\EW-ARM(v8x)\Flash\Obj\ff_gen_drv.o"
#        "J:\Ls_Monitor_Lower\Ls_Monitor_Lower_SW\EW-ARM(v8x)\Flash\Obj\gui_task.o"
#        "J:\Ls_Monitor_Lower\Ls_Monitor_Lower_SW\EW-ARM(v8x)\Flash\Obj\HardFaultHandler.o"
#        "J:\Ls_Monitor_Lower\Ls_Monitor_Lower_SW\EW-ARM(v8x)\Flash\Obj\iwdg.o"
#        "J:\Ls_Monitor_Lower\Ls_Monitor_Lower_SW\EW-ARM(v8x)\Flash\Obj\lv_anim.o"
#        "J:\Ls_Monitor_Lower\Ls_Monitor_Lower_SW\EW-ARM(v8x)\Flash\Obj\lv_anim_timeline.o"
#        "J:\Ls_Monitor_Lower\Ls_Monitor_Lower_SW\EW-ARM(v8x)\Flash\Obj\lv_animimg.o"
#        "J:\Ls_Monitor_Lower\Ls_Monitor_Lower_SW\EW-ARM(v8x)\Flash\Obj\lv_arc.o"
#        "J:\Ls_Monitor_Lower\Ls_Monitor_Lower_SW\EW-ARM(v8x)\Flash\Obj\lv_area.o"
#        "J:\Ls_Monitor_Lower\Ls_Monitor_Lower_SW\EW-ARM(v8x)\Flash\Obj\lv_async.o"
#        "J:\Ls_Monitor_Lower\Ls_Monitor_Lower_SW\EW-ARM(v8x)\Flash\Obj\lv_bar.o"
#        "J:\Ls_Monitor_Lower\Ls_Monitor_Lower_SW\EW-ARM(v8x)\Flash\Obj\lv_bidi.o"
#        "J:\Ls_Monitor_Lower\Ls_Monitor_Lower_SW\EW-ARM(v8x)\Flash\Obj\lv_btn.o"
#        "J:\Ls_Monitor_Lower\Ls_Monitor_Lower_SW\EW-ARM(v8x)\Flash\Obj\lv_btnmatrix.o"
#        "J:\Ls_Monitor_Lower\Ls_Monitor_Lower_SW\EW-ARM(v8x)\Flash\Obj\lv_calendar.o"
#        "J:\Ls_Monitor_Lower\Ls_Monitor_Lower_SW\EW-ARM(v8x)\Flash\Obj\lv_calendar_header_arrow.o"
#        "J:\Ls_Monitor_Lower\Ls_Monitor_Lower_SW\EW-ARM(v8x)\Flash\Obj\lv_calendar_header_dropdown.o"
#        "J:\Ls_Monitor_Lower\Ls_Monitor_Lower_SW\EW-ARM(v8x)\Flash\Obj\lv_canvas.o"
#        "J:\Ls_Monitor_Lower\Ls_Monitor_Lower_SW\EW-ARM(v8x)\Flash\Obj\lv_chart.o"
#        "J:\Ls_Monitor_Lower\Ls_Monitor_Lower_SW\EW-ARM(v8x)\Flash\Obj\lv_checkbox.o"
#        "J:\Ls_Monitor_Lower\Ls_Monitor_Lower_SW\EW-ARM(v8x)\Flash\Obj\lv_color.o"
#        "J:\Ls_Monitor_Lower\Ls_Monitor_Lower_SW\EW-ARM(v8x)\Flash\Obj\lv_colorwheel.o"
#        "J:\Ls_Monitor_Lower\Ls_Monitor_Lower_SW\EW-ARM(v8x)\Flash\Obj\lv_disp.o"
#        "J:\Ls_Monitor_Lower\Ls_Monitor_Lower_SW\EW-ARM(v8x)\Flash\Obj\lv_draw.o"
#        "J:\Ls_Monitor_Lower\Ls_Monitor_Lower_SW\EW-ARM(v8x)\Flash\Obj\lv_draw_arc.o"
#        "J:\Ls_Monitor_Lower\Ls_Monitor_Lower_SW\EW-ARM(v8x)\Flash\Obj\lv_draw_img.o"
#        "J:\Ls_Monitor_Lower\Ls_Monitor_Lower_SW\EW-ARM(v8x)\Flash\Obj\lv_draw_label.o"
#        "J:\Ls_Monitor_Lower\Ls_Monitor_Lower_SW\EW-ARM(v8x)\Flash\Obj\lv_draw_layer.o"
#        "J:\Ls_Monitor_Lower\Ls_Monitor_Lower_SW\EW-ARM(v8x)\Flash\Obj\lv_draw_line.o"
#        "J:\Ls_Monitor_Lower\Ls_Monitor_Lower_SW\EW-ARM(v8x)\Flash\Obj\lv_draw_mask.o"
#        "J:\Ls_Monitor_Lower\Ls_Monitor_Lower_SW\EW-ARM(v8x)\Flash\Obj\lv_draw_rect.o"
#        "J:\Ls_Monitor_Lower\Ls_Monitor_Lower_SW\EW-ARM(v8x)\Flash\Obj\lv_draw_sw.o"
#        "J:\Ls_Monitor_Lower\Ls_Monitor_Lower_SW\EW-ARM(v8x)\Flash\Obj\lv_draw_sw_arc.o"
#        "J:\Ls_Monitor_Lower\Ls_Monitor_Lower_SW\EW-ARM(v8x)\Flash\Obj\lv_draw_sw_blend.o"
#        "J:\Ls_Monitor_Lower\Ls_Monitor_Lower_SW\EW-ARM(v8x)\Flash\Obj\lv_draw_sw_dither.o"
#        "J:\Ls_Monitor_Lower\Ls_Monitor_Lower_SW\EW-ARM(v8x)\Flash\Obj\lv_draw_sw_gradient.o"
#        "J:\Ls_Monitor_Lower\Ls_Monitor_Lower_SW\EW-ARM(v8x)\Flash\Obj\lv_draw_sw_img.o"
#        "J:\Ls_Monitor_Lower\Ls_Monitor_Lower_SW\EW-ARM(v8x)\Flash\Obj\lv_draw_sw_layer.o"
#        "J:\Ls_Monitor_Lower\Ls_Monitor_Lower_SW\EW-ARM(v8x)\Flash\Obj\lv_draw_sw_letter.o"
#        "J:\Ls_Monitor_Lower\Ls_Monitor_Lower_SW\EW-ARM(v8x)\Flash\Obj\lv_draw_sw_line.o"
#        "J:\Ls_Monitor_Lower\Ls_Monitor_Lower_SW\EW-ARM(v8x)\Flash\Obj\lv_draw_sw_polygon.o"
#        "J:\Ls_Monitor_Lower\Ls_Monitor_Lower_SW\EW-ARM(v8x)\Flash\Obj\lv_draw_sw_rect.o"
#        "J:\Ls_Monitor_Lower\Ls_Monitor_Lower_SW\EW-ARM(v8x)\Flash\Obj\lv_draw_sw_transform.o"
#        "J:\Ls_Monitor_Lower\Ls_Monitor_Lower_SW\EW-ARM(v8x)\Flash\Obj\lv_draw_transform.o"
#        "J:\Ls_Monitor_Lower\Ls_Monitor_Lower_SW\EW-ARM(v8x)\Flash\Obj\lv_draw_triangle.o"
#        "J:\Ls_Monitor_Lower\Ls_Monitor_Lower_SW\EW-ARM(v8x)\Flash\Obj\lv_dropdown.o"
#        "J:\Ls_Monitor_Lower\Ls_Monitor_Lower_SW\EW-ARM(v8x)\Flash\Obj\lv_event.o"
#        "J:\Ls_Monitor_Lower\Ls_Monitor_Lower_SW\EW-ARM(v8x)\Flash\Obj\lv_extra.o"
#        "J:\Ls_Monitor_Lower\Ls_Monitor_Lower_SW\EW-ARM(v8x)\Flash\Obj\lv_flex.o"
#        "J:\Ls_Monitor_Lower\Ls_Monitor_Lower_SW\EW-ARM(v8x)\Flash\Obj\lv_font.o"
#        "J:\Ls_Monitor_Lower\Ls_Monitor_Lower_SW\EW-ARM(v8x)\Flash\Obj\lv_font_dejavu_16_persian_hebrew.o"
#        "J:\Ls_Monitor_Lower\Ls_Monitor_Lower_SW\EW-ARM(v8x)\Flash\Obj\lv_font_fmt_txt.o"
#        "J:\Ls_Monitor_Lower\Ls_Monitor_Lower_SW\EW-ARM(v8x)\Flash\Obj\lv_font_loader.o"
#        "J:\Ls_Monitor_Lower\Ls_Monitor_Lower_SW\EW-ARM(v8x)\Flash\Obj\lv_font_montserrat_10.o"
#        "J:\Ls_Monitor_Lower\Ls_Monitor_Lower_SW\EW-ARM(v8x)\Flash\Obj\lv_font_montserrat_12.o"
#        "J:\Ls_Monitor_Lower\Ls_Monitor_Lower_SW\EW-ARM(v8x)\Flash\Obj\lv_font_montserrat_12_subpx.o"
#        "J:\Ls_Monitor_Lower\Ls_Monitor_Lower_SW\EW-ARM(v8x)\Flash\Obj\lv_font_montserrat_14.o"
#        "J:\Ls_Monitor_Lower\Ls_Monitor_Lower_SW\EW-ARM(v8x)\Flash\Obj\lv_font_montserrat_16.o"
#        "J:\Ls_Monitor_Lower\Ls_Monitor_Lower_SW\EW-ARM(v8x)\Flash\Obj\lv_font_montserrat_24.o"
#        "J:\Ls_Monitor_Lower\Ls_Monitor_Lower_SW\EW-ARM(v8x)\Flash\Obj\lv_font_montserrat_8.o"
#        "J:\Ls_Monitor_Lower\Ls_Monitor_Lower_SW\EW-ARM(v8x)\Flash\Obj\lv_font_simsun_16_cjk.o"
#        "J:\Ls_Monitor_Lower\Ls_Monitor_Lower_SW\EW-ARM(v8x)\Flash\Obj\lv_font_unscii_16.o"
#        "J:\Ls_Monitor_Lower\Ls_Monitor_Lower_SW\EW-ARM(v8x)\Flash\Obj\lv_font_unscii_8.o"
#        "J:\Ls_Monitor_Lower\Ls_Monitor_Lower_SW\EW-ARM(v8x)\Flash\Obj\lv_fragment.o"
#        "J:\Ls_Monitor_Lower\Ls_Monitor_Lower_SW\EW-ARM(v8x)\Flash\Obj\lv_fragment_manager.o"
#        "J:\Ls_Monitor_Lower\Ls_Monitor_Lower_SW\EW-ARM(v8x)\Flash\Obj\lv_fs.o"
#        "J:\Ls_Monitor_Lower\Ls_Monitor_Lower_SW\EW-ARM(v8x)\Flash\Obj\lv_fs_fatfs.o"
#        "J:\Ls_Monitor_Lower\Ls_Monitor_Lower_SW\EW-ARM(v8x)\Flash\Obj\lv_gc.o"
#        "J:\Ls_Monitor_Lower\Ls_Monitor_Lower_SW\EW-ARM(v8x)\Flash\Obj\lv_grid.o"
#        "J:\Ls_Monitor_Lower\Ls_Monitor_Lower_SW\EW-ARM(v8x)\Flash\Obj\lv_gridnav.o"
#        "J:\Ls_Monitor_Lower\Ls_Monitor_Lower_SW\EW-ARM(v8x)\Flash\Obj\lv_group.o"
#        "J:\Ls_Monitor_Lower\Ls_Monitor_Lower_SW\EW-ARM(v8x)\Flash\Obj\lv_hal_disp.o"
#        "J:\Ls_Monitor_Lower\Ls_Monitor_Lower_SW\EW-ARM(v8x)\Flash\Obj\lv_hal_indev.o"
#        "J:\Ls_Monitor_Lower\Ls_Monitor_Lower_SW\EW-ARM(v8x)\Flash\Obj\lv_hal_tick.o"
#        "J:\Ls_Monitor_Lower\Ls_Monitor_Lower_SW\EW-ARM(v8x)\Flash\Obj\lv_ime_pinyin.o"
#        "J:\Ls_Monitor_Lower\Ls_Monitor_Lower_SW\EW-ARM(v8x)\Flash\Obj\lv_img.o"
#        "J:\Ls_Monitor_Lower\Ls_Monitor_Lower_SW\EW-ARM(v8x)\Flash\Obj\lv_img_buf.o"
#        "J:\Ls_Monitor_Lower\Ls_Monitor_Lower_SW\EW-ARM(v8x)\Flash\Obj\lv_img_cache.o"
#        "J:\Ls_Monitor_Lower\Ls_Monitor_Lower_SW\EW-ARM(v8x)\Flash\Obj\lv_img_decoder.o"
#        "J:\Ls_Monitor_Lower\Ls_Monitor_Lower_SW\EW-ARM(v8x)\Flash\Obj\lv_imgbtn.o"
#        "J:\Ls_Monitor_Lower\Ls_Monitor_Lower_SW\EW-ARM(v8x)\Flash\Obj\lv_imgfont.o"
#        "J:\Ls_Monitor_Lower\Ls_Monitor_Lower_SW\EW-ARM(v8x)\Flash\Obj\lv_indev.o"
#        "J:\Ls_Monitor_Lower\Ls_Monitor_Lower_SW\EW-ARM(v8x)\Flash\Obj\lv_indev_scroll.o"
#        "J:\Ls_Monitor_Lower\Ls_Monitor_Lower_SW\EW-ARM(v8x)\Flash\Obj\lv_keyboard.o"
#        "J:\Ls_Monitor_Lower\Ls_Monitor_Lower_SW\EW-ARM(v8x)\Flash\Obj\lv_label.o"
#        "J:\Ls_Monitor_Lower\Ls_Monitor_Lower_SW\EW-ARM(v8x)\Flash\Obj\lv_led.o"
#        "J:\Ls_Monitor_Lower\Ls_Monitor_Lower_SW\EW-ARM(v8x)\Flash\Obj\lv_line.o"
#        "J:\Ls_Monitor_Lower\Ls_Monitor_Lower_SW\EW-ARM(v8x)\Flash\Obj\lv_list.o"
#        "J:\Ls_Monitor_Lower\Ls_Monitor_Lower_SW\EW-ARM(v8x)\Flash\Obj\lv_ll.o"
#        "J:\Ls_Monitor_Lower\Ls_Monitor_Lower_SW\EW-ARM(v8x)\Flash\Obj\lv_log.o"
#        "J:\Ls_Monitor_Lower\Ls_Monitor_Lower_SW\EW-ARM(v8x)\Flash\Obj\lv_lru.o"
#        "J:\Ls_Monitor_Lower\Ls_Monitor_Lower_SW\EW-ARM(v8x)\Flash\Obj\lv_math.o"
#        "J:\Ls_Monitor_Lower\Ls_Monitor_Lower_SW\EW-ARM(v8x)\Flash\Obj\lv_mem.o"
#        "J:\Ls_Monitor_Lower\Ls_Monitor_Lower_SW\EW-ARM(v8x)\Flash\Obj\lv_menu.o"
#        "J:\Ls_Monitor_Lower\Ls_Monitor_Lower_SW\EW-ARM(v8x)\Flash\Obj\lv_meter.o"
#        "J:\Ls_Monitor_Lower\Ls_Monitor_Lower_SW\EW-ARM(v8x)\Flash\Obj\lv_monkey.o"
#        "J:\Ls_Monitor_Lower\Ls_Monitor_Lower_SW\EW-ARM(v8x)\Flash\Obj\lv_msg.o"
#        "J:\Ls_Monitor_Lower\Ls_Monitor_Lower_SW\EW-ARM(v8x)\Flash\Obj\lv_msgbox.o"
#        "J:\Ls_Monitor_Lower\Ls_Monitor_Lower_SW\EW-ARM(v8x)\Flash\Obj\lv_obj.o"
#        "J:\Ls_Monitor_Lower\Ls_Monitor_Lower_SW\EW-ARM(v8x)\Flash\Obj\lv_obj_class.o"
#        "J:\Ls_Monitor_Lower\Ls_Monitor_Lower_SW\EW-ARM(v8x)\Flash\Obj\lv_obj_draw.o"
#        "J:\Ls_Monitor_Lower\Ls_Monitor_Lower_SW\EW-ARM(v8x)\Flash\Obj\lv_obj_pos.o"
#        "J:\Ls_Monitor_Lower\Ls_Monitor_Lower_SW\EW-ARM(v8x)\Flash\Obj\lv_obj_scroll.o"
#        "J:\Ls_Monitor_Lower\Ls_Monitor_Lower_SW\EW-ARM(v8x)\Flash\Obj\lv_obj_style.o"
#        "J:\Ls_Monitor_Lower\Ls_Monitor_Lower_SW\EW-ARM(v8x)\Flash\Obj\lv_obj_style_gen.o"
#        "J:\Ls_Monitor_Lower\Ls_Monitor_Lower_SW\EW-ARM(v8x)\Flash\Obj\lv_obj_tree.o"
#        "J:\Ls_Monitor_Lower\Ls_Monitor_Lower_SW\EW-ARM(v8x)\Flash\Obj\lv_objx_templ.o"
#        "J:\Ls_Monitor_Lower\Ls_Monitor_Lower_SW\EW-ARM(v8x)\Flash\Obj\lv_port_disp_template.o"
#        "J:\Ls_Monitor_Lower\Ls_Monitor_Lower_SW\EW-ARM(v8x)\Flash\Obj\lv_port_indev_template.o"
#        "J:\Ls_Monitor_Lower\Ls_Monitor_Lower_SW\EW-ARM(v8x)\Flash\Obj\lv_printf.o"
#        "J:\Ls_Monitor_Lower\Ls_Monitor_Lower_SW\EW-ARM(v8x)\Flash\Obj\lv_refr.o"
#        "J:\Ls_Monitor_Lower\Ls_Monitor_Lower_SW\EW-ARM(v8x)\Flash\Obj\lv_roller.o"
#        "J:\Ls_Monitor_Lower\Ls_Monitor_Lower_SW\EW-ARM(v8x)\Flash\Obj\lv_slider.o"
#        "J:\Ls_Monitor_Lower\Ls_Monitor_Lower_SW\EW-ARM(v8x)\Flash\Obj\lv_snapshot.o"
#        "J:\Ls_Monitor_Lower\Ls_Monitor_Lower_SW\EW-ARM(v8x)\Flash\Obj\lv_span.o"
#        "J:\Ls_Monitor_Lower\Ls_Monitor_Lower_SW\EW-ARM(v8x)\Flash\Obj\lv_spinbox.o"
#        "J:\Ls_Monitor_Lower\Ls_Monitor_Lower_SW\EW-ARM(v8x)\Flash\Obj\lv_spinner.o"
#        "J:\Ls_Monitor_Lower\Ls_Monitor_Lower_SW\EW-ARM(v8x)\Flash\Obj\lv_style.o"
#        "J:\Ls_Monitor_Lower\Ls_Monitor_Lower_SW\EW-ARM(v8x)\Flash\Obj\lv_style_gen.o"
#        "J:\Ls_Monitor_Lower\Ls_Monitor_Lower_SW\EW-ARM(v8x)\Flash\Obj\lv_switch.o"
#        "J:\Ls_Monitor_Lower\Ls_Monitor_Lower_SW\EW-ARM(v8x)\Flash\Obj\lv_table.o"
#        "J:\Ls_Monitor_Lower\Ls_Monitor_Lower_SW\EW-ARM(v8x)\Flash\Obj\lv_tabview.o"
#        "J:\Ls_Monitor_Lower\Ls_Monitor_Lower_SW\EW-ARM(v8x)\Flash\Obj\lv_templ.o"
#        "J:\Ls_Monitor_Lower\Ls_Monitor_Lower_SW\EW-ARM(v8x)\Flash\Obj\lv_textarea.o"
#        "J:\Ls_Monitor_Lower\Ls_Monitor_Lower_SW\EW-ARM(v8x)\Flash\Obj\lv_theme.o"
#        "J:\Ls_Monitor_Lower\Ls_Monitor_Lower_SW\EW-ARM(v8x)\Flash\Obj\lv_theme_basic.o"
#        "J:\Ls_Monitor_Lower\Ls_Monitor_Lower_SW\EW-ARM(v8x)\Flash\Obj\lv_theme_default.o"
#        "J:\Ls_Monitor_Lower\Ls_Monitor_Lower_SW\EW-ARM(v8x)\Flash\Obj\lv_theme_mono.o"
#        "J:\Ls_Monitor_Lower\Ls_Monitor_Lower_SW\EW-ARM(v8x)\Flash\Obj\lv_tileview.o"
#        "J:\Ls_Monitor_Lower\Ls_Monitor_Lower_SW\EW-ARM(v8x)\Flash\Obj\lv_timer.o"
#        "J:\Ls_Monitor_Lower\Ls_Monitor_Lower_SW\EW-ARM(v8x)\Flash\Obj\lv_tlsf.o"
#        "J:\Ls_Monitor_Lower\Ls_Monitor_Lower_SW\EW-ARM(v8x)\Flash\Obj\lv_txt.o"
#        "J:\Ls_Monitor_Lower\Ls_Monitor_Lower_SW\EW-ARM(v8x)\Flash\Obj\lv_txt_ap.o"
#        "J:\Ls_Monitor_Lower\Ls_Monitor_Lower_SW\EW-ARM(v8x)\Flash\Obj\lv_utils.o"
#        "J:\Ls_Monitor_Lower\Ls_Monitor_Lower_SW\EW-ARM(v8x)\Flash\Obj\lv_win.o"
#        "J:\Ls_Monitor_Lower\Ls_Monitor_Lower_SW\EW-ARM(v8x)\Flash\Obj\main.o"
#        "J:\Ls_Monitor_Lower\Ls_Monitor_Lower_SW\EW-ARM(v8x)\Flash\Obj\motor_control_ui.o"
#        "J:\Ls_Monitor_Lower\Ls_Monitor_Lower_SW\EW-ARM(v8x)\Flash\Obj\msg_task.o"
#        "J:\Ls_Monitor_Lower\Ls_Monitor_Lower_SW\EW-ARM(v8x)\Flash\Obj\myFont20.o"
#        "J:\Ls_Monitor_Lower\Ls_Monitor_Lower_SW\EW-ARM(v8x)\Flash\Obj\myFont36.o"
#        "J:\Ls_Monitor_Lower\Ls_Monitor_Lower_SW\EW-ARM(v8x)\Flash\Obj\sd_diskio_dma.o"
#        "J:\Ls_Monitor_Lower\Ls_Monitor_Lower_SW\EW-ARM(v8x)\Flash\Obj\SEGGER_HardFaultHandler.o"
#        "J:\Ls_Monitor_Lower\Ls_Monitor_Lower_SW\EW-ARM(v8x)\Flash\Obj\set_up.o"
#        "J:\Ls_Monitor_Lower\Ls_Monitor_Lower_SW\EW-ARM(v8x)\Flash\Obj\startup_stm32f407xx.o"
#        "J:\Ls_Monitor_Lower\Ls_Monitor_Lower_SW\EW-ARM(v8x)\Flash\Obj\statistic_task.o"
#        "J:\Ls_Monitor_Lower\Ls_Monitor_Lower_SW\EW-ARM(v8x)\Flash\Obj\stm32f4xx_hal.o"
#        "J:\Ls_Monitor_Lower\Ls_Monitor_Lower_SW\EW-ARM(v8x)\Flash\Obj\stm32f4xx_hal_can.o"
#        "J:\Ls_Monitor_Lower\Ls_Monitor_Lower_SW\EW-ARM(v8x)\Flash\Obj\stm32f4xx_hal_cortex.o"
#        "J:\Ls_Monitor_Lower\Ls_Monitor_Lower_SW\EW-ARM(v8x)\Flash\Obj\stm32f4xx_hal_crc.o"
#        "J:\Ls_Monitor_Lower\Ls_Monitor_Lower_SW\EW-ARM(v8x)\Flash\Obj\stm32f4xx_hal_dma.o"
#        "J:\Ls_Monitor_Lower\Ls_Monitor_Lower_SW\EW-ARM(v8x)\Flash\Obj\stm32f4xx_hal_dma_ex.o"
#        "J:\Ls_Monitor_Lower\Ls_Monitor_Lower_SW\EW-ARM(v8x)\Flash\Obj\stm32f4xx_hal_eth.o"
#        "J:\Ls_Monitor_Lower\Ls_Monitor_Lower_SW\EW-ARM(v8x)\Flash\Obj\stm32f4xx_hal_gpio.o"
#        "J:\Ls_Monitor_Lower\Ls_Monitor_Lower_SW\EW-ARM(v8x)\Flash\Obj\stm32f4xx_hal_i2c.o"
#        "J:\Ls_Monitor_Lower\Ls_Monitor_Lower_SW\EW-ARM(v8x)\Flash\Obj\stm32f4xx_hal_i2c_ex.o"
#        "J:\Ls_Monitor_Lower\Ls_Monitor_Lower_SW\EW-ARM(v8x)\Flash\Obj\stm32f4xx_hal_iwdg.o"
#        "J:\Ls_Monitor_Lower\Ls_Monitor_Lower_SW\EW-ARM(v8x)\Flash\Obj\stm32f4xx_hal_msp.o"
#        "J:\Ls_Monitor_Lower\Ls_Monitor_Lower_SW\EW-ARM(v8x)\Flash\Obj\stm32f4xx_hal_pwr.o"
#        "J:\Ls_Monitor_Lower\Ls_Monitor_Lower_SW\EW-ARM(v8x)\Flash\Obj\stm32f4xx_hal_pwr_ex.o"
#        "J:\Ls_Monitor_Lower\Ls_Monitor_Lower_SW\EW-ARM(v8x)\Flash\Obj\stm32f4xx_hal_rcc.o"
#        "J:\Ls_Monitor_Lower\Ls_Monitor_Lower_SW\EW-ARM(v8x)\Flash\Obj\stm32f4xx_hal_rcc_ex.o"
#        "J:\Ls_Monitor_Lower\Ls_Monitor_Lower_SW\EW-ARM(v8x)\Flash\Obj\stm32f4xx_hal_sd.o"
#        "J:\Ls_Monitor_Lower\Ls_Monitor_Lower_SW\EW-ARM(v8x)\Flash\Obj\stm32f4xx_hal_spi.o"
#        "J:\Ls_Monitor_Lower\Ls_Monitor_Lower_SW\EW-ARM(v8x)\Flash\Obj\stm32f4xx_hal_sram.o"
#        "J:\Ls_Monitor_Lower\Ls_Monitor_Lower_SW\EW-ARM(v8x)\Flash\Obj\stm32f4xx_hal_tim.o"
#        "J:\Ls_Monitor_Lower\Ls_Monitor_Lower_SW\EW-ARM(v8x)\Flash\Obj\stm32f4xx_hal_tim_ex.o"
#        "J:\Ls_Monitor_Lower\Ls_Monitor_Lower_SW\EW-ARM(v8x)\Flash\Obj\stm32f4xx_hal_uart.o"
#        "J:\Ls_Monitor_Lower\Ls_Monitor_Lower_SW\EW-ARM(v8x)\Flash\Obj\stm32f4xx_it.o"
#        "J:\Ls_Monitor_Lower\Ls_Monitor_Lower_SW\EW-ARM(v8x)\Flash\Obj\stm32f4xx_ll_fsmc.o"
#        "J:\Ls_Monitor_Lower\Ls_Monitor_Lower_SW\EW-ARM(v8x)\Flash\Obj\stm32f4xx_ll_sdmmc.o"
#        "J:\Ls_Monitor_Lower\Ls_Monitor_Lower_SW\EW-ARM(v8x)\Flash\Obj\sys.o"
#        "J:\Ls_Monitor_Lower\Ls_Monitor_Lower_SW\EW-ARM(v8x)\Flash\Obj\syscall.o"
#        "J:\Ls_Monitor_Lower\Ls_Monitor_Lower_SW\EW-ARM(v8x)\Flash\Obj\system_stm32f4xx.o"
#        "J:\Ls_Monitor_Lower\Ls_Monitor_Lower_SW\EW-ARM(v8x)\Flash\Obj\system_task_create.o"
#        "J:\Ls_Monitor_Lower\Ls_Monitor_Lower_SW\EW-ARM(v8x)\Flash\Obj\ticktim.o"
#        "J:\Ls_Monitor_Lower\Ls_Monitor_Lower_SW\EW-ARM(v8x)\Flash\Obj\tx_block_allocate.o"
#        "J:\Ls_Monitor_Lower\Ls_Monitor_Lower_SW\EW-ARM(v8x)\Flash\Obj\tx_block_pool_cleanup.o"
#        "J:\Ls_Monitor_Lower\Ls_Monitor_Lower_SW\EW-ARM(v8x)\Flash\Obj\tx_block_pool_create.o"
#        "J:\Ls_Monitor_Lower\Ls_Monitor_Lower_SW\EW-ARM(v8x)\Flash\Obj\tx_block_pool_delete.o"
#        "J:\Ls_Monitor_Lower\Ls_Monitor_Lower_SW\EW-ARM(v8x)\Flash\Obj\tx_block_pool_info_get.o"
#        "J:\Ls_Monitor_Lower\Ls_Monitor_Lower_SW\EW-ARM(v8x)\Flash\Obj\tx_block_pool_initialize.o"
#        "J:\Ls_Monitor_Lower\Ls_Monitor_Lower_SW\EW-ARM(v8x)\Flash\Obj\tx_block_pool_performance_info_get.o"
#        "J:\Ls_Monitor_Lower\Ls_Monitor_Lower_SW\EW-ARM(v8x)\Flash\Obj\tx_block_pool_performance_system_info_get.o"
#        "J:\Ls_Monitor_Lower\Ls_Monitor_Lower_SW\EW-ARM(v8x)\Flash\Obj\tx_block_pool_prioritize.o"
#        "J:\Ls_Monitor_Lower\Ls_Monitor_Lower_SW\EW-ARM(v8x)\Flash\Obj\tx_block_release.o"
#        "J:\Ls_Monitor_Lower\Ls_Monitor_Lower_SW\EW-ARM(v8x)\Flash\Obj\tx_byte_allocate.o"
#        "J:\Ls_Monitor_Lower\Ls_Monitor_Lower_SW\EW-ARM(v8x)\Flash\Obj\tx_byte_pool_cleanup.o"
#        "J:\Ls_Monitor_Lower\Ls_Monitor_Lower_SW\EW-ARM(v8x)\Flash\Obj\tx_byte_pool_create.o"
#        "J:\Ls_Monitor_Lower\Ls_Monitor_Lower_SW\EW-ARM(v8x)\Flash\Obj\tx_byte_pool_delete.o"
#        "J:\Ls_Monitor_Lower\Ls_Monitor_Lower_SW\EW-ARM(v8x)\Flash\Obj\tx_byte_pool_info_get.o"
#        "J:\Ls_Monitor_Lower\Ls_Monitor_Lower_SW\EW-ARM(v8x)\Flash\Obj\tx_byte_pool_initialize.o"
#        "J:\Ls_Monitor_Lower\Ls_Monitor_Lower_SW\EW-ARM(v8x)\Flash\Obj\tx_byte_pool_performance_info_get.o"
#        "J:\Ls_Monitor_Lower\Ls_Monitor_Lower_SW\EW-ARM(v8x)\Flash\Obj\tx_byte_pool_performance_system_info_get.o"
#        "J:\Ls_Monitor_Lower\Ls_Monitor_Lower_SW\EW-ARM(v8x)\Flash\Obj\tx_byte_pool_prioritize.o"
#        "J:\Ls_Monitor_Lower\Ls_Monitor_Lower_SW\EW-ARM(v8x)\Flash\Obj\tx_byte_pool_search.o"
#        "J:\Ls_Monitor_Lower\Ls_Monitor_Lower_SW\EW-ARM(v8x)\Flash\Obj\tx_byte_release.o"
#        "J:\Ls_Monitor_Lower\Ls_Monitor_Lower_SW\EW-ARM(v8x)\Flash\Obj\tx_event_flags_cleanup.o"
#        "J:\Ls_Monitor_Lower\Ls_Monitor_Lower_SW\EW-ARM(v8x)\Flash\Obj\tx_event_flags_create.o"
#        "J:\Ls_Monitor_Lower\Ls_Monitor_Lower_SW\EW-ARM(v8x)\Flash\Obj\tx_event_flags_delete.o"
#        "J:\Ls_Monitor_Lower\Ls_Monitor_Lower_SW\EW-ARM(v8x)\Flash\Obj\tx_event_flags_get.o"
#        "J:\Ls_Monitor_Lower\Ls_Monitor_Lower_SW\EW-ARM(v8x)\Flash\Obj\tx_event_flags_info_get.o"
#        "J:\Ls_Monitor_Lower\Ls_Monitor_Lower_SW\EW-ARM(v8x)\Flash\Obj\tx_event_flags_initialize.o"
#        "J:\Ls_Monitor_Lower\Ls_Monitor_Lower_SW\EW-ARM(v8x)\Flash\Obj\tx_event_flags_performance_info_get.o"
#        "J:\Ls_Monitor_Lower\Ls_Monitor_Lower_SW\EW-ARM(v8x)\Flash\Obj\tx_event_flags_performance_system_info_get.o"
#        "J:\Ls_Monitor_Lower\Ls_Monitor_Lower_SW\EW-ARM(v8x)\Flash\Obj\tx_event_flags_set.o"
#        "J:\Ls_Monitor_Lower\Ls_Monitor_Lower_SW\EW-ARM(v8x)\Flash\Obj\tx_event_flags_set_notify.o"
#        "J:\Ls_Monitor_Lower\Ls_Monitor_Lower_SW\EW-ARM(v8x)\Flash\Obj\tx_iar.o"
#        "J:\Ls_Monitor_Lower\Ls_Monitor_Lower_SW\EW-ARM(v8x)\Flash\Obj\tx_initialize_high_level.o"
#        "J:\Ls_Monitor_Lower\Ls_Monitor_Lower_SW\EW-ARM(v8x)\Flash\Obj\tx_initialize_kernel_enter.o"
#        "J:\Ls_Monitor_Lower\Ls_Monitor_Lower_SW\EW-ARM(v8x)\Flash\Obj\tx_initialize_kernel_setup.o"
#        "J:\Ls_Monitor_Lower\Ls_Monitor_Lower_SW\EW-ARM(v8x)\Flash\Obj\tx_initialize_low_level.o"
#        "J:\Ls_Monitor_Lower\Ls_Monitor_Lower_SW\EW-ARM(v8x)\Flash\Obj\tx_misra.o"
#        "J:\Ls_Monitor_Lower\Ls_Monitor_Lower_SW\EW-ARM(v8x)\Flash\Obj\tx_mutex_cleanup.o"
#        "J:\Ls_Monitor_Lower\Ls_Monitor_Lower_SW\EW-ARM(v8x)\Flash\Obj\tx_mutex_create.o"
#        "J:\Ls_Monitor_Lower\Ls_Monitor_Lower_SW\EW-ARM(v8x)\Flash\Obj\tx_mutex_delete.o"
#        "J:\Ls_Monitor_Lower\Ls_Monitor_Lower_SW\EW-ARM(v8x)\Flash\Obj\tx_mutex_get.o"
#        "J:\Ls_Monitor_Lower\Ls_Monitor_Lower_SW\EW-ARM(v8x)\Flash\Obj\tx_mutex_info_get.o"
#        "J:\Ls_Monitor_Lower\Ls_Monitor_Lower_SW\EW-ARM(v8x)\Flash\Obj\tx_mutex_initialize.o"
#        "J:\Ls_Monitor_Lower\Ls_Monitor_Lower_SW\EW-ARM(v8x)\Flash\Obj\tx_mutex_performance_info_get.o"
#        "J:\Ls_Monitor_Lower\Ls_Monitor_Lower_SW\EW-ARM(v8x)\Flash\Obj\tx_mutex_performance_system_info_get.o"
#        "J:\Ls_Monitor_Lower\Ls_Monitor_Lower_SW\EW-ARM(v8x)\Flash\Obj\tx_mutex_prioritize.o"
#        "J:\Ls_Monitor_Lower\Ls_Monitor_Lower_SW\EW-ARM(v8x)\Flash\Obj\tx_mutex_priority_change.o"
#        "J:\Ls_Monitor_Lower\Ls_Monitor_Lower_SW\EW-ARM(v8x)\Flash\Obj\tx_mutex_put.o"
#        "J:\Ls_Monitor_Lower\Ls_Monitor_Lower_SW\EW-ARM(v8x)\Flash\Obj\tx_queue_cleanup.o"
#        "J:\Ls_Monitor_Lower\Ls_Monitor_Lower_SW\EW-ARM(v8x)\Flash\Obj\tx_queue_create.o"
#        "J:\Ls_Monitor_Lower\Ls_Monitor_Lower_SW\EW-ARM(v8x)\Flash\Obj\tx_queue_delete.o"
#        "J:\Ls_Monitor_Lower\Ls_Monitor_Lower_SW\EW-ARM(v8x)\Flash\Obj\tx_queue_flush.o"
#        "J:\Ls_Monitor_Lower\Ls_Monitor_Lower_SW\EW-ARM(v8x)\Flash\Obj\tx_queue_front_send.o"
#        "J:\Ls_Monitor_Lower\Ls_Monitor_Lower_SW\EW-ARM(v8x)\Flash\Obj\tx_queue_info_get.o"
#        "J:\Ls_Monitor_Lower\Ls_Monitor_Lower_SW\EW-ARM(v8x)\Flash\Obj\tx_queue_initialize.o"
#        "J:\Ls_Monitor_Lower\Ls_Monitor_Lower_SW\EW-ARM(v8x)\Flash\Obj\tx_queue_performance_info_get.o"
#        "J:\Ls_Monitor_Lower\Ls_Monitor_Lower_SW\EW-ARM(v8x)\Flash\Obj\tx_queue_performance_system_info_get.o"
#        "J:\Ls_Monitor_Lower\Ls_Monitor_Lower_SW\EW-ARM(v8x)\Flash\Obj\tx_queue_prioritize.o"
#        "J:\Ls_Monitor_Lower\Ls_Monitor_Lower_SW\EW-ARM(v8x)\Flash\Obj\tx_queue_receive.o"
#        "J:\Ls_Monitor_Lower\Ls_Monitor_Lower_SW\EW-ARM(v8x)\Flash\Obj\tx_queue_send.o"
#        "J:\Ls_Monitor_Lower\Ls_Monitor_Lower_SW\EW-ARM(v8x)\Flash\Obj\tx_queue_send_notify.o"
#        "J:\Ls_Monitor_Lower\Ls_Monitor_Lower_SW\EW-ARM(v8x)\Flash\Obj\tx_semaphore_ceiling_put.o"
#        "J:\Ls_Monitor_Lower\Ls_Monitor_Lower_SW\EW-ARM(v8x)\Flash\Obj\tx_semaphore_cleanup.o"
#        "J:\Ls_Monitor_Lower\Ls_Monitor_Lower_SW\EW-ARM(v8x)\Flash\Obj\tx_semaphore_create.o"
#        "J:\Ls_Monitor_Lower\Ls_Monitor_Lower_SW\EW-ARM(v8x)\Flash\Obj\tx_semaphore_delete.o"
#        "J:\Ls_Monitor_Lower\Ls_Monitor_Lower_SW\EW-ARM(v8x)\Flash\Obj\tx_semaphore_get.o"
#        "J:\Ls_Monitor_Lower\Ls_Monitor_Lower_SW\EW-ARM(v8x)\Flash\Obj\tx_semaphore_info_get.o"
#        "J:\Ls_Monitor_Lower\Ls_Monitor_Lower_SW\EW-ARM(v8x)\Flash\Obj\tx_semaphore_initialize.o"
#        "J:\Ls_Monitor_Lower\Ls_Monitor_Lower_SW\EW-ARM(v8x)\Flash\Obj\tx_semaphore_performance_info_get.o"
#        "J:\Ls_Monitor_Lower\Ls_Monitor_Lower_SW\EW-ARM(v8x)\Flash\Obj\tx_semaphore_performance_system_info_get.o"
#        "J:\Ls_Monitor_Lower\Ls_Monitor_Lower_SW\EW-ARM(v8x)\Flash\Obj\tx_semaphore_prioritize.o"
#        "J:\Ls_Monitor_Lower\Ls_Monitor_Lower_SW\EW-ARM(v8x)\Flash\Obj\tx_semaphore_put.o"
#        "J:\Ls_Monitor_Lower\Ls_Monitor_Lower_SW\EW-ARM(v8x)\Flash\Obj\tx_semaphore_put_notify.o"
#        "J:\Ls_Monitor_Lower\Ls_Monitor_Lower_SW\EW-ARM(v8x)\Flash\Obj\tx_thread_context_restore.o"
#        "J:\Ls_Monitor_Lower\Ls_Monitor_Lower_SW\EW-ARM(v8x)\Flash\Obj\tx_thread_context_save.o"
#        "J:\Ls_Monitor_Lower\Ls_Monitor_Lower_SW\EW-ARM(v8x)\Flash\Obj\tx_thread_create.o"
#        "J:\Ls_Monitor_Lower\Ls_Monitor_Lower_SW\EW-ARM(v8x)\Flash\Obj\tx_thread_delete.o"
#        "J:\Ls_Monitor_Lower\Ls_Monitor_Lower_SW\EW-ARM(v8x)\Flash\Obj\tx_thread_entry_exit_notify.o"
#        "J:\Ls_Monitor_Lower\Ls_Monitor_Lower_SW\EW-ARM(v8x)\Flash\Obj\tx_thread_identify.o"
#        "J:\Ls_Monitor_Lower\Ls_Monitor_Lower_SW\EW-ARM(v8x)\Flash\Obj\tx_thread_info_get.o"
#        "J:\Ls_Monitor_Lower\Ls_Monitor_Lower_SW\EW-ARM(v8x)\Flash\Obj\tx_thread_initialize.o"
#        "J:\Ls_Monitor_Lower\Ls_Monitor_Lower_SW\EW-ARM(v8x)\Flash\Obj\tx_thread_interrupt_control.o"
#        "J:\Ls_Monitor_Lower\Ls_Monitor_Lower_SW\EW-ARM(v8x)\Flash\Obj\tx_thread_interrupt_disable.o"
#        "J:\Ls_Monitor_Lower\Ls_Monitor_Lower_SW\EW-ARM(v8x)\Flash\Obj\tx_thread_interrupt_restore.o"
#        "J:\Ls_Monitor_Lower\Ls_Monitor_Lower_SW\EW-ARM(v8x)\Flash\Obj\tx_thread_performance_info_get.o"
#        "J:\Ls_Monitor_Lower\Ls_Monitor_Lower_SW\EW-ARM(v8x)\Flash\Obj\tx_thread_performance_system_info_get.o"
#        "J:\Ls_Monitor_Lower\Ls_Monitor_Lower_SW\EW-ARM(v8x)\Flash\Obj\tx_thread_preemption_change.o"
#        "J:\Ls_Monitor_Lower\Ls_Monitor_Lower_SW\EW-ARM(v8x)\Flash\Obj\tx_thread_priority_change.o"
#        "J:\Ls_Monitor_Lower\Ls_Monitor_Lower_SW\EW-ARM(v8x)\Flash\Obj\tx_thread_relinquish.o"
#        "J:\Ls_Monitor_Lower\Ls_Monitor_Lower_SW\EW-ARM(v8x)\Flash\Obj\tx_thread_reset.o"
#        "J:\Ls_Monitor_Lower\Ls_Monitor_Lower_SW\EW-ARM(v8x)\Flash\Obj\tx_thread_resume.o"
#        "J:\Ls_Monitor_Lower\Ls_Monitor_Lower_SW\EW-ARM(v8x)\Flash\Obj\tx_thread_schedule.o"
#        "J:\Ls_Monitor_Lower\Ls_Monitor_Lower_SW\EW-ARM(v8x)\Flash\Obj\tx_thread_shell_entry.o"
#        "J:\Ls_Monitor_Lower\Ls_Monitor_Lower_SW\EW-ARM(v8x)\Flash\Obj\tx_thread_sleep.o"
#        "J:\Ls_Monitor_Lower\Ls_Monitor_Lower_SW\EW-ARM(v8x)\Flash\Obj\tx_thread_stack_analyze.o"
#        "J:\Ls_Monitor_Lower\Ls_Monitor_Lower_SW\EW-ARM(v8x)\Flash\Obj\tx_thread_stack_build.o"
#        "J:\Ls_Monitor_Lower\Ls_Monitor_Lower_SW\EW-ARM(v8x)\Flash\Obj\tx_thread_stack_error_handler.o"
#        "J:\Ls_Monitor_Lower\Ls_Monitor_Lower_SW\EW-ARM(v8x)\Flash\Obj\tx_thread_stack_error_notify.o"
#        "J:\Ls_Monitor_Lower\Ls_Monitor_Lower_SW\EW-ARM(v8x)\Flash\Obj\tx_thread_suspend.o"
#        "J:\Ls_Monitor_Lower\Ls_Monitor_Lower_SW\EW-ARM(v8x)\Flash\Obj\tx_thread_system_preempt_check.o"
#        "J:\Ls_Monitor_Lower\Ls_Monitor_Lower_SW\EW-ARM(v8x)\Flash\Obj\tx_thread_system_resume.o"
#        "J:\Ls_Monitor_Lower\Ls_Monitor_Lower_SW\EW-ARM(v8x)\Flash\Obj\tx_thread_system_return.o"
#        "J:\Ls_Monitor_Lower\Ls_Monitor_Lower_SW\EW-ARM(v8x)\Flash\Obj\tx_thread_system_suspend.o"
#        "J:\Ls_Monitor_Lower\Ls_Monitor_Lower_SW\EW-ARM(v8x)\Flash\Obj\tx_thread_terminate.o"
#        "J:\Ls_Monitor_Lower\Ls_Monitor_Lower_SW\EW-ARM(v8x)\Flash\Obj\tx_thread_time_slice.o"
#        "J:\Ls_Monitor_Lower\Ls_Monitor_Lower_SW\EW-ARM(v8x)\Flash\Obj\tx_thread_time_slice_change.o"
#        "J:\Ls_Monitor_Lower\Ls_Monitor_Lower_SW\EW-ARM(v8x)\Flash\Obj\tx_thread_timeout.o"
#        "J:\Ls_Monitor_Lower\Ls_Monitor_Lower_SW\EW-ARM(v8x)\Flash\Obj\tx_thread_wait_abort.o"
#        "J:\Ls_Monitor_Lower\Ls_Monitor_Lower_SW\EW-ARM(v8x)\Flash\Obj\tx_time_get.o"
#        "J:\Ls_Monitor_Lower\Ls_Monitor_Lower_SW\EW-ARM(v8x)\Flash\Obj\tx_time_set.o"
#        "J:\Ls_Monitor_Lower\Ls_Monitor_Lower_SW\EW-ARM(v8x)\Flash\Obj\tx_timer_activate.o"
#        "J:\Ls_Monitor_Lower\Ls_Monitor_Lower_SW\EW-ARM(v8x)\Flash\Obj\tx_timer_change.o"
#        "J:\Ls_Monitor_Lower\Ls_Monitor_Lower_SW\EW-ARM(v8x)\Flash\Obj\tx_timer_create.o"
#        "J:\Ls_Monitor_Lower\Ls_Monitor_Lower_SW\EW-ARM(v8x)\Flash\Obj\tx_timer_deactivate.o"
#        "J:\Ls_Monitor_Lower\Ls_Monitor_Lower_SW\EW-ARM(v8x)\Flash\Obj\tx_timer_delete.o"
#        "J:\Ls_Monitor_Lower\Ls_Monitor_Lower_SW\EW-ARM(v8x)\Flash\Obj\tx_timer_expiration_process.o"
#        "J:\Ls_Monitor_Lower\Ls_Monitor_Lower_SW\EW-ARM(v8x)\Flash\Obj\tx_timer_info_get.o"
#        "J:\Ls_Monitor_Lower\Ls_Monitor_Lower_SW\EW-ARM(v8x)\Flash\Obj\tx_timer_initialize.o"
#        "J:\Ls_Monitor_Lower\Ls_Monitor_Lower_SW\EW-ARM(v8x)\Flash\Obj\tx_timer_interrupt.o"
#        "J:\Ls_Monitor_Lower\Ls_Monitor_Lower_SW\EW-ARM(v8x)\Flash\Obj\tx_timer_performance_info_get.o"
#        "J:\Ls_Monitor_Lower\Ls_Monitor_Lower_SW\EW-ARM(v8x)\Flash\Obj\tx_timer_performance_system_info_get.o"
#        "J:\Ls_Monitor_Lower\Ls_Monitor_Lower_SW\EW-ARM(v8x)\Flash\Obj\tx_timer_system_activate.o"
#        "J:\Ls_Monitor_Lower\Ls_Monitor_Lower_SW\EW-ARM(v8x)\Flash\Obj\tx_timer_system_deactivate.o"
#        "J:\Ls_Monitor_Lower\Ls_Monitor_Lower_SW\EW-ARM(v8x)\Flash\Obj\tx_timer_thread_entry.o"
#        "J:\Ls_Monitor_Lower\Ls_Monitor_Lower_SW\EW-ARM(v8x)\Flash\Obj\tx_trace_buffer_full_notify.o"
#        "J:\Ls_Monitor_Lower\Ls_Monitor_Lower_SW\EW-ARM(v8x)\Flash\Obj\tx_trace_disable.o"
#        "J:\Ls_Monitor_Lower\Ls_Monitor_Lower_SW\EW-ARM(v8x)\Flash\Obj\tx_trace_enable.o"
#        "J:\Ls_Monitor_Lower\Ls_Monitor_Lower_SW\EW-ARM(v8x)\Flash\Obj\tx_trace_event_filter.o"
#        "J:\Ls_Monitor_Lower\Ls_Monitor_Lower_SW\EW-ARM(v8x)\Flash\Obj\tx_trace_event_unfilter.o"
#        "J:\Ls_Monitor_Lower\Ls_Monitor_Lower_SW\EW-ARM(v8x)\Flash\Obj\tx_trace_initialize.o"
#        "J:\Ls_Monitor_Lower\Ls_Monitor_Lower_SW\EW-ARM(v8x)\Flash\Obj\tx_trace_interrupt_control.o"
#        "J:\Ls_Monitor_Lower\Ls_Monitor_Lower_SW\EW-ARM(v8x)\Flash\Obj\tx_trace_isr_enter_insert.o"
#        "J:\Ls_Monitor_Lower\Ls_Monitor_Lower_SW\EW-ARM(v8x)\Flash\Obj\tx_trace_isr_exit_insert.o"
#        "J:\Ls_Monitor_Lower\Ls_Monitor_Lower_SW\EW-ARM(v8x)\Flash\Obj\tx_trace_object_register.o"
#        "J:\Ls_Monitor_Lower\Ls_Monitor_Lower_SW\EW-ARM(v8x)\Flash\Obj\tx_trace_object_unregister.o"
#        "J:\Ls_Monitor_Lower\Ls_Monitor_Lower_SW\EW-ARM(v8x)\Flash\Obj\tx_trace_user_event_insert.o"
#        "J:\Ls_Monitor_Lower\Ls_Monitor_Lower_SW\EW-ARM(v8x)\Flash\Obj\txe_block_allocate.o"
#        "J:\Ls_Monitor_Lower\Ls_Monitor_Lower_SW\EW-ARM(v8x)\Flash\Obj\txe_block_pool_create.o"
#        "J:\Ls_Monitor_Lower\Ls_Monitor_Lower_SW\EW-ARM(v8x)\Flash\Obj\txe_block_pool_delete.o"
#        "J:\Ls_Monitor_Lower\Ls_Monitor_Lower_SW\EW-ARM(v8x)\Flash\Obj\txe_block_pool_info_get.o"
#        "J:\Ls_Monitor_Lower\Ls_Monitor_Lower_SW\EW-ARM(v8x)\Flash\Obj\txe_block_pool_prioritize.o"
#        "J:\Ls_Monitor_Lower\Ls_Monitor_Lower_SW\EW-ARM(v8x)\Flash\Obj\txe_block_release.o"
#        "J:\Ls_Monitor_Lower\Ls_Monitor_Lower_SW\EW-ARM(v8x)\Flash\Obj\txe_byte_allocate.o"
#        "J:\Ls_Monitor_Lower\Ls_Monitor_Lower_SW\EW-ARM(v8x)\Flash\Obj\txe_byte_pool_create.o"
#        "J:\Ls_Monitor_Lower\Ls_Monitor_Lower_SW\EW-ARM(v8x)\Flash\Obj\txe_byte_pool_delete.o"
#        "J:\Ls_Monitor_Lower\Ls_Monitor_Lower_SW\EW-ARM(v8x)\Flash\Obj\txe_byte_pool_info_get.o"
#        "J:\Ls_Monitor_Lower\Ls_Monitor_Lower_SW\EW-ARM(v8x)\Flash\Obj\txe_byte_pool_prioritize.o"
#        "J:\Ls_Monitor_Lower\Ls_Monitor_Lower_SW\EW-ARM(v8x)\Flash\Obj\txe_byte_release.o"
#        "J:\Ls_Monitor_Lower\Ls_Monitor_Lower_SW\EW-ARM(v8x)\Flash\Obj\txe_event_flags_create.o"
#        "J:\Ls_Monitor_Lower\Ls_Monitor_Lower_SW\EW-ARM(v8x)\Flash\Obj\txe_event_flags_delete.o"
#        "J:\Ls_Monitor_Lower\Ls_Monitor_Lower_SW\EW-ARM(v8x)\Flash\Obj\txe_event_flags_get.o"
#        "J:\Ls_Monitor_Lower\Ls_Monitor_Lower_SW\EW-ARM(v8x)\Flash\Obj\txe_event_flags_info_get.o"
#        "J:\Ls_Monitor_Lower\Ls_Monitor_Lower_SW\EW-ARM(v8x)\Flash\Obj\txe_event_flags_set.o"
#        "J:\Ls_Monitor_Lower\Ls_Monitor_Lower_SW\EW-ARM(v8x)\Flash\Obj\txe_event_flags_set_notify.o"
#        "J:\Ls_Monitor_Lower\Ls_Monitor_Lower_SW\EW-ARM(v8x)\Flash\Obj\txe_mutex_create.o"
#        "J:\Ls_Monitor_Lower\Ls_Monitor_Lower_SW\EW-ARM(v8x)\Flash\Obj\txe_mutex_delete.o"
#        "J:\Ls_Monitor_Lower\Ls_Monitor_Lower_SW\EW-ARM(v8x)\Flash\Obj\txe_mutex_get.o"
#        "J:\Ls_Monitor_Lower\Ls_Monitor_Lower_SW\EW-ARM(v8x)\Flash\Obj\txe_mutex_info_get.o"
#        "J:\Ls_Monitor_Lower\Ls_Monitor_Lower_SW\EW-ARM(v8x)\Flash\Obj\txe_mutex_prioritize.o"
#        "J:\Ls_Monitor_Lower\Ls_Monitor_Lower_SW\EW-ARM(v8x)\Flash\Obj\txe_mutex_put.o"
#        "J:\Ls_Monitor_Lower\Ls_Monitor_Lower_SW\EW-ARM(v8x)\Flash\Obj\txe_queue_create.o"
#        "J:\Ls_Monitor_Lower\Ls_Monitor_Lower_SW\EW-ARM(v8x)\Flash\Obj\txe_queue_delete.o"
#        "J:\Ls_Monitor_Lower\Ls_Monitor_Lower_SW\EW-ARM(v8x)\Flash\Obj\txe_queue_flush.o"
#        "J:\Ls_Monitor_Lower\Ls_Monitor_Lower_SW\EW-ARM(v8x)\Flash\Obj\txe_queue_front_send.o"
#        "J:\Ls_Monitor_Lower\Ls_Monitor_Lower_SW\EW-ARM(v8x)\Flash\Obj\txe_queue_info_get.o"
#        "J:\Ls_Monitor_Lower\Ls_Monitor_Lower_SW\EW-ARM(v8x)\Flash\Obj\txe_queue_prioritize.o"
#        "J:\Ls_Monitor_Lower\Ls_Monitor_Lower_SW\EW-ARM(v8x)\Flash\Obj\txe_queue_receive.o"
#        "J:\Ls_Monitor_Lower\Ls_Monitor_Lower_SW\EW-ARM(v8x)\Flash\Obj\txe_queue_send.o"
#        "J:\Ls_Monitor_Lower\Ls_Monitor_Lower_SW\EW-ARM(v8x)\Flash\Obj\txe_queue_send_notify.o"
#        "J:\Ls_Monitor_Lower\Ls_Monitor_Lower_SW\EW-ARM(v8x)\Flash\Obj\txe_semaphore_ceiling_put.o"
#        "J:\Ls_Monitor_Lower\Ls_Monitor_Lower_SW\EW-ARM(v8x)\Flash\Obj\txe_semaphore_create.o"
#        "J:\Ls_Monitor_Lower\Ls_Monitor_Lower_SW\EW-ARM(v8x)\Flash\Obj\txe_semaphore_delete.o"
#        "J:\Ls_Monitor_Lower\Ls_Monitor_Lower_SW\EW-ARM(v8x)\Flash\Obj\txe_semaphore_get.o"
#        "J:\Ls_Monitor_Lower\Ls_Monitor_Lower_SW\EW-ARM(v8x)\Flash\Obj\txe_semaphore_info_get.o"
#        "J:\Ls_Monitor_Lower\Ls_Monitor_Lower_SW\EW-ARM(v8x)\Flash\Obj\txe_semaphore_prioritize.o"
#        "J:\Ls_Monitor_Lower\Ls_Monitor_Lower_SW\EW-ARM(v8x)\Flash\Obj\txe_semaphore_put.o"
#        "J:\Ls_Monitor_Lower\Ls_Monitor_Lower_SW\EW-ARM(v8x)\Flash\Obj\txe_semaphore_put_notify.o"
#        "J:\Ls_Monitor_Lower\Ls_Monitor_Lower_SW\EW-ARM(v8x)\Flash\Obj\txe_thread_create.o"
#        "J:\Ls_Monitor_Lower\Ls_Monitor_Lower_SW\EW-ARM(v8x)\Flash\Obj\txe_thread_delete.o"
#        "J:\Ls_Monitor_Lower\Ls_Monitor_Lower_SW\EW-ARM(v8x)\Flash\Obj\txe_thread_entry_exit_notify.o"
#        "J:\Ls_Monitor_Lower\Ls_Monitor_Lower_SW\EW-ARM(v8x)\Flash\Obj\txe_thread_info_get.o"
#        "J:\Ls_Monitor_Lower\Ls_Monitor_Lower_SW\EW-ARM(v8x)\Flash\Obj\txe_thread_preemption_change.o"
#        "J:\Ls_Monitor_Lower\Ls_Monitor_Lower_SW\EW-ARM(v8x)\Flash\Obj\txe_thread_priority_change.o"
#        "J:\Ls_Monitor_Lower\Ls_Monitor_Lower_SW\EW-ARM(v8x)\Flash\Obj\txe_thread_relinquish.o"
#        "J:\Ls_Monitor_Lower\Ls_Monitor_Lower_SW\EW-ARM(v8x)\Flash\Obj\txe_thread_reset.o"
#        "J:\Ls_Monitor_Lower\Ls_Monitor_Lower_SW\EW-ARM(v8x)\Flash\Obj\txe_thread_resume.o"
#        "J:\Ls_Monitor_Lower\Ls_Monitor_Lower_SW\EW-ARM(v8x)\Flash\Obj\txe_thread_suspend.o"
#        "J:\Ls_Monitor_Lower\Ls_Monitor_Lower_SW\EW-ARM(v8x)\Flash\Obj\txe_thread_terminate.o"
#        "J:\Ls_Monitor_Lower\Ls_Monitor_Lower_SW\EW-ARM(v8x)\Flash\Obj\txe_thread_time_slice_change.o"
#        "J:\Ls_Monitor_Lower\Ls_Monitor_Lower_SW\EW-ARM(v8x)\Flash\Obj\txe_thread_wait_abort.o"
#        "J:\Ls_Monitor_Lower\Ls_Monitor_Lower_SW\EW-ARM(v8x)\Flash\Obj\txe_timer_activate.o"
#        "J:\Ls_Monitor_Lower\Ls_Monitor_Lower_SW\EW-ARM(v8x)\Flash\Obj\txe_timer_change.o"
#        "J:\Ls_Monitor_Lower\Ls_Monitor_Lower_SW\EW-ARM(v8x)\Flash\Obj\txe_timer_create.o"
#        "J:\Ls_Monitor_Lower\Ls_Monitor_Lower_SW\EW-ARM(v8x)\Flash\Obj\txe_timer_deactivate.o"
#        "J:\Ls_Monitor_Lower\Ls_Monitor_Lower_SW\EW-ARM(v8x)\Flash\Obj\txe_timer_delete.o"
#        "J:\Ls_Monitor_Lower\Ls_Monitor_Lower_SW\EW-ARM(v8x)\Flash\Obj\txe_timer_info_get.o"
#        "J:\Ls_Monitor_Lower\Ls_Monitor_Lower_SW\EW-ARM(v8x)\Flash\Obj\vehicle_status.o"
#        --redirect _Printf=_PrintfFullNoMb --redirect _Scanf=_ScanfFullNoMb
#        --no_out_extension -o
#        "J:\Ls_Monitor_Lower\Ls_Monitor_Lower_SW\EW-ARM(v8x)\Flash\Exe\Run_Xian.out"
#        --map
#        "J:\Ls_Monitor_Lower\Ls_Monitor_Lower_SW\EW-ARM(v8x)\Flash\List\Run_Xian.map"
#        --config
#        "J:\Ls_Monitor_Lower\Ls_Monitor_Lower_SW\EW-ARM(v8x)\stm32f407xx_flash.icf"
#        --semihosting --entry __iar_program_start --vfe --text_out locale)
#
###############################################################################

*******************************************************************************
*** RUNTIME MODEL ATTRIBUTES
***

CppFlavor       = *
__Heap_Handler  = DLMalloc
__SystemLibrary = DLib
__dlib_version  = 6


*******************************************************************************
*** HEAP SELECTION
***

The advanced heap was selected because the application calls memory
allocation functions outside of system library functions, and there
are calls to deallocation functions in the application.


*******************************************************************************
*** PLACEMENT SUMMARY
***

"A0":  place at address 0x800'0000 { ro section .intvec };
"P1":  place in [from 0x800'0000 to 0x80f'ffff] { ro };
define block CSTACK with size = 2K, alignment = 8 { };
define block HEAP with size = 1K, alignment = 8 { };
"P2":  place in [from 0x2000'0000 to 0x2001'ffff] {
          rw, block CSTACK, block HEAP };
initialize by copy { rw };

No sections matched the following patterns:

  rw object startup_stm32f407xx.o  in "P3"
  rw section .EXTERN_SRAM          in "P4"


  Section            Kind         Address      Size  Object
  -------            ----         -------      ----  ------
"A0":                                         0x188
  .intvec            ro code   0x800'0000     0x188  startup_stm32f407xx.o [1]
                             - 0x800'0188     0x188

"P1":                                      0x1'23ab
  .rodata            const     0x800'0188    0x2f80  bsp_font.o [1]
  .text              ro code   0x800'3108    0x176c  bsp_lcd.o [1]
  .text              ro code   0x800'4874     0x288  stm32f4xx_hal_gpio.o [1]
  .text              ro code   0x800'4afc      0x5c  stm32f4xx_hal_sram.o [1]
  .text              ro code   0x800'4b58      0xbc  bsp_dwt.o [1]
  .text              ro code   0x800'4c14      0x28  printf.o [2]
  .text              ro code   0x800'4c3c     0x1e0  bsp_spi_ads1256.o [1]
  .text              ro code   0x800'4e1c      0xec  stm32f4xx_ll_fsmc.o [1]
  .text              ro code   0x800'4f08      0xe8  tx_time_get.o [1]
  .text              ro code   0x800'4ff0     0xfc2  xprintffull_nomb.o [2]
  .text              ro code   0x800'5fb2      0x3a  zero_init3.o [4]
  .text              ro code   0x800'5fec      0x16  strchr.o [4]
  .text              ro code   0x800'6002      0x1a  xsnprout.o [2]
  .text              ro code   0x800'601c      0x40  xfail_s.o [2]
  .text              ro code   0x800'605c      0x36  strlen.o [4]
  .rodata            const     0x800'6092       0x2  xlocale_c.o [2]
  .text              ro code   0x800'6094      0x58  memchr.o [4]
  .text              ro code   0x800'60ec      0xa6  ABImemcpy.o [4]
  .rodata            const     0x800'6192       0x1  xlocale_c.o [2]
  .text              ro code   0x800'6194      0x70  frexp.o [3]
  .text              ro code   0x800'6204      0x2e  DblCmpLe.o [3]
  .text              ro code   0x800'6234      0x2e  DblCmpGe.o [3]
  .text              ro code   0x800'6264     0x13a  ldexp.o [3]
  .text              ro code   0x800'63a0      0x3a  DblToS32.o [3]
  .text              ro code   0x800'63dc      0x22  S32ToDbl.o [3]
  .text              ro code   0x800'6400      0xe2  DblSub.o [3]
  .text              ro code   0x800'64e4     0x246  DblDiv.o [3]
  .text              ro code   0x800'672c      0x28  DblToU32.o [3]
  .text              ro code   0x800'6754      0x1a  U32ToDbl.o [3]
  .text              ro code   0x800'6770     0x1a2  DblMul.o [3]
  .text              ro code   0x800'6914       0x8  xlocale_c.o [2]
  .text              ro code   0x800'691c     0x230  I64DivMod.o [4]
  .text              ro code   0x800'6b4c       0x6  abort.o [2]
  .text              ro code   0x800'6b54     0x16a  DblAdd.o [3]
  .text              ro code   0x800'6cc0       0x2  I64DivZer.o [4]
  .text              ro code   0x800'6cc4      0x14  exit.o [5]
  .text              ro code   0x800'6cd8     0xe78  bsp_touch.o [1]
  .text              ro code   0x800'7b50      0x12  strcmp.o [4]
  .text              ro code   0x800'7b64     0x16c  tx_thread_sleep.o [1]
  .text              ro code   0x800'7cd0     0x400  tx_thread_system_suspend.o [1]
  .text              ro code   0x800'80d0      0x24  tx_thread_stack_error_handler.o [1]
  .text              ro code   0x800'80f4      0x8c  tx_thread_stack_analyze.o [1]
  .text              ro code   0x800'8180      0x78  tx_timer_system_activate.o [1]
  .rodata            const     0x800'81f8     0xd5c  bsp_font.o [1]
  .text              ro code   0x800'8f54     0xad2  stm32f4xx_hal_tim.o [1]
  .text              ro code   0x800'9a28     0x170  bsp_rotation.o [1]
  .text              ro code   0x800'9b98       0x2  stm32f4xx_hal_tim.o [1]
  .text              ro code   0x800'9b9a       0x2  stm32f4xx_hal_tim.o [1]
  .text              ro code   0x800'9b9c     0x538  stm32f4xx_hal_dma.o [1]
  .text              ro code   0x800'a0d4       0x2  stm32f4xx_hal_tim.o [1]
  .text              ro code   0x800'a0d6       0x2  stm32f4xx_hal_tim.o [1]
  .text              ro code   0x800'a0d8     0x860  bsp_tim_pwm.o [1]
  .text              ro code   0x800'a938       0x2  stm32f4xx_hal_tim_ex.o [1]
  .text              ro code   0x800'a93a       0x2  stm32f4xx_hal_tim.o [1]
  .text              ro code   0x800'a93c       0x2  stm32f4xx_hal_tim_ex.o [1]
  .text              ro code   0x800'a93e       0x2  stm32f4xx_hal_tim.o [1]
  .text              ro code   0x800'a940       0x2  stm32f4xx_hal_tim.o [1]
  .text              ro code   0x800'a944      0x66  ABImemset.o [4]
  .text              ro code   0x800'a9ac      0x4e  stm32f4xx_hal_tim_ex.o [1]
  .text              ro code   0x800'a9fc     0x104  stm32f4xx_hal_cortex.o [1]
  .text              ro code   0x800'ab00       0x6  ABImemclr4.o [4]
  .text              ro code   0x800'ab08      0x32  ABImemset48.o [4]
  .text              ro code   0x800'ab3c     0x87c  stm32f4xx_hal_can.o [1]
  .text              ro code   0x800'b3b8     0x388  bsp_can_bus.o [1]
  .text              ro code   0x800'b740       0x2  stm32f4xx_hal_can.o [1]
  .text              ro code   0x800'b742       0x2  stm32f4xx_hal_can.o [1]
  .text              ro code   0x800'b744       0x2  stm32f4xx_hal_can.o [1]
  .text              ro code   0x800'b746       0x2  stm32f4xx_hal_can.o [1]
  .text              ro code   0x800'b748       0x2  stm32f4xx_hal_can.o [1]
  .text              ro code   0x800'b74a       0x2  stm32f4xx_hal_can.o [1]
  .text              ro code   0x800'b74c       0x2  stm32f4xx_hal_can.o [1]
  .text              ro code   0x800'b74e       0x2  stm32f4xx_hal_can.o [1]
  .text              ro code   0x800'b750       0x2  stm32f4xx_hal_can.o [1]
  .text              ro code   0x800'b752       0x2  stm32f4xx_hal_can.o [1]
  .text              ro code   0x800'b754       0x2  stm32f4xx_hal_can.o [1]
  .text              ro code   0x800'b758     0x17c  msg_task.o [1]
  .text              ro code   0x800'b8d4      0x94  txe_event_flags_get.o [1]
  .text              ro code   0x800'b968     0x336  bsp_key.o [1]
  .text              ro code   0x800'bca0     0x148  statistic_task.o [1]
  .text              ro code   0x800'bde8     0x138  sys.o [1]
  .text              ro code   0x800'bf20      0x3c  vsnprint.o [2]
  .text              ro code   0x800'bf5c      0x90  txe_mutex_get.o [1]
  .text              ro code   0x800'bfec      0x58  txe_mutex_put.o [1]
  .text              ro code   0x800'c044     0x200  tx_event_flags_get.o [1]
  .text              ro code   0x800'c244      0x48  FltToDbl.o [3]
  .text              ro code   0x800'c28c     0x380  stm32f4xx_hal_rcc.o [1]
  .text              ro code   0x800'c60c     0x224  stm32f4xx_hal_rcc.o [1]
  .text              ro code   0x800'c830      0x38  stm32f4xx_hal.o [1]
  .text              ro code   0x800'c868     0x13c  stm32f4xx_hal_rcc_ex.o [1]
  .text              ro code   0x800'c9a4     0x204  tx_mutex_get.o [1]
  .text              ro code   0x800'cba8     0x374  tx_mutex_put.o [1]
  .text              ro code   0x800'cf1c       0x2  stm32f4xx_hal_msp.o [1]
  .text              ro code   0x800'cf20     0x100  tx_mutex_priority_change.o [1]
  .text              ro code   0x800'd020     0x1bc  tx_mutex_prioritize.o [1]
  .text              ro code   0x800'd1dc      0xcc  tx_thread_system_preempt_check.o [1]
  .text              ro code   0x800'd2a8     0x3e8  tx_thread_system_resume.o [1]
  .text              ro code   0x800'd690      0x36  tx_timer_system_deactivate.o [1]
  .rodata            const     0x800'd6c8     0x5f0  bsp_font.o [1]
  .text              ro code   0x800'dcb8     0x5bc  bsp_usart_fifo.o [1]
  .text              ro code   0x800'e274     0x36a  stm32f4xx_hal_uart.o [1]
  .text              ro code   0x800'e5e0     0x47a  stm32f4xx_hal_spi.o [1]
  .text              ro code   0x800'ea5c     0x308  bsp_spi_bus.o [1]
  .text              ro code   0x800'ed64       0x2  stm32f4xx_hal_spi.o [1]
  .rodata            const     0x800'ed68     0x474  bsp_font.o [1]
  .text              ro code   0x800'f1dc     0x33a  stm32f4xx_hal_sd.o [1]
  .text              ro code   0x800'f518     0x200  stm32f4xx_ll_sdmmc.o [1]
  .text              ro code   0x800'f718       0x2  stm32f4xx_hal_sd.o [1]
  .text              ro code   0x800'f71c      0x48  bsp_sdio_sd.o [1]
  .text              ro code   0x800'f764       0x2  bsp_sdio_sd.o [1]
  .text              ro code   0x800'f768      0x1c  sd_diskio_dma.o [1]
  .text              ro code   0x800'f784     0x2c8  system_task_create.o [1]
  .text              ro code   0x800'fa4c     0x18c  txe_thread_create.o [1]
  .text              ro code   0x800'fbd8      0x10  stm32f4xx_hal.o [1]
  .text              ro code   0x800'fbe8     0x146  ticktim.o [1]
  .text              ro code   0x800'fd30      0xec  bsp_iic_bus.o [1]
  .text              ro code   0x800'fe1c      0xdc  bsp_led.o [1]
  .text              ro code   0x800'fef8      0x28  bsp_ws2812b.o [1]
  .text              ro code   0x800'ff20     0x1c8  bsp_spi_flash.o [1]
  .text              ro code   0x801'00e8      0xe4  txe_mutex_create.o [1]
  .text              ro code   0x801'01cc      0xfc  txe_timer_create.o [1]
  .text              ro code   0x801'02c8      0xd0  txe_event_flags_create.o [1]
  .text              ro code   0x801'0398     0x268  tx_thread_create.o [1]
  .text              ro code   0x801'0600       0x2  ticktim.o [1]
  .text              ro code   0x801'0604     0x1d4  stm32f4xx_hal_i2c.o [1]
  .text              ro code   0x801'07d8      0x18  strcpy.o [4]
  .text              ro code   0x801'07f0     0x15c  tx_mutex_create.o [1]
  .text              ro code   0x801'094c     0x170  tx_timer_create.o [1]
  .text              ro code   0x801'0abc     0x148  tx_event_flags_create.o [1]
  .text              ro code   0x801'0c04      0x44  tx_thread_stack_build.o [1]
  .text              ro code   0x801'0c48     0x160  tx_trace_object_register.o [1]
  .text              ro code   0x801'0da8     0x278  tx_thread_time_slice.o [1]
  .text              ro code   0x801'1020     0x15c  tx_timer_thread_entry.o [1]
  .text              ro code   0x801'117c      0xf8  tx_timer_initialize.o [1]
  .text              ro code   0x801'1274      0xe8  tx_mutex_cleanup.o [1]
  .text              ro code   0x801'135c      0xe8  tx_timer_interrupt.o [1]
  .text              ro code   0x801'1444      0x24  tx_timer_expiration_process.o [1]
  .text              ro code   0x801'1468      0xe0  SEGGER_HardFaultHandler.o [1]
  .text              ro code   0x801'1548      0xd0  tx_thread_schedule.o [1]
  .rodata            const     0x801'1618      0xb8  bsp_touch.o [1]
  .text              ro code   0x801'16d0      0xb0  tx_thread_initialize.o [1]
  .text              ro code   0x801'1780      0xac  tx_event_flags_cleanup.o [1]
  .text              ro code   0x801'182c      0x88  tx_initialize_high_level.o [1]
  .text              ro code   0x801'18b4      0x40  tx_trace_initialize.o [1]
  .text              ro code   0x801'18f4      0x88  tx_thread_shell_entry.o [1]
  .text              ro code   0x801'197c      0x78  lz77_init_single.o [4]
  .text              ro code   0x801'19f4      0x74  tx_initialize_low_level.o [1]
  .text              ro code   0x801'1a68      0x60  system_stm32f4xx.o [1]
  .rodata            const     0x801'1ac8      0x50  statistic_task.o [1]
  .rodata            const     0x801'1b18      0x4c  bsp_usart_fifo.o [1]
  .text              ro code   0x801'1b64      0x4c  tx_thread_timeout.o [1]
  .rodata            const     0x801'1bb0      0x48  bsp_rotation.o [1]
  .text              ro code   0x801'1bf8      0x48  tx_initialize_kernel_enter.o [1]
  .rodata            const     0x801'1c40      0x44  bsp_can_bus.o [1]
  .rodata            const     0x801'1c84      0x44  bsp_spi_bus.o [1]
  .rodata            const     0x801'1cc8      0x44  bsp_tim_pwm.o [1]
  .rodata            const     0x801'1d0c      0x44  statistic_task.o [1]
  .rodata            const     0x801'1d50      0x3c  statistic_task.o [1]
  .rodata            const     0x801'1d8c      0x30  bsp_can_bus.o [1]
  .rodata            const     0x801'1dbc      0x30  bsp_rotation.o [1]
  .rodata            const     0x801'1dec      0x30  bsp_spi_bus.o [1]
  .rodata            const     0x801'1e1c      0x30  bsp_tim_pwm.o [1]
  .rodata            const     0x801'1e4c      0x30  bsp_usart_fifo.o [1]
  .rodata            const     0x801'1e7c      0x30  statistic_task.o [1]
  .text              ro code   0x801'1eac      0x30  gui_task.o [1]
  .rodata            const     0x801'1edc      0x2c  bsp_spi_bus.o [1]
  .rodata            const     0x801'1f08      0x2c  SEGGER_HardFaultHandler.o [1]
  .text              ro code   0x801'1f34      0x28  data_init.o [4]
  .text              ro code   0x801'1f5c      0x22  fpinit_M.o [3]
  .iar.init_table    const     0x801'1f80      0x20  - Linker created -
  .rodata            const     0x801'1fa0      0x20  msg_task.o [1]
  .rodata            const     0x801'1fc0      0x20  system_task_create.o [1]
  .text              ro code   0x801'1fe0      0x1e  main.o [1]
  .text              ro code   0x801'2000      0x10  stm32f4xx_hal.o [1]
  .text              ro code   0x801'2010      0x1e  cmain.o [4]
  .text              ro code   0x801'202e       0x4  low_level_init.o [2]
  .text              ro code   0x801'2032       0x4  exit.o [2]
  .text              ro code   0x801'2038       0xa  cexit.o [4]
  .rodata            const     0x801'2044      0x1c  bsp_can_bus.o [1]
  .rodata            const     0x801'2060      0x1c  statistic_task.o [1]
  .text              ro code   0x801'207c      0x1c  cstartup_M.o [4]
  .rodata            const     0x801'2098      0x18  bsp_can_bus.o [1]
  .rodata            const     0x801'20b0      0x18  msg_task.o [1]
  .rodata            const     0x801'20c8      0x18  msg_task.o [1]
  .rodata            const     0x801'20e0      0x18  msg_task.o [1]
  .rodata            const     0x801'20f8      0x18  msg_task.o [1]
  .text              ro code   0x801'2110      0x16  xprout.o [2]
  .text              ro code   0x801'2128       0xc  putchar.o [2]
  .rodata            const     0x801'2134      0x14  bsp_touch.o [1]
  .rodata            const     0x801'2148      0x14  bsp_touch.o [1]
  .rodata            const     0x801'215c      0x14  msg_task.o [1]
  .rodata            const     0x801'2170      0x14  msg_task.o [1]
  .rodata            const     0x801'2184      0x14  msg_task.o [1]
  .rodata            const     0x801'2198      0x14  msg_task.o [1]
  .rodata            const     0x801'21ac      0x14  msg_task.o [1]
  .rodata            const     0x801'21c0      0x14  msg_task.o [1]
  .rodata            const     0x801'21d4      0x14  tx_timer_initialize.o [1]
  .text              ro code   0x801'21e8      0x12  HardFaultHandler.o [1]
  .rodata            const     0x801'21fc      0x10  bsp_can_bus.o [1]
  .rodata            const     0x801'220c      0x10  bsp_key.o [1]
  .rodata            const     0x801'221c      0x10  bsp_spi_flash.o [1]
  .rodata            const     0x801'222c      0x10  bsp_tim_pwm.o [1]
  .rodata            const     0x801'223c      0x10  bsp_touch.o [1]
  .rodata            const     0x801'224c      0x10  gui_task.o [1]
  .rodata            const     0x801'225c      0x10  system_stm32f4xx.o [1]
  .rodata            const     0x801'226c      0x10  system_task_create.o [1]
  .rodata            const     0x801'227c      0x10  system_task_create.o [1]
  .rodata            const     0x801'228c      0x10  system_task_create.o [1]
  .rodata            const     0x801'229c      0x10  system_task_create.o [1]
  .rodata            const     0x801'22ac      0x10  system_task_create.o [1]
  .rodata            const     0x801'22bc      0x10  system_task_create.o [1]
  .rodata            const     0x801'22cc      0x10  system_task_create.o [1]
  .rodata            const     0x801'22dc      0x10  system_task_create.o [1]
  .text              ro code   0x801'22ec      0x10  startup_stm32f407xx.o [1]
  .rodata            const     0x801'22fc       0xc  bsp_lcd.o [1]
  .rodata            const     0x801'2308       0xc  bsp_spi_flash.o [1]
  .rodata            const     0x801'2314       0xc  bsp_spi_flash.o [1]
  .rodata            const     0x801'2320       0xc  bsp_spi_flash.o [1]
  .rodata            const     0x801'232c       0xc  bsp_spi_flash.o [1]
  .rodata            const     0x801'2338       0xc  bsp_spi_flash.o [1]
  .rodata            const     0x801'2344       0xc  bsp_touch.o [1]
  .rodata            const     0x801'2350       0xc  bsp_touch.o [1]
  .rodata            const     0x801'235c       0xc  system_task_create.o [1]
  .rodata            const     0x801'2368       0xc  system_task_create.o [1]
  .rodata            const     0x801'2374       0xc  system_task_create.o [1]
  .text              ro code   0x801'2380       0xc  stm32f4xx_it.o [1]
  .rodata            const     0x801'238c       0x8  bsp_can_bus.o [1]
  .rodata            const     0x801'2394       0x8  bsp_touch.o [1]
  .rodata            const     0x801'239c       0x8  msg_task.o [1]
  .rodata            const     0x801'23a4       0x8  stm32f4xx_hal_dma.o [1]
  .rodata            const     0x801'23ac       0x8  system_stm32f4xx.o [1]
  .rodata            const     0x801'23b4       0x8  xprintffull_nomb.o [2]
  .text              ro code   0x801'23bc       0x4  startup_stm32f407xx.o [1]
  .text              ro code   0x801'23c0       0x4  startup_stm32f407xx.o [1]
  .text              ro code   0x801'23c4       0x4  startup_stm32f407xx.o [1]
  .text              ro code   0x801'23c8       0x4  startup_stm32f407xx.o [1]
  .text              ro code   0x801'23cc       0x4  startup_stm32f407xx.o [1]
  .text              ro code   0x801'23d0       0x4  startup_stm32f407xx.o [1]
  .text              ro code   0x801'23d4       0x4  startup_stm32f407xx.o [1]
  .text              ro code   0x801'23d8       0x4  startup_stm32f407xx.o [1]
  .text              ro code   0x801'23dc       0x4  startup_stm32f407xx.o [1]
  .text              ro code   0x801'23e0       0x4  startup_stm32f407xx.o [1]
  .text              ro code   0x801'23e4       0x4  startup_stm32f407xx.o [1]
  .text              ro code   0x801'23e8       0x4  startup_stm32f407xx.o [1]
  .text              ro code   0x801'23ec       0x4  startup_stm32f407xx.o [1]
  .text              ro code   0x801'23f0       0x4  startup_stm32f407xx.o [1]
  .text              ro code   0x801'23f4       0x4  startup_stm32f407xx.o [1]
  .text              ro code   0x801'23f8       0x4  startup_stm32f407xx.o [1]
  .text              ro code   0x801'23fc       0x4  startup_stm32f407xx.o [1]
  .text              ro code   0x801'2400       0x4  startup_stm32f407xx.o [1]
  .text              ro code   0x801'2404       0x4  startup_stm32f407xx.o [1]
  .text              ro code   0x801'2408       0x4  startup_stm32f407xx.o [1]
  .text              ro code   0x801'240c       0x4  startup_stm32f407xx.o [1]
  .text              ro code   0x801'2410       0x4  startup_stm32f407xx.o [1]
  .text              ro code   0x801'2414       0x4  startup_stm32f407xx.o [1]
  .text              ro code   0x801'2418       0x4  startup_stm32f407xx.o [1]
  .text              ro code   0x801'241c       0x4  startup_stm32f407xx.o [1]
  .text              ro code   0x801'2420       0x4  startup_stm32f407xx.o [1]
  .text              ro code   0x801'2424       0x4  startup_stm32f407xx.o [1]
  .text              ro code   0x801'2428       0x4  startup_stm32f407xx.o [1]
  .text              ro code   0x801'242c       0x4  startup_stm32f407xx.o [1]
  .text              ro code   0x801'2430       0x4  startup_stm32f407xx.o [1]
  .text              ro code   0x801'2434       0x4  startup_stm32f407xx.o [1]
  .text              ro code   0x801'2438       0x4  startup_stm32f407xx.o [1]
  .text              ro code   0x801'243c       0x4  startup_stm32f407xx.o [1]
  .text              ro code   0x801'2440       0x4  startup_stm32f407xx.o [1]
  .text              ro code   0x801'2444       0x4  startup_stm32f407xx.o [1]
  .text              ro code   0x801'2448       0x4  startup_stm32f407xx.o [1]
  .text              ro code   0x801'244c       0x4  startup_stm32f407xx.o [1]
  .text              ro code   0x801'2450       0x4  startup_stm32f407xx.o [1]
  .text              ro code   0x801'2454       0x4  startup_stm32f407xx.o [1]
  .text              ro code   0x801'2458       0x4  startup_stm32f407xx.o [1]
  .text              ro code   0x801'245c       0x4  startup_stm32f407xx.o [1]
  .text              ro code   0x801'2460       0x4  startup_stm32f407xx.o [1]
  .text              ro code   0x801'2464       0x4  startup_stm32f407xx.o [1]
  .text              ro code   0x801'2468       0x4  startup_stm32f407xx.o [1]
  .text              ro code   0x801'246c       0x4  startup_stm32f407xx.o [1]
  .text              ro code   0x801'2470       0x4  startup_stm32f407xx.o [1]
  .text              ro code   0x801'2474       0x4  startup_stm32f407xx.o [1]
  .text              ro code   0x801'2478       0x4  startup_stm32f407xx.o [1]
  .text              ro code   0x801'247c       0x4  startup_stm32f407xx.o [1]
  .text              ro code   0x801'2480       0x4  startup_stm32f407xx.o [1]
  .text              ro code   0x801'2484       0x4  startup_stm32f407xx.o [1]
  .text              ro code   0x801'2488       0x4  startup_stm32f407xx.o [1]
  .text              ro code   0x801'248c       0x4  startup_stm32f407xx.o [1]
  .text              ro code   0x801'2490       0x4  startup_stm32f407xx.o [1]
  .text              ro code   0x801'2494       0x4  startup_stm32f407xx.o [1]
  .text              ro code   0x801'2498       0x4  startup_stm32f407xx.o [1]
  .text              ro code   0x801'249c       0x4  startup_stm32f407xx.o [1]
  .text              ro code   0x801'24a0       0x4  startup_stm32f407xx.o [1]
  .text              ro code   0x801'24a4       0x4  startup_stm32f407xx.o [1]
  .text              ro code   0x801'24a8       0x4  startup_stm32f407xx.o [1]
  .text              ro code   0x801'24ac       0x4  startup_stm32f407xx.o [1]
  .text              ro code   0x801'24b0       0x4  startup_stm32f407xx.o [1]
  .text              ro code   0x801'24b4       0x4  startup_stm32f407xx.o [1]
  .text              ro code   0x801'24b8       0x4  startup_stm32f407xx.o [1]
  .text              ro code   0x801'24bc       0x4  startup_stm32f407xx.o [1]
  .text              ro code   0x801'24c0       0x4  startup_stm32f407xx.o [1]
  .text              ro code   0x801'24c4       0x4  startup_stm32f407xx.o [1]
  .text              ro code   0x801'24c8       0x4  startup_stm32f407xx.o [1]
  .text              ro code   0x801'24cc       0x4  startup_stm32f407xx.o [1]
  .text              ro code   0x801'24d0       0x4  startup_stm32f407xx.o [1]
  .rodata            const     0x801'24d4       0x0  zero_init3.o [4]
  .rodata            const     0x801'24d4       0x0  lz77_init_single.o [4]
  Initializer bytes  const     0x801'24d4      0x5f  <for P2-1>
                             - 0x801'2533  0x1'23ab

"P2", part 1 of 3:                            0x4e6
  P2-1                        0x2000'0000     0x4e6  <Init block>
    .data            inited   0x2000'0000       0x4  bsp_lcd.o [1]
    .data            inited   0x2000'0004       0x4  bsp_lcd.o [1]
    .data            inited   0x2000'0008     0x420  bsp_tim_pwm.o [1]
    .data            inited   0x2000'0428      0x34  bsp_touch.o [1]
    .data            inited   0x2000'045c       0x4  system_stm32f4xx.o [1]
    .data            inited   0x2000'0460       0x4  tx_thread_initialize.o [1]
    .data            inited   0x2000'0464      0x38  xlocale_c.o [2]
    .data            inited   0x2000'049c      0x48  xfiles.o [2]
    .data            inited   0x2000'04e4       0x1  bsp_touch.o [1]
    .data            inited   0x2000'04e5       0x1  bsp_touch.o [1]
                            - 0x2000'04e6     0x4e6

"P2", part 2 of 3:                           0x6a2c
  .bss               zero     0x2000'04e8    0x1000  bsp_spi_bus.o [1]
  .bss               zero     0x2000'14e8    0x1000  bsp_spi_bus.o [1]
  .bss               zero     0x2000'24e8     0x800  gui_task.o [1]
  .bss               zero     0x2000'2ce8     0x400  bsp_usart_fifo.o [1]
  .bss               zero     0x2000'30e8     0x400  bsp_usart_fifo.o [1]
  .bss               zero     0x2000'34e8     0x400  bsp_usart_fifo.o [1]
  .bss               zero     0x2000'38e8     0x400  bsp_usart_fifo.o [1]
  .bss               zero     0x2000'3ce8     0x400  bsp_usart_fifo.o [1]
  .bss               zero     0x2000'40e8     0x400  bsp_usart_fifo.o [1]
  .bss               zero     0x2000'44e8     0x400  msg_task.o [1]
  .bss               zero     0x2000'48e8     0x400  msg_task.o [1]
  .bss               zero     0x2000'4ce8     0x400  statistic_task.o [1]
  .bss               zero     0x2000'50e8     0x400  statistic_task.o [1]
  .bss               zero     0x2000'54e8     0x400  system_task_create.o [1]
  .bss               zero     0x2000'58e8     0x400  system_task_create.o [1]
  .bss               zero     0x2000'5ce8     0x400  tx_timer_initialize.o [1]
  .bss               zero     0x2000'60e8      0xb4  gui_task.o [1]
  .bss               zero     0x2000'619c      0xb4  msg_task.o [1]
  .bss               zero     0x2000'6250      0xb4  msg_task.o [1]
  .bss               zero     0x2000'6304      0xb4  statistic_task.o [1]
  .bss               zero     0x2000'63b8      0xb4  statistic_task.o [1]
  .bss               zero     0x2000'646c      0xb4  statistic_task.o [1]
  .bss               zero     0x2000'6520      0xb4  system_task_create.o [1]
  .bss               zero     0x2000'65d4      0xb4  system_task_create.o [1]
  .bss               zero     0x2000'6688      0xb4  tx_timer_initialize.o [1]
  .bss               zero     0x2000'673c      0x84  bsp_sdio_sd.o [1]
  .bss               zero     0x2000'67c0      0x80  tx_thread_initialize.o [1]
  .bss               zero     0x2000'6840      0x80  tx_timer_initialize.o [1]
  .bss               zero     0x2000'68c0      0x60  bsp_tim_pwm.o [1]
  .bss               zero     0x2000'6920      0x58  bsp_spi_bus.o [1]
  .bss               zero     0x2000'6978      0x58  bsp_spi_bus.o [1]
  .bss               zero     0x2000'69d0      0x54  bsp_iic_bus.o [1]
  .bss               zero     0x2000'6a24      0x50  bsp_lcd.o [1]
  .bss               zero     0x2000'6a74      0x50  xfiles.o [2]
  .bss               zero     0x2000'6ac4      0x40  bsp_rotation.o [1]
  .bss               zero     0x2000'6b04      0x40  bsp_tim_pwm.o [1]
  .bss               zero     0x2000'6b44      0x40  SEGGER_HardFaultHandler.o [1]
  .bss               zero     0x2000'6b84      0x40  ticktim.o [1]
  .bss               zero     0x2000'6bc4      0x34  gui_task.o [1]
  .bss               zero     0x2000'6bf8      0x34  msg_task.o [1]
  .bss               zero     0x2000'6c2c      0x2c  bsp_usart_fifo.o [1]
  .bss               zero     0x2000'6c58      0x2c  bsp_usart_fifo.o [1]
  .bss               zero     0x2000'6c84      0x2c  bsp_usart_fifo.o [1]
  .bss               zero     0x2000'6cb0      0x2c  msg_task.o [1]
  .bss               zero     0x2000'6cdc      0x2c  system_task_create.o [1]
  .bss               zero     0x2000'6d08      0x28  bsp_can_bus.o [1]
  .bss               zero     0x2000'6d30      0x28  bsp_spi_ads1256.o [1]
  .bss               zero     0x2000'6d58      0x28  system_task_create.o [1]
  .bss               zero     0x2000'6d80      0x20  bsp_key.o [1]
  .bss               zero     0x2000'6da0      0x1c  bsp_can_bus.o [1]
  .bss               zero     0x2000'6dbc      0x1c  bsp_spi_flash.o [1]
  .bss               zero     0x2000'6dd8      0x10  bsp_key.o [1]
  .bss               zero     0x2000'6de8      0x10  bsp_lcd.o [1]
  FREE_MEM           zero     0x2000'6df8      0x10  tx_initialize_low_level.o [1]
  .bss               zero     0x2000'6e08       0x8  bsp_can_bus.o [1]
  .bss               zero     0x2000'6e10       0x4  bsp_dwt.o [1]
  .bss               zero     0x2000'6e14       0x4  bsp_spi_bus.o [1]
  .bss               zero     0x2000'6e18       0x4  bsp_spi_bus.o [1]
  .bss               zero     0x2000'6e1c       0x4  bsp_spi_bus.o [1]
  .bss               zero     0x2000'6e20       0x4  bsp_spi_bus.o [1]
  .bss               zero     0x2000'6e24       0x4  sd_diskio_dma.o [1]
  .bss               zero     0x2000'6e28       0x4  sd_diskio_dma.o [1]
  .bss               zero     0x2000'6e2c       0x4  SEGGER_HardFaultHandler.o [1]
  .bss               zero     0x2000'6e30       0x4  statistic_task.o [1]
  .bss               zero     0x2000'6e34       0x4  statistic_task.o [1]
  .bss               zero     0x2000'6e38       0x4  statistic_task.o [1]
  .bss               zero     0x2000'6e3c       0x4  statistic_task.o [1]
  .bss               zero     0x2000'6e40       0x4  ticktim.o [1]
  .bss               zero     0x2000'6e44       0x4  tx_initialize_high_level.o [1]
  .bss               zero     0x2000'6e48       0x4  tx_initialize_high_level.o [1]
  .bss               zero     0x2000'6e4c       0x4  tx_initialize_high_level.o [1]
  .bss               zero     0x2000'6e50       0x4  tx_initialize_high_level.o [1]
  .bss               zero     0x2000'6e54       0x4  tx_initialize_high_level.o [1]
  .bss               zero     0x2000'6e58       0x4  tx_initialize_high_level.o [1]
  .bss               zero     0x2000'6e5c       0x4  tx_initialize_high_level.o [1]
  .bss               zero     0x2000'6e60       0x4  tx_initialize_high_level.o [1]
  .bss               zero     0x2000'6e64       0x4  tx_initialize_high_level.o [1]
  .bss               zero     0x2000'6e68       0x4  tx_initialize_high_level.o [1]
  .bss               zero     0x2000'6e6c       0x4  tx_initialize_high_level.o [1]
  .bss               zero     0x2000'6e70       0x4  tx_initialize_high_level.o [1]
  .bss               zero     0x2000'6e74       0x4  tx_initialize_high_level.o [1]
  .bss               zero     0x2000'6e78       0x4  tx_thread_initialize.o [1]
  .bss               zero     0x2000'6e7c       0x4  tx_thread_initialize.o [1]
  .bss               zero     0x2000'6e80       0x4  tx_thread_initialize.o [1]
  .bss               zero     0x2000'6e84       0x4  tx_thread_initialize.o [1]
  .bss               zero     0x2000'6e88       0x4  tx_thread_initialize.o [1]
  .bss               zero     0x2000'6e8c       0x4  tx_thread_initialize.o [1]
  .bss               zero     0x2000'6e90       0x4  tx_thread_initialize.o [1]
  .bss               zero     0x2000'6e94       0x4  tx_thread_initialize.o [1]
  .bss               zero     0x2000'6e98       0x4  tx_thread_initialize.o [1]
  .bss               zero     0x2000'6e9c       0x4  tx_thread_initialize.o [1]
  .bss               zero     0x2000'6ea0       0x4  tx_thread_initialize.o [1]
  .bss               zero     0x2000'6ea4       0x4  tx_thread_initialize.o [1]
  .bss               zero     0x2000'6ea8       0x4  tx_timer_initialize.o [1]
  .bss               zero     0x2000'6eac       0x4  tx_timer_initialize.o [1]
  .bss               zero     0x2000'6eb0       0x4  tx_timer_initialize.o [1]
  .bss               zero     0x2000'6eb4       0x4  tx_timer_initialize.o [1]
  .bss               zero     0x2000'6eb8       0x4  tx_timer_initialize.o [1]
  .bss               zero     0x2000'6ebc       0x4  tx_timer_initialize.o [1]
  .bss               zero     0x2000'6ec0       0x4  tx_timer_initialize.o [1]
  .bss               zero     0x2000'6ec4       0x4  tx_timer_initialize.o [1]
  .bss               zero     0x2000'6ec8       0x4  tx_timer_initialize.o [1]
  .bss               zero     0x2000'6ecc       0x4  tx_timer_initialize.o [1]
  .bss               zero     0x2000'6ed0       0x4  tx_timer_initialize.o [1]
  .bss               zero     0x2000'6ed4       0x4  tx_timer_initialize.o [1]
  .bss               zero     0x2000'6ed8       0x4  tx_timer_initialize.o [1]
  .bss               zero     0x2000'6edc       0x4  tx_trace_initialize.o [1]
  .bss               zero     0x2000'6ee0       0x4  tx_trace_initialize.o [1]
  .bss               zero     0x2000'6ee4       0x4  tx_trace_initialize.o [1]
  .bss               zero     0x2000'6ee8       0x4  tx_trace_initialize.o [1]
  .bss               zero     0x2000'6eec       0x4  tx_trace_initialize.o [1]
  .bss               zero     0x2000'6ef0       0x4  tx_trace_initialize.o [1]
  .bss               zero     0x2000'6ef4       0x4  tx_trace_initialize.o [1]
  .bss               zero     0x2000'6ef8       0x4  tx_trace_initialize.o [1]
  .bss               zero     0x2000'6efc       0x4  tx_trace_initialize.o [1]
  .bss               zero     0x2000'6f00       0x4  tx_trace_initialize.o [1]
  .bss               zero     0x2000'6f04       0x4  tx_trace_initialize.o [1]
  .bss               zero     0x2000'6f08       0x4  xfail_s.o [2]
  .bss               zero     0x2000'6f0c       0x1  bsp_rotation.o [1]
  .bss               zero     0x2000'6f0d       0x1  bsp_spi_bus.o [1]
  .bss               zero     0x2000'6f0e       0x1  bsp_touch.o [1]
  .bss               zero     0x2000'6f0f       0x1  statistic_task.o [1]
  .bss               zero     0x2000'6f10       0x1  ticktim.o [1]
  .bss               zero     0x2000'6f11       0x1  ticktim.o [1]
  .bss               zero     0x2000'6f12       0x1  ticktim.o [1]
                            - 0x2000'6f13    0x6a2b

"P2", part 3 of 3:                            0x800
  CSTACK                      0x2000'6f18     0x800  <Block>
    CSTACK           uninit   0x2000'6f18     0x800  <Block tail>
                            - 0x2000'7718     0x800

Unused ranges:

         From           To      Size
         ----           --      ----
   0x801'2533   0x80f'ffff  0xe'dacd
  0x2000'04e6  0x2000'04e7       0x2
  0x2000'6f14  0x2000'6f17       0x4
  0x2000'7718  0x2001'ffff  0x1'88e8


*******************************************************************************
*** INIT TABLE
***

          Address      Size
          -------      ----
Zero (__iar_zero_init3)
    1 destination range, total size 0x6a2b:
          0x2000'04e8  0x6a2b

Copy/lz77 (__iar_lz77_init_single3)
    1 source range, total size 0x5f (7% of destination):
           0x801'24d4    0x5f
    1 destination range, total size 0x4e6:
          0x2000'0000   0x4e6



*******************************************************************************
*** MODULE SUMMARY
***

    Module                            ro code  ro data  rw data
    ------                            -------  -------  -------
command line/config:
    -----------------------------------------------------------
    Total:

J:\Ls_Monitor_Lower\Ls_Monitor_Lower_SW\EW-ARM(v8x)\Flash\Obj: [1]
    HardFaultHandler.o                     18
    SEGGER_HardFaultHandler.o             224       44       68
    bsp_can_bus.o                         904      192       76
    bsp_dwt.o                             188                 4
    bsp_font.o                                  18'240
    bsp_iic_bus.o                         236                84
    bsp_key.o                             822       16       48
    bsp_lcd.o                           5'996       12      104
    bsp_led.o                             220
    bsp_rotation.o                        368      120       65
    bsp_sdio_sd.o                          74               132
    bsp_spi_ads1256.o                     480                40
    bsp_spi_bus.o                         776      160    8'385
    bsp_spi_flash.o                       456       76       28
    bsp_tim_pwm.o                       2'144      212    1'216
    bsp_touch.o                         3'704      277       55
    bsp_usart_fifo.o                    1'468      124    6'276
    bsp_ws2812b.o                          40
    gui_task.o                             48       16    2'280
    main.o                                 30
    msg_task.o                            380      256    2'504
    sd_diskio_dma.o                        28                 8
    startup_stm32f407xx.o                 688
    statistic_task.o                      328      284    2'605
    stm32f4xx_hal.o                        88
    stm32f4xx_hal_can.o                 2'194
    stm32f4xx_hal_cortex.o                260
    stm32f4xx_hal_dma.o                 1'336        8
    stm32f4xx_hal_gpio.o                  648
    stm32f4xx_hal_i2c.o                   468
    stm32f4xx_hal_msp.o                     2
    stm32f4xx_hal_rcc.o                 1'444
    stm32f4xx_hal_rcc_ex.o                316
    stm32f4xx_hal_sd.o                    828
    stm32f4xx_hal_spi.o                 1'148
    stm32f4xx_hal_sram.o                   92
    stm32f4xx_hal_tim.o                 2'784
    stm32f4xx_hal_tim_ex.o                 82
    stm32f4xx_hal_uart.o                  874
    stm32f4xx_it.o                         12
    stm32f4xx_ll_fsmc.o                   236
    stm32f4xx_ll_sdmmc.o                  512
    sys.o                                 312
    system_stm32f4xx.o                     96       24        4
    system_task_create.o                  712      196    2'492
    ticktim.o                             328                71
    tx_event_flags_cleanup.o              172
    tx_event_flags_create.o               328
    tx_event_flags_get.o                  512
    tx_initialize_high_level.o            136                52
    tx_initialize_kernel_enter.o           72
    tx_initialize_low_level.o             116                16
    tx_mutex_cleanup.o                    232
    tx_mutex_create.o                     348
    tx_mutex_get.o                        516
    tx_mutex_prioritize.o                 444
    tx_mutex_priority_change.o            256
    tx_mutex_put.o                        884
    tx_thread_create.o                    616
    tx_thread_initialize.o                176        1      180
    tx_thread_schedule.o                  208
    tx_thread_shell_entry.o               136
    tx_thread_sleep.o                     364
    tx_thread_stack_analyze.o             140
    tx_thread_stack_build.o                68
    tx_thread_stack_error_handler.o        36
    tx_thread_system_preempt_check.o      204
    tx_thread_system_resume.o           1'000
    tx_thread_system_suspend.o          1'024
    tx_thread_time_slice.o                632
    tx_thread_timeout.o                    76
    tx_time_get.o                         232
    tx_timer_create.o                     368
    tx_timer_expiration_process.o          36
    tx_timer_initialize.o                 248       20    1'384
    tx_timer_interrupt.o                  232
    tx_timer_system_activate.o            120
    tx_timer_system_deactivate.o           54
    tx_timer_thread_entry.o               348
    tx_trace_initialize.o                  64                44
    tx_trace_object_register.o            352
    txe_event_flags_create.o              208
    txe_event_flags_get.o                 148
    txe_mutex_create.o                    228
    txe_mutex_get.o                       144
    txe_mutex_put.o                        88
    txe_thread_create.o                   396
    txe_timer_create.o                    252
    -----------------------------------------------------------
    Total:                             46'606   20'278   28'221

dl7M_tlf.a: [2]
    abort.o                                 6
    exit.o                                  4
    low_level_init.o                        4
    printf.o                               40
    putchar.o                              12
    vsnprint.o                             60
    xfail_s.o                              64                 4
    xfiles.o                                         5      152
    xlocale_c.o                             8        7       56
    xprintffull_nomb.o                  4'034        8
    xprout.o                               22
    xsnprout.o                             26
    -----------------------------------------------------------
    Total:                              4'280       20      212

m7M_tls.a: [3]
    DblAdd.o                              362
    DblCmpGe.o                             46
    DblCmpLe.o                             46
    DblDiv.o                              582
    DblMul.o                              418
    DblSub.o                              226
    DblToS32.o                             58
    DblToU32.o                             40
    FltToDbl.o                             72
    S32ToDbl.o                             34
    U32ToDbl.o                             26
    fpinit_M.o                             34
    frexp.o                               112
    ldexp.o                               314
    -----------------------------------------------------------
    Total:                              2'370

rt7M_tl.a: [4]
[...]
__iar_init_vfp           0x801'1f5d          Code  Gb  fpinit_M.o [3]
__iar_ldexp64            0x800'6265          Code  Gb  ldexp.o [3]
__iar_lz77_init_single3
                         0x801'197d    0x78  Code  Gb  lz77_init_single.o [4]
__iar_program_start      0x801'207d          Code  Gb  cstartup_M.o [4]
__iar_scalbln64          0x800'6265          Code  Gb  ldexp.o [3]
__iar_scalbn64           0x800'6265          Code  Gb  ldexp.o [3]
__iar_softfp___iar_frexp64
                         0x800'6195          Code  Gb  frexp.o [3]
__iar_softfp_frexp       0x800'6195          Code  Gb  frexp.o [3]
__iar_softfp_frexpl      0x800'6195          Code  Gb  frexp.o [3]
__iar_zero_init3         0x800'5fb3    0x3a  Code  Gb  zero_init3.o [4]
__low_level_init         0x801'202f     0x4  Code  Gb  low_level_init.o [2]
__tx_PendSVHandler       0x801'1575          Code  Gb  tx_thread_schedule.o [1]
__tx_SysTickHandler      0x801'1a3b          Code  Gb  tx_initialize_low_level.o [1]
__tx_free_memory_start  0x2000'6df8          Data  Gb  tx_initialize_low_level.o [1]
__vector_table           0x800'0000          Data  Gb  startup_stm32f407xx.o [1]
_call_main               0x801'201d          Code  Gb  cmain.o [4]
_exit                    0x801'2039          Code  Gb  cexit.o [4]
_main                    0x801'2027          Code  Gb  cmain.o [4]
_tx_block_pool_created_count
                        0x2000'6e68     0x4  Data  Gb  tx_initialize_high_level.o [1]
_tx_block_pool_created_ptr
                        0x2000'6e64     0x4  Data  Gb  tx_initialize_high_level.o [1]
_tx_build_options       0x2000'6ea0     0x4  Data  Gb  tx_thread_initialize.o [1]
_tx_byte_pool_created_count
                        0x2000'6e70     0x4  Data  Gb  tx_initialize_high_level.o [1]
_tx_byte_pool_created_ptr
                        0x2000'6e6c     0x4  Data  Gb  tx_initialize_high_level.o [1]
_tx_event_flags_cleanup
                         0x801'1781    0xac  Code  Gb  tx_event_flags_cleanup.o [1]
_tx_event_flags_create   0x801'0abd   0x148  Code  Gb  tx_event_flags_create.o [1]
_tx_event_flags_created_count
                        0x2000'6e58     0x4  Data  Gb  tx_initialize_high_level.o [1]
_tx_event_flags_created_ptr
                        0x2000'6e54     0x4  Data  Gb  tx_initialize_high_level.o [1]
_tx_event_flags_get      0x800'c045   0x200  Code  Gb  tx_event_flags_get.o [1]
_tx_initialize_high_level
                         0x801'182d    0x88  Code  Gb  tx_initialize_high_level.o [1]
_tx_initialize_kernel_enter
                         0x801'1bf9    0x48  Code  Gb  tx_initialize_kernel_enter.o [1]
_tx_initialize_low_level
                         0x801'19f5          Code  Gb  tx_initialize_low_level.o [1]
_tx_initialize_unused_memory
                        0x2000'6e74     0x4  Data  Gb  tx_initialize_high_level.o [1]
_tx_mutex_cleanup        0x801'1275    0x94  Code  Gb  tx_mutex_cleanup.o [1]
_tx_mutex_create         0x801'07f1   0x15c  Code  Gb  tx_mutex_create.o [1]
_tx_mutex_created_count
                        0x2000'6e60     0x4  Data  Gb  tx_initialize_high_level.o [1]
_tx_mutex_created_ptr   0x2000'6e5c     0x4  Data  Gb  tx_initialize_high_level.o [1]
_tx_mutex_get            0x800'c9a5   0x204  Code  Gb  tx_mutex_get.o [1]
_tx_mutex_prioritize     0x800'd021   0x1bc  Code  Gb  tx_mutex_prioritize.o [1]
_tx_mutex_priority_change
                         0x800'cf21   0x100  Code  Gb  tx_mutex_priority_change.o [1]
_tx_mutex_put            0x800'cba9   0x374  Code  Gb  tx_mutex_put.o [1]
_tx_mutex_thread_release
                         0x801'1309    0x48  Code  Gb  tx_mutex_cleanup.o [1]
_tx_queue_created_count
                        0x2000'6e50     0x4  Data  Gb  tx_initialize_high_level.o [1]
_tx_queue_created_ptr   0x2000'6e4c     0x4  Data  Gb  tx_initialize_high_level.o [1]
_tx_semaphore_created_count
                        0x2000'6e48     0x4  Data  Gb  tx_initialize_high_level.o [1]
_tx_semaphore_created_ptr
                        0x2000'6e44     0x4  Data  Gb  tx_initialize_high_level.o [1]
_tx_thread_application_stack_error_handler
                        0x2000'6ea4     0x4  Data  Gb  tx_thread_initialize.o [1]
_tx_thread_create        0x801'0399   0x268  Code  Gb  tx_thread_create.o [1]
_tx_thread_created_count
                        0x2000'6e88     0x4  Data  Gb  tx_thread_initialize.o [1]
_tx_thread_created_ptr  0x2000'6e84     0x4  Data  Gb  tx_thread_initialize.o [1]
_tx_thread_current_ptr  0x2000'6e7c     0x4  Data  Gb  tx_thread_initialize.o [1]
_tx_thread_execute_ptr  0x2000'6e80     0x4  Data  Gb  tx_thread_initialize.o [1]
_tx_thread_highest_priority
                        0x2000'6e94     0x4  Data  Gb  tx_thread_initialize.o [1]
_tx_thread_initialize    0x801'16d1    0xb0  Code  Gb  tx_thread_initialize.o [1]
_tx_thread_mutex_release
                        0x2000'6e9c     0x4  Data  Gb  tx_thread_initialize.o [1]
_tx_thread_preempt_disable
                        0x2000'6e98     0x4  Data  Gb  tx_thread_initialize.o [1]
_tx_thread_preempted_maps
                        0x2000'6e90     0x4  Data  Gb  tx_thread_initialize.o [1]
_tx_thread_priority_list
                        0x2000'67c0    0x80  Data  Gb  tx_thread_initialize.o [1]
_tx_thread_priority_maps
                        0x2000'6e8c     0x4  Data  Gb  tx_thread_initialize.o [1]
_tx_thread_schedule      0x801'1549          Code  Gb  tx_thread_schedule.o [1]
_tx_thread_shell_entry   0x801'18f5    0x88  Code  Gb  tx_thread_shell_entry.o [1]
_tx_thread_sleep         0x800'7b65   0x16c  Code  Gb  tx_thread_sleep.o [1]
_tx_thread_stack_analyze
                         0x800'80f5    0x8c  Code  Gb  tx_thread_stack_analyze.o [1]
_tx_thread_stack_build   0x801'0c05          Code  Gb  tx_thread_stack_build.o [1]
_tx_thread_stack_error_handler
                         0x800'80d1    0x24  Code  Gb  tx_thread_stack_error_handler.o [1]
_tx_thread_system_preempt_check
                         0x800'd1fb    0x98  Code  Gb  tx_thread_system_preempt_check.o [1]
_tx_thread_system_resume
                         0x800'd2c9   0x382  Code  Gb  tx_thread_system_resume.o [1]
_tx_thread_system_return_inline
                         0x800'd1dd    0x1e  Code  Lc  tx_thread_system_preempt_check.o [1]
_tx_thread_system_return_inline
                         0x800'd2a9    0x20  Code  Lc  tx_thread_system_resume.o [1]
_tx_thread_system_return_inline
                         0x800'7cd1    0x20  Code  Lc  tx_thread_system_suspend.o [1]
_tx_thread_system_stack_ptr
                        0x2000'6e78     0x4  Data  Gb  tx_thread_initialize.o [1]
_tx_thread_system_state
                        0x2000'0460     0x4  Data  Gb  tx_thread_initialize.o [1]
_tx_thread_system_suspend
                         0x800'7cf1   0x396  Code  Gb  tx_thread_system_suspend.o [1]
_tx_thread_time_slice    0x801'0da9   0x278  Code  Gb  tx_thread_time_slice.o [1]
_tx_thread_timeout       0x801'1b65    0x4c  Code  Gb  tx_thread_timeout.o [1]
_tx_time_get             0x800'4f09    0xe8  Code  Gb  tx_time_get.o [1]
_tx_timer_create         0x801'094d   0x170  Code  Gb  tx_timer_create.o [1]
_tx_timer_created_count
                        0x2000'6ec4     0x4  Data  Gb  tx_timer_initialize.o [1]
_tx_timer_created_ptr   0x2000'6ec0     0x4  Data  Gb  tx_timer_initialize.o [1]
_tx_timer_current_ptr   0x2000'6eb8     0x4  Data  Gb  tx_timer_initialize.o [1]
_tx_timer_expiration_process
                         0x801'1445    0x24  Code  Gb  tx_timer_expiration_process.o [1]
_tx_timer_expired       0x2000'6ebc     0x4  Data  Gb  tx_timer_initialize.o [1]
_tx_timer_expired_time_slice
                        0x2000'6eac     0x4  Data  Gb  tx_timer_initialize.o [1]
_tx_timer_expired_timer_ptr
                        0x2000'6ec8     0x4  Data  Gb  tx_timer_initialize.o [1]
_tx_timer_initialize     0x801'117d    0xf8  Code  Gb  tx_timer_initialize.o [1]
_tx_timer_interrupt      0x801'135d          Code  Gb  tx_timer_interrupt.o [1]
_tx_timer_list          0x2000'6840    0x80  Data  Gb  tx_timer_initialize.o [1]
_tx_timer_list_end      0x2000'6eb4     0x4  Data  Gb  tx_timer_initialize.o [1]
_tx_timer_list_start    0x2000'6eb0     0x4  Data  Gb  tx_timer_initialize.o [1]
_tx_timer_priority      0x2000'6ed4     0x4  Data  Gb  tx_timer_initialize.o [1]
_tx_timer_stack_size    0x2000'6ed0     0x4  Data  Gb  tx_timer_initialize.o [1]
_tx_timer_stack_start   0x2000'6ecc     0x4  Data  Gb  tx_timer_initialize.o [1]
_tx_timer_system_activate
                         0x800'8181    0x78  Code  Gb  tx_timer_system_activate.o [1]
_tx_timer_system_clock  0x2000'6ea8     0x4  Data  Gb  tx_timer_initialize.o [1]
_tx_timer_system_deactivate
                         0x800'd691    0x36  Code  Gb  tx_timer_system_deactivate.o [1]
_tx_timer_thread        0x2000'6688    0xb4  Data  Gb  tx_timer_initialize.o [1]
_tx_timer_thread_entry   0x801'1021   0x15c  Code  Gb  tx_timer_thread_entry.o [1]
_tx_timer_thread_stack_area
                        0x2000'5ce8   0x400  Data  Gb  tx_timer_initialize.o [1]
_tx_timer_time_slice    0x2000'6ed8     0x4  Data  Gb  tx_timer_initialize.o [1]
_tx_trace_available_registry_entries
                        0x2000'6f00     0x4  Data  Gb  tx_trace_initialize.o [1]
_tx_trace_buffer_current_ptr
                        0x2000'6ef0     0x4  Data  Gb  tx_trace_initialize.o [1]
_tx_trace_buffer_end_ptr
                        0x2000'6eec     0x4  Data  Gb  tx_trace_initialize.o [1]
_tx_trace_buffer_start_ptr
                        0x2000'6ee8     0x4  Data  Gb  tx_trace_initialize.o [1]
_tx_trace_event_enable_bits
                        0x2000'6ef4     0x4  Data  Gb  tx_trace_initialize.o [1]
_tx_trace_full_notify_function
                        0x2000'6ef8     0x4  Data  Gb  tx_trace_initialize.o [1]
_tx_trace_header_ptr    0x2000'6edc     0x4  Data  Gb  tx_trace_initialize.o [1]
_tx_trace_initialize     0x801'18b5    0x40  Code  Gb  tx_trace_initialize.o [1]
_tx_trace_object_register
                         0x801'0c49   0x160  Code  Gb  tx_trace_object_register.o [1]
_tx_trace_registry_end_ptr
                        0x2000'6ee4     0x4  Data  Gb  tx_trace_initialize.o [1]
_tx_trace_registry_search_start
                        0x2000'6f04     0x4  Data  Gb  tx_trace_initialize.o [1]
_tx_trace_registry_start_ptr
                        0x2000'6ee0     0x4  Data  Gb  tx_trace_initialize.o [1]
_tx_trace_total_registry_entries
                        0x2000'6efc     0x4  Data  Gb  tx_trace_initialize.o [1]
_txe_event_flags_create
                         0x801'02c9    0xd0  Code  Gb  txe_event_flags_create.o [1]
_txe_event_flags_get     0x800'b8d5    0x94  Code  Gb  txe_event_flags_get.o [1]
_txe_mutex_create        0x801'00e9    0xe4  Code  Gb  txe_mutex_create.o [1]
_txe_mutex_get           0x800'bf5d    0x90  Code  Gb  txe_mutex_get.o [1]
_txe_mutex_put           0x800'bfed    0x58  Code  Gb  txe_mutex_put.o [1]
_txe_thread_create       0x800'fa4d   0x18c  Code  Gb  txe_thread_create.o [1]
_txe_timer_create        0x801'01cd    0xfc  Code  Gb  txe_timer_create.o [1]
abort                    0x800'6b4d     0x6  Code  Gb  abort.o [2]
asc2_1206_lcd            0x800'ed68   0x474  Data  Gb  bsp_font.o [1]
asc2_1608_lcd            0x800'd6c8   0x5f0  Data  Gb  bsp_font.o [1]
asc2_2412_lcd            0x800'81f8   0xd5c  Data  Gb  bsp_font.o [1]
asc2_3216_lcd            0x800'0188  0x2f80  Data  Gb  bsp_font.o [1]
bsp_Can1_Receive_buf     0x800'b581    0xd0  Code  Gb  bsp_can_bus.o [1]
bsp_Can1_Send_buf        0x800'b651    0xb2  Code  Gb  bsp_can_bus.o [1]
bsp_ConfigGpioOut        0x800'a527    0x2c  Code  Gb  bsp_tim_pwm.o [1]
bsp_ConfigTimGpio        0x800'a4eb    0x3c  Code  Gb  bsp_tim_pwm.o [1]
bsp_DelayMS              0x800'4b75    0x12  Code  Gb  bsp_dwt.o [1]
bsp_DelayUS              0x800'4b87    0x26  Code  Gb  bsp_dwt.o [1]
bsp_DetectKey            0x800'bb83    0xf0  Code  Lc  bsp_key.o [1]
bsp_GetAFofTIM           0x800'a42b    0xc0  Code  Gb  bsp_tim_pwm.o [1]
bsp_GetKey               0x800'bb5d    0x26  Code  Gb  bsp_key.o [1]
bsp_I2C_EE_Init          0x800'fd31     0x8  Code  Gb  bsp_iic_bus.o [1]
bsp_InitCan1Bus          0x800'b3b9    0xd6  Code  Gb  bsp_can_bus.o [1]
bsp_InitDWT              0x800'4b59    0x1c  Code  Gb  bsp_dwt.o [1]
bsp_InitKey              0x800'ba37     0xc  Code  Gb  bsp_key.o [1]
bsp_InitKeyHard          0x800'ba43    0x6c  Code  Lc  bsp_key.o [1]
bsp_InitKeyVar           0x800'baaf    0x6a  Code  Lc  bsp_key.o [1]
bsp_InitLcdTouch         0x800'706f     0xc  Code  Gb  bsp_touch.o [1]
bsp_InitLed              0x800'fe1d    0x56  Code  Gb  bsp_led.o [1]
bsp_InitRotationSensor   0x800'9a29    0xba  Code  Gb  bsp_rotation.o [1]
bsp_InitSFlash           0x801'0061    0x42  Code  Gb  bsp_spi_flash.o [1]
bsp_InitSPI1Bus          0x800'ea5d    0x14  Code  Gb  bsp_spi_bus.o [1]
bsp_InitSPI1Param        0x800'ea71    0x90  Code  Gb  bsp_spi_bus.o [1]
bsp_InitSPI2Bus          0x800'ec97     0xe  Code  Gb  bsp_spi_bus.o [1]
bsp_InitSPI2Param        0x800'eca5    0x72  Code  Gb  bsp_spi_bus.o [1]
bsp_InitTimer            0x800'fbe9    0x5e  Code  Gb  ticktim.o [1]
bsp_InitUart             0x800'dcb9     0xc  Code  Gb  bsp_usart_fifo.o [1]
bsp_InitWs2812b          0x800'fef9    0x1a  Code  Gb  bsp_ws2812b.o [1]
bsp_Initlcd              0x800'3289  0x109e  Code  Gb  bsp_lcd.o [1]
bsp_Key_Scan10ms         0x800'bc85    0x1a  Code  Gb  bsp_key.o [1]
bsp_LedOff               0x800'fe99    0x26  Code  Gb  bsp_led.o [1]
bsp_LedOn                0x800'fe73    0x26  Code  Gb  bsp_led.o [1]
bsp_LedToggle            0x800'febf    0x28  Code  Gb  bsp_led.o [1]
bsp_PutKey               0x800'bb45    0x18  Code  Gb  bsp_key.o [1]
bsp_RCC_GPIO_Enable      0x800'a0d9   0x148  Code  Gb  bsp_tim_pwm.o [1]
bsp_RCC_TIM_Enable       0x800'a221   0x20a  Code  Gb  bsp_tim_pwm.o [1]
bsp_RunPer10ms           0x800'fa45     0x8  Code  Gb  system_task_create.o [1]
bsp_SetKeyParam          0x800'bb19    0x2c  Code  Lc  bsp_key.o [1]
bsp_SetTIMOutPWM         0x800'a63d   0x276  Code  Gb  bsp_tim_pwm.o [1]
bsp_SetTIMOutPWM::pwm_led4
                        0x2000'0008   0x420  Data  Lc  bsp_tim_pwm.o [1]
bsp_SetUartParam         0x800'dfe3    0x3e  Code  Gb  bsp_usart_fifo.o [1]
bsp_SoftTimerDec         0x800'fc47    0x20  Code  Lc  ticktim.o [1]
bsp_Spi1BusEnter         0x800'ec87     0x8  Code  Gb  bsp_spi_bus.o [1]
bsp_Spi1BusExit          0x800'ec8f     0x8  Code  Gb  bsp_spi_bus.o [1]
bsp_msg                 0x2000'6cb0    0x2c  Data  Gb  msg_task.o [1]
bsp_spi1Transfer         0x800'ec53    0x34  Code  Gb  bsp_spi_bus.o [1]
can_rx_msg              0x2000'6da0    0x1c  Data  Gb  bsp_can_bus.o [1]
comSendBuf               0x800'e21f    0x2e  Code  Gb  bsp_usart_fifo.o [1]
comSendChar              0x800'e24d    0x12  Code  Gb  bsp_usart_fifo.o [1]
ctp_test                 0x800'79cd   0x130  Code  Gb  bsp_touch.o [1]
exit                     0x801'2033     0x4  Code  Gb  exit.o [2]
fputc                    0x800'e25f    0x16  Code  Gb  bsp_usart_fifo.o [1]
g_RotationTimeHandle    0x2000'6ac4    0x40  Data  Lc  bsp_rotation.o [1]
g_RxBuf2                0x2000'38e8   0x400  Data  Lc  bsp_usart_fifo.o [1]
g_RxBuf3                0x2000'40e8   0x400  Data  Lc  bsp_usart_fifo.o [1]
g_RxBuff1               0x2000'30e8   0x400  Data  Lc  bsp_usart_fifo.o [1]
g_TimHandle             0x2000'6b04    0x40  Data  Gb  bsp_tim_pwm.o [1]
g_TxBuf2                0x2000'34e8   0x400  Data  Lc  bsp_usart_fifo.o [1]
g_TxBuf3                0x2000'3ce8   0x400  Data  Lc  bsp_usart_fifo.o [1]
g_TxBuff1               0x2000'2ce8   0x400  Data  Lc  bsp_usart_fifo.o [1]
g_canrxbuf              0x2000'6e08     0x8  Data  Gb  bsp_can_bus.o [1]
g_iRunTime              0x2000'6e40     0x4  Data  Gb  ticktim.o [1]
g_spiLen                0x2000'6e20     0x4  Data  Gb  bsp_spi_bus.o [1]
g_spiRxBuf              0x2000'14e8  0x1000  Data  Gb  bsp_spi_bus.o [1]
g_spiTxBuf              0x2000'04e8  0x1000  Data  Gb  bsp_spi_bus.o [1]
g_spi_busy              0x2000'6f0d     0x1  Data  Gb  bsp_spi_bus.o [1]
g_tADS1256              0x2000'6d30    0x28  Data  Gb  bsp_spi_ads1256.o [1]
g_tSF                   0x2000'6dbc    0x1c  Data  Gb  bsp_spi_flash.o [1]
g_tUart1                0x2000'6c2c    0x2c  Data  Lc  bsp_usart_fifo.o [1]
g_tUart2                0x2000'6c58    0x2c  Data  Lc  bsp_usart_fifo.o [1]
g_tUart3                0x2000'6c84    0x2c  Data  Lc  bsp_usart_fifo.o [1]
g_ucEnableSystickISR    0x2000'6f10     0x1  Data  Lc  ticktim.o [1]
g_updatecounter         0x2000'6f0c     0x1  Data  Lc  bsp_rotation.o [1]
gui_draw_hline           0x800'7771    0x30  Code  Gb  bsp_touch.o [1]
gui_fill_circle          0x800'77a1    0xf0  Code  Gb  bsp_touch.o [1]
hCAN                    0x2000'6d08    0x28  Data  Gb  bsp_can_bus.o [1]
hdma_ch1                0x2000'68c0    0x60  Data  Lc  bsp_tim_pwm.o [1]
hspi                    0x2000'6920    0x58  Data  Lc  bsp_spi_bus.o [1]
iic_handle              0x2000'69d0    0x54  Data  Gb  bsp_iic_bus.o [1]
ink_spi                 0x2000'6978    0x58  Data  Lc  bsp_spi_bus.o [1]
lcd_draw_bline           0x800'7891   0x102  Code  Gb  bsp_touch.o [1]
lcddev                  0x2000'6de8    0x10  Data  Gb  bsp_lcd.o [1]
ldexp                    0x800'6265          Code  Gb  ldexp.o [3]
ldexpl                   0x800'6265          Code  Gb  ldexp.o [3]
localeconv               0x800'6915     0x4  Code  Gb  xlocale_c.o [2]
main                     0x801'1fe1    0x1e  Code  Gb  main.o [1]
memchr                   0x800'6095          Code  Gb  memchr.o [4]
obuf                    0x2000'6a74    0x50  Data  Lc  xfiles.o [2]
printf                   0x800'4c15    0x28  Code  Gb  printf.o [2]
putchar                  0x801'2129     0xc  Code  Gb  putchar.o [2]
s_BaudRatePrescaler     0x2000'6e14     0x4  Data  Lc  bsp_spi_bus.o [1]
s_CLKPhase              0x2000'6e18     0x4  Data  Lc  bsp_spi_bus.o [1]
s_CLKPolarity           0x2000'6e1c     0x4  Data  Lc  bsp_spi_bus.o [1]
s_gpio_list              0x801'220c    0x10  Data  Lc  bsp_key.o [1]
s_tBtn                  0x2000'6d80    0x20  Data  Lc  bsp_key.o [1]
s_tKey                  0x2000'6dd8    0x10  Data  Lc  bsp_key.o [1]
s_tTmr                  0x2000'6b84    0x40  Data  Lc  ticktim.o [1]
scalbln                  0x800'6265          Code  Gb  ldexp.o [3]
scalblnl                 0x800'6265          Code  Gb  ldexp.o [3]
scalbn                   0x800'6265          Code  Gb  ldexp.o [3]
scalbnl                  0x800'6265          Code  Gb  ldexp.o [3]
scale                    0x800'5eb7    0x46  Code  Lc  xprintffull_nomb.o [2]
sec_hand                0x2000'6f08     0x4  Data  Lc  xfail_s.o [2]
sf_ReadID                0x801'001b    0x46  Code  Gb  bsp_spi_flash.o [1]
sf_ReadInfo              0x800'ff57    0xc4  Code  Gb  bsp_spi_flash.o [1]
sf_SetCS                 0x800'ff21    0x36  Code  Gb  bsp_spi_flash.o [1]
strchr                   0x800'5fed          Code  Gb  strchr.o [4]
strcmp                   0x800'7b51          Code  Gb  strcmp.o [4]
strcpy                   0x801'07d9          Code  Gb  strcpy.o [4]
strlen                   0x800'605d          Code  Gb  strlen.o [4]
tp_dev                  0x2000'0428    0x34  Data  Gb  bsp_touch.o [1]
tx_application_define    0x800'f785    0x8a  Code  Gb  system_task_create.o [1]
tx_thread_fpu_disable    0x801'1611          Code  Gb  tx_thread_schedule.o [1]
tx_thread_fpu_enable     0x801'160f          Code  Gb  tx_thread_schedule.o [1]
uSdHandle               0x2000'673c    0x84  Data  Gb  bsp_sdio_sd.o [1]
vsnprintf                0x800'bf21    0x3c  Code  Gb  vsnprint.o [2]


[1] = J:\Ls_Monitor_Lower\Ls_Monitor_Lower_SW\EW-ARM(v8x)\Flash\Obj
[2] = dl7M_tlf.a
[3] = m7M_tls.a
[4] = rt7M_tl.a
[5] = shb_l.a

  54'719 bytes of readonly  code memory
  20'340 bytes of readonly  data memory
  30'481 bytes of readwrite data memory

Errors: none
Warnings: none
