###############################################################################
#
# IAR ELF Linker V8.50.9.278/W32 for ARM                  13/Jul/2024  01:42:54
# Copyright 2007-2020 IAR Systems AB.
#
#    Output file  =
#        K:\Ls_Monitor_Lower\Ls_Monitor_Lower_SW\EW-ARM(v8x)\Flash\Exe\Run_Xian.out
#    Map file     =
#        K:\Ls_Monitor_Lower\Ls_Monitor_Lower_SW\EW-ARM(v8x)\Flash\List\Run_Xian.map
#    Command line =
#        -f C:\Users\ADMINI~1\AppData\Local\Temp\EWFDE3.tmp
#        ("K:\Ls_Monitor_Lower\Ls_Monitor_Lower_SW\EW-ARM(v8x)\Flash\Obj\about_phone_ui.o"
#        "K:\Ls_Monitor_Lower\Ls_Monitor_Lower_SW\EW-ARM(v8x)\Flash\Obj\adjust_pedal.o"
#        "K:\Ls_Monitor_Lower\Ls_Monitor_Lower_SW\EW-ARM(v8x)\Flash\Obj\battery_box.o"
#        "K:\Ls_Monitor_Lower\Ls_Monitor_Lower_SW\EW-ARM(v8x)\Flash\Obj\bsp_can_bus.o"
#        "K:\Ls_Monitor_Lower\Ls_Monitor_Lower_SW\EW-ARM(v8x)\Flash\Obj\bsp_dwt.o"
#        "K:\Ls_Monitor_Lower\Ls_Monitor_Lower_SW\EW-ARM(v8x)\Flash\Obj\bsp_font.o"
#        "K:\Ls_Monitor_Lower\Ls_Monitor_Lower_SW\EW-ARM(v8x)\Flash\Obj\bsp_iic_bus.o"
#        "K:\Ls_Monitor_Lower\Ls_Monitor_Lower_SW\EW-ARM(v8x)\Flash\Obj\bsp_inkscreen.o"
#        "K:\Ls_Monitor_Lower\Ls_Monitor_Lower_SW\EW-ARM(v8x)\Flash\Obj\bsp_key.o"
#        "K:\Ls_Monitor_Lower\Ls_Monitor_Lower_SW\EW-ARM(v8x)\Flash\Obj\bsp_lcd.o"
#        "K:\Ls_Monitor_Lower\Ls_Monitor_Lower_SW\EW-ARM(v8x)\Flash\Obj\bsp_led.o"
#        "K:\Ls_Monitor_Lower\Ls_Monitor_Lower_SW\EW-ARM(v8x)\Flash\Obj\bsp_mlx90614.o"
#        "K:\Ls_Monitor_Lower\Ls_Monitor_Lower_SW\EW-ARM(v8x)\Flash\Obj\bsp_rotation.o"
#        "K:\Ls_Monitor_Lower\Ls_Monitor_Lower_SW\EW-ARM(v8x)\Flash\Obj\bsp_sdio_sd.o"
#        "K:\Ls_Monitor_Lower\Ls_Monitor_Lower_SW\EW-ARM(v8x)\Flash\Obj\bsp_spi_bus.o"
#        "K:\Ls_Monitor_Lower\Ls_Monitor_Lower_SW\EW-ARM(v8x)\Flash\Obj\bsp_spi_flash.o"
#        "K:\Ls_Monitor_Lower\Ls_Monitor_Lower_SW\EW-ARM(v8x)\Flash\Obj\bsp_spi_flash_demo.o"
#        "K:\Ls_Monitor_Lower\Ls_Monitor_Lower_SW\EW-ARM(v8x)\Flash\Obj\bsp_sram.o"
#        "K:\Ls_Monitor_Lower\Ls_Monitor_Lower_SW\EW-ARM(v8x)\Flash\Obj\bsp_tim_pwm.o"
#        "K:\Ls_Monitor_Lower\Ls_Monitor_Lower_SW\EW-ARM(v8x)\Flash\Obj\bsp_touch.o"
#        "K:\Ls_Monitor_Lower\Ls_Monitor_Lower_SW\EW-ARM(v8x)\Flash\Obj\bsp_usart_fifo.o"
#        "K:\Ls_Monitor_Lower\Ls_Monitor_Lower_SW\EW-ARM(v8x)\Flash\Obj\bsp_ws2812b.o"
#        "K:\Ls_Monitor_Lower\Ls_Monitor_Lower_SW\EW-ARM(v8x)\Flash\Obj\cc936.o"
#        "K:\Ls_Monitor_Lower\Ls_Monitor_Lower_SW\EW-ARM(v8x)\Flash\Obj\cool_control.o"
#        "K:\Ls_Monitor_Lower\Ls_Monitor_Lower_SW\EW-ARM(v8x)\Flash\Obj\diskio.o"
#        "K:\Ls_Monitor_Lower\Ls_Monitor_Lower_SW\EW-ARM(v8x)\Flash\Obj\ff.o"
#        "K:\Ls_Monitor_Lower\Ls_Monitor_Lower_SW\EW-ARM(v8x)\Flash\Obj\ff_gen_drv.o"
#        "K:\Ls_Monitor_Lower\Ls_Monitor_Lower_SW\EW-ARM(v8x)\Flash\Obj\gui_task.o"
#        "K:\Ls_Monitor_Lower\Ls_Monitor_Lower_SW\EW-ARM(v8x)\Flash\Obj\HardFaultHandler.o"
#        "K:\Ls_Monitor_Lower\Ls_Monitor_Lower_SW\EW-ARM(v8x)\Flash\Obj\iwdg.o"
#        "K:\Ls_Monitor_Lower\Ls_Monitor_Lower_SW\EW-ARM(v8x)\Flash\Obj\lv_anim.o"
#        "K:\Ls_Monitor_Lower\Ls_Monitor_Lower_SW\EW-ARM(v8x)\Flash\Obj\lv_anim_timeline.o"
#        "K:\Ls_Monitor_Lower\Ls_Monitor_Lower_SW\EW-ARM(v8x)\Flash\Obj\lv_animimg.o"
#        "K:\Ls_Monitor_Lower\Ls_Monitor_Lower_SW\EW-ARM(v8x)\Flash\Obj\lv_arc.o"
#        "K:\Ls_Monitor_Lower\Ls_Monitor_Lower_SW\EW-ARM(v8x)\Flash\Obj\lv_area.o"
#        "K:\Ls_Monitor_Lower\Ls_Monitor_Lower_SW\EW-ARM(v8x)\Flash\Obj\lv_async.o"
#        "K:\Ls_Monitor_Lower\Ls_Monitor_Lower_SW\EW-ARM(v8x)\Flash\Obj\lv_bar.o"
#        "K:\Ls_Monitor_Lower\Ls_Monitor_Lower_SW\EW-ARM(v8x)\Flash\Obj\lv_bidi.o"
#        "K:\Ls_Monitor_Lower\Ls_Monitor_Lower_SW\EW-ARM(v8x)\Flash\Obj\lv_btn.o"
#        "K:\Ls_Monitor_Lower\Ls_Monitor_Lower_SW\EW-ARM(v8x)\Flash\Obj\lv_btnmatrix.o"
#        "K:\Ls_Monitor_Lower\Ls_Monitor_Lower_SW\EW-ARM(v8x)\Flash\Obj\lv_calendar.o"
#        "K:\Ls_Monitor_Lower\Ls_Monitor_Lower_SW\EW-ARM(v8x)\Flash\Obj\lv_calendar_header_arrow.o"
#        "K:\Ls_Monitor_Lower\Ls_Monitor_Lower_SW\EW-ARM(v8x)\Flash\Obj\lv_calendar_header_dropdown.o"
#        "K:\Ls_Monitor_Lower\Ls_Monitor_Lower_SW\EW-ARM(v8x)\Flash\Obj\lv_canvas.o"
#        "K:\Ls_Monitor_Lower\Ls_Monitor_Lower_SW\EW-ARM(v8x)\Flash\Obj\lv_chart.o"
#        "K:\Ls_Monitor_Lower\Ls_Monitor_Lower_SW\EW-ARM(v8x)\Flash\Obj\lv_checkbox.o"
#        "K:\Ls_Monitor_Lower\Ls_Monitor_Lower_SW\EW-ARM(v8x)\Flash\Obj\lv_color.o"
#        "K:\Ls_Monitor_Lower\Ls_Monitor_Lower_SW\EW-ARM(v8x)\Flash\Obj\lv_colorwheel.o"
#        "K:\Ls_Monitor_Lower\Ls_Monitor_Lower_SW\EW-ARM(v8x)\Flash\Obj\lv_disp.o"
#        "K:\Ls_Monitor_Lower\Ls_Monitor_Lower_SW\EW-ARM(v8x)\Flash\Obj\lv_draw.o"
#        "K:\Ls_Monitor_Lower\Ls_Monitor_Lower_SW\EW-ARM(v8x)\Flash\Obj\lv_draw_arc.o"
#        "K:\Ls_Monitor_Lower\Ls_Monitor_Lower_SW\EW-ARM(v8x)\Flash\Obj\lv_draw_img.o"
#        "K:\Ls_Monitor_Lower\Ls_Monitor_Lower_SW\EW-ARM(v8x)\Flash\Obj\lv_draw_label.o"
#        "K:\Ls_Monitor_Lower\Ls_Monitor_Lower_SW\EW-ARM(v8x)\Flash\Obj\lv_draw_layer.o"
#        "K:\Ls_Monitor_Lower\Ls_Monitor_Lower_SW\EW-ARM(v8x)\Flash\Obj\lv_draw_line.o"
#        "K:\Ls_Monitor_Lower\Ls_Monitor_Lower_SW\EW-ARM(v8x)\Flash\Obj\lv_draw_mask.o"
#        "K:\Ls_Monitor_Lower\Ls_Monitor_Lower_SW\EW-ARM(v8x)\Flash\Obj\lv_draw_rect.o"
#        "K:\Ls_Monitor_Lower\Ls_Monitor_Lower_SW\EW-ARM(v8x)\Flash\Obj\lv_draw_sw.o"
#        "K:\Ls_Monitor_Lower\Ls_Monitor_Lower_SW\EW-ARM(v8x)\Flash\Obj\lv_draw_sw_arc.o"
#        "K:\Ls_Monitor_Lower\Ls_Monitor_Lower_SW\EW-ARM(v8x)\Flash\Obj\lv_draw_sw_blend.o"
#        "K:\Ls_Monitor_Lower\Ls_Monitor_Lower_SW\EW-ARM(v8x)\Flash\Obj\lv_draw_sw_dither.o"
#        "K:\Ls_Monitor_Lower\Ls_Monitor_Lower_SW\EW-ARM(v8x)\Flash\Obj\lv_draw_sw_gradient.o"
#        "K:\Ls_Monitor_Lower\Ls_Monitor_Lower_SW\EW-ARM(v8x)\Flash\Obj\lv_draw_sw_img.o"
#        "K:\Ls_Monitor_Lower\Ls_Monitor_Lower_SW\EW-ARM(v8x)\Flash\Obj\lv_draw_sw_layer.o"
#        "K:\Ls_Monitor_Lower\Ls_Monitor_Lower_SW\EW-ARM(v8x)\Flash\Obj\lv_draw_sw_letter.o"
#        "K:\Ls_Monitor_Lower\Ls_Monitor_Lower_SW\EW-ARM(v8x)\Flash\Obj\lv_draw_sw_line.o"
#        "K:\Ls_Monitor_Lower\Ls_Monitor_Lower_SW\EW-ARM(v8x)\Flash\Obj\lv_draw_sw_polygon.o"
#        "K:\Ls_Monitor_Lower\Ls_Monitor_Lower_SW\EW-ARM(v8x)\Flash\Obj\lv_draw_sw_rect.o"
#        "K:\Ls_Monitor_Lower\Ls_Monitor_Lower_SW\EW-ARM(v8x)\Flash\Obj\lv_draw_sw_transform.o"
#        "K:\Ls_Monitor_Lower\Ls_Monitor_Lower_SW\EW-ARM(v8x)\Flash\Obj\lv_draw_transform.o"
#        "K:\Ls_Monitor_Lower\Ls_Monitor_Lower_SW\EW-ARM(v8x)\Flash\Obj\lv_draw_triangle.o"
#        "K:\Ls_Monitor_Lower\Ls_Monitor_Lower_SW\EW-ARM(v8x)\Flash\Obj\lv_dropdown.o"
#        "K:\Ls_Monitor_Lower\Ls_Monitor_Lower_SW\EW-ARM(v8x)\Flash\Obj\lv_event.o"
#        "K:\Ls_Monitor_Lower\Ls_Monitor_Lower_SW\EW-ARM(v8x)\Flash\Obj\lv_extra.o"
#        "K:\Ls_Monitor_Lower\Ls_Monitor_Lower_SW\EW-ARM(v8x)\Flash\Obj\lv_flex.o"
#        "K:\Ls_Monitor_Lower\Ls_Monitor_Lower_SW\EW-ARM(v8x)\Flash\Obj\lv_font.o"
#        "K:\Ls_Monitor_Lower\Ls_Monitor_Lower_SW\EW-ARM(v8x)\Flash\Obj\lv_font_dejavu_16_persian_hebrew.o"
#        "K:\Ls_Monitor_Lower\Ls_Monitor_Lower_SW\EW-ARM(v8x)\Flash\Obj\lv_font_fmt_txt.o"
#        "K:\Ls_Monitor_Lower\Ls_Monitor_Lower_SW\EW-ARM(v8x)\Flash\Obj\lv_font_loader.o"
#        "K:\Ls_Monitor_Lower\Ls_Monitor_Lower_SW\EW-ARM(v8x)\Flash\Obj\lv_font_montserrat_10.o"
#        "K:\Ls_Monitor_Lower\Ls_Monitor_Lower_SW\EW-ARM(v8x)\Flash\Obj\lv_font_montserrat_12.o"
#        "K:\Ls_Monitor_Lower\Ls_Monitor_Lower_SW\EW-ARM(v8x)\Flash\Obj\lv_font_montserrat_12_subpx.o"
#        "K:\Ls_Monitor_Lower\Ls_Monitor_Lower_SW\EW-ARM(v8x)\Flash\Obj\lv_font_montserrat_14.o"
#        "K:\Ls_Monitor_Lower\Ls_Monitor_Lower_SW\EW-ARM(v8x)\Flash\Obj\lv_font_montserrat_16.o"
#        "K:\Ls_Monitor_Lower\Ls_Monitor_Lower_SW\EW-ARM(v8x)\Flash\Obj\lv_font_montserrat_24.o"
#        "K:\Ls_Monitor_Lower\Ls_Monitor_Lower_SW\EW-ARM(v8x)\Flash\Obj\lv_font_montserrat_8.o"
#        "K:\Ls_Monitor_Lower\Ls_Monitor_Lower_SW\EW-ARM(v8x)\Flash\Obj\lv_font_simsun_16_cjk.o"
#        "K:\Ls_Monitor_Lower\Ls_Monitor_Lower_SW\EW-ARM(v8x)\Flash\Obj\lv_font_unscii_16.o"
#        "K:\Ls_Monitor_Lower\Ls_Monitor_Lower_SW\EW-ARM(v8x)\Flash\Obj\lv_font_unscii_8.o"
#        "K:\Ls_Monitor_Lower\Ls_Monitor_Lower_SW\EW-ARM(v8x)\Flash\Obj\lv_fragment.o"
#        "K:\Ls_Monitor_Lower\Ls_Monitor_Lower_SW\EW-ARM(v8x)\Flash\Obj\lv_fragment_manager.o"
#        "K:\Ls_Monitor_Lower\Ls_Monitor_Lower_SW\EW-ARM(v8x)\Flash\Obj\lv_fs.o"
#        "K:\Ls_Monitor_Lower\Ls_Monitor_Lower_SW\EW-ARM(v8x)\Flash\Obj\lv_fs_fatfs.o"
#        "K:\Ls_Monitor_Lower\Ls_Monitor_Lower_SW\EW-ARM(v8x)\Flash\Obj\lv_gc.o"
#        "K:\Ls_Monitor_Lower\Ls_Monitor_Lower_SW\EW-ARM(v8x)\Flash\Obj\lv_grid.o"
#        "K:\Ls_Monitor_Lower\Ls_Monitor_Lower_SW\EW-ARM(v8x)\Flash\Obj\lv_gridnav.o"
#        "K:\Ls_Monitor_Lower\Ls_Monitor_Lower_SW\EW-ARM(v8x)\Flash\Obj\lv_group.o"
#        "K:\Ls_Monitor_Lower\Ls_Monitor_Lower_SW\EW-ARM(v8x)\Flash\Obj\lv_hal_disp.o"
#        "K:\Ls_Monitor_Lower\Ls_Monitor_Lower_SW\EW-ARM(v8x)\Flash\Obj\lv_hal_indev.o"
#        "K:\Ls_Monitor_Lower\Ls_Monitor_Lower_SW\EW-ARM(v8x)\Flash\Obj\lv_hal_tick.o"
#        "K:\Ls_Monitor_Lower\Ls_Monitor_Lower_SW\EW-ARM(v8x)\Flash\Obj\lv_ime_pinyin.o"
#        "K:\Ls_Monitor_Lower\Ls_Monitor_Lower_SW\EW-ARM(v8x)\Flash\Obj\lv_img.o"
#        "K:\Ls_Monitor_Lower\Ls_Monitor_Lower_SW\EW-ARM(v8x)\Flash\Obj\lv_img_buf.o"
#        "K:\Ls_Monitor_Lower\Ls_Monitor_Lower_SW\EW-ARM(v8x)\Flash\Obj\lv_img_cache.o"
#        "K:\Ls_Monitor_Lower\Ls_Monitor_Lower_SW\EW-ARM(v8x)\Flash\Obj\lv_img_decoder.o"
#        "K:\Ls_Monitor_Lower\Ls_Monitor_Lower_SW\EW-ARM(v8x)\Flash\Obj\lv_imgbtn.o"
#        "K:\Ls_Monitor_Lower\Ls_Monitor_Lower_SW\EW-ARM(v8x)\Flash\Obj\lv_imgfont.o"
#        "K:\Ls_Monitor_Lower\Ls_Monitor_Lower_SW\EW-ARM(v8x)\Flash\Obj\lv_indev.o"
#        "K:\Ls_Monitor_Lower\Ls_Monitor_Lower_SW\EW-ARM(v8x)\Flash\Obj\lv_indev_scroll.o"
#        "K:\Ls_Monitor_Lower\Ls_Monitor_Lower_SW\EW-ARM(v8x)\Flash\Obj\lv_keyboard.o"
#        "K:\Ls_Monitor_Lower\Ls_Monitor_Lower_SW\EW-ARM(v8x)\Flash\Obj\lv_label.o"
#        "K:\Ls_Monitor_Lower\Ls_Monitor_Lower_SW\EW-ARM(v8x)\Flash\Obj\lv_led.o"
#        "K:\Ls_Monitor_Lower\Ls_Monitor_Lower_SW\EW-ARM(v8x)\Flash\Obj\lv_line.o"
#        "K:\Ls_Monitor_Lower\Ls_Monitor_Lower_SW\EW-ARM(v8x)\Flash\Obj\lv_list.o"
#        "K:\Ls_Monitor_Lower\Ls_Monitor_Lower_SW\EW-ARM(v8x)\Flash\Obj\lv_ll.o"
#        "K:\Ls_Monitor_Lower\Ls_Monitor_Lower_SW\EW-ARM(v8x)\Flash\Obj\lv_log.o"
#        "K:\Ls_Monitor_Lower\Ls_Monitor_Lower_SW\EW-ARM(v8x)\Flash\Obj\lv_lru.o"
#        "K:\Ls_Monitor_Lower\Ls_Monitor_Lower_SW\EW-ARM(v8x)\Flash\Obj\lv_math.o"
#        "K:\Ls_Monitor_Lower\Ls_Monitor_Lower_SW\EW-ARM(v8x)\Flash\Obj\lv_mem.o"
#        "K:\Ls_Monitor_Lower\Ls_Monitor_Lower_SW\EW-ARM(v8x)\Flash\Obj\lv_menu.o"
#        "K:\Ls_Monitor_Lower\Ls_Monitor_Lower_SW\EW-ARM(v8x)\Flash\Obj\lv_meter.o"
#        "K:\Ls_Monitor_Lower\Ls_Monitor_Lower_SW\EW-ARM(v8x)\Flash\Obj\lv_monkey.o"
#        "K:\Ls_Monitor_Lower\Ls_Monitor_Lower_SW\EW-ARM(v8x)\Flash\Obj\lv_msg.o"
#        "K:\Ls_Monitor_Lower\Ls_Monitor_Lower_SW\EW-ARM(v8x)\Flash\Obj\lv_msgbox.o"
#        "K:\Ls_Monitor_Lower\Ls_Monitor_Lower_SW\EW-ARM(v8x)\Flash\Obj\lv_obj.o"
#        "K:\Ls_Monitor_Lower\Ls_Monitor_Lower_SW\EW-ARM(v8x)\Flash\Obj\lv_obj_class.o"
#        "K:\Ls_Monitor_Lower\Ls_Monitor_Lower_SW\EW-ARM(v8x)\Flash\Obj\lv_obj_draw.o"
#        "K:\Ls_Monitor_Lower\Ls_Monitor_Lower_SW\EW-ARM(v8x)\Flash\Obj\lv_obj_pos.o"
#        "K:\Ls_Monitor_Lower\Ls_Monitor_Lower_SW\EW-ARM(v8x)\Flash\Obj\lv_obj_scroll.o"
#        "K:\Ls_Monitor_Lower\Ls_Monitor_Lower_SW\EW-ARM(v8x)\Flash\Obj\lv_obj_style.o"
#        "K:\Ls_Monitor_Lower\Ls_Monitor_Lower_SW\EW-ARM(v8x)\Flash\Obj\lv_obj_style_gen.o"
#        "K:\Ls_Monitor_Lower\Ls_Monitor_Lower_SW\EW-ARM(v8x)\Flash\Obj\lv_obj_tree.o"
#        "K:\Ls_Monitor_Lower\Ls_Monitor_Lower_SW\EW-ARM(v8x)\Flash\Obj\lv_objx_templ.o"
#        "K:\Ls_Monitor_Lower\Ls_Monitor_Lower_SW\EW-ARM(v8x)\Flash\Obj\lv_port_disp_template.o"
#        "K:\Ls_Monitor_Lower\Ls_Monitor_Lower_SW\EW-ARM(v8x)\Flash\Obj\lv_port_indev_template.o"
#        "K:\Ls_Monitor_Lower\Ls_Monitor_Lower_SW\EW-ARM(v8x)\Flash\Obj\lv_printf.o"
#        "K:\Ls_Monitor_Lower\Ls_Monitor_Lower_SW\EW-ARM(v8x)\Flash\Obj\lv_refr.o"
#        "K:\Ls_Monitor_Lower\Ls_Monitor_Lower_SW\EW-ARM(v8x)\Flash\Obj\lv_roller.o"
#        "K:\Ls_Monitor_Lower\Ls_Monitor_Lower_SW\EW-ARM(v8x)\Flash\Obj\lv_slider.o"
#        "K:\Ls_Monitor_Lower\Ls_Monitor_Lower_SW\EW-ARM(v8x)\Flash\Obj\lv_snapshot.o"
#        "K:\Ls_Monitor_Lower\Ls_Monitor_Lower_SW\EW-ARM(v8x)\Flash\Obj\lv_span.o"
#        "K:\Ls_Monitor_Lower\Ls_Monitor_Lower_SW\EW-ARM(v8x)\Flash\Obj\lv_spinbox.o"
#        "K:\Ls_Monitor_Lower\Ls_Monitor_Lower_SW\EW-ARM(v8x)\Flash\Obj\lv_spinner.o"
#        "K:\Ls_Monitor_Lower\Ls_Monitor_Lower_SW\EW-ARM(v8x)\Flash\Obj\lv_style.o"
#        "K:\Ls_Monitor_Lower\Ls_Monitor_Lower_SW\EW-ARM(v8x)\Flash\Obj\lv_style_gen.o"
#        "K:\Ls_Monitor_Lower\Ls_Monitor_Lower_SW\EW-ARM(v8x)\Flash\Obj\lv_switch.o"
#        "K:\Ls_Monitor_Lower\Ls_Monitor_Lower_SW\EW-ARM(v8x)\Flash\Obj\lv_table.o"
#        "K:\Ls_Monitor_Lower\Ls_Monitor_Lower_SW\EW-ARM(v8x)\Flash\Obj\lv_tabview.o"
#        "K:\Ls_Monitor_Lower\Ls_Monitor_Lower_SW\EW-ARM(v8x)\Flash\Obj\lv_templ.o"
#        "K:\Ls_Monitor_Lower\Ls_Monitor_Lower_SW\EW-ARM(v8x)\Flash\Obj\lv_textarea.o"
#        "K:\Ls_Monitor_Lower\Ls_Monitor_Lower_SW\EW-ARM(v8x)\Flash\Obj\lv_theme.o"
#        "K:\Ls_Monitor_Lower\Ls_Monitor_Lower_SW\EW-ARM(v8x)\Flash\Obj\lv_theme_basic.o"
#        "K:\Ls_Monitor_Lower\Ls_Monitor_Lower_SW\EW-ARM(v8x)\Flash\Obj\lv_theme_default.o"
#        "K:\Ls_Monitor_Lower\Ls_Monitor_Lower_SW\EW-ARM(v8x)\Flash\Obj\lv_theme_mono.o"
#        "K:\Ls_Monitor_Lower\Ls_Monitor_Lower_SW\EW-ARM(v8x)\Flash\Obj\lv_tileview.o"
#        "K:\Ls_Monitor_Lower\Ls_Monitor_Lower_SW\EW-ARM(v8x)\Flash\Obj\lv_timer.o"
#        "K:\Ls_Monitor_Lower\Ls_Monitor_Lower_SW\EW-ARM(v8x)\Flash\Obj\lv_tlsf.o"
#        "K:\Ls_Monitor_Lower\Ls_Monitor_Lower_SW\EW-ARM(v8x)\Flash\Obj\lv_txt.o"
#        "K:\Ls_Monitor_Lower\Ls_Monitor_Lower_SW\EW-ARM(v8x)\Flash\Obj\lv_txt_ap.o"
#        "K:\Ls_Monitor_Lower\Ls_Monitor_Lower_SW\EW-ARM(v8x)\Flash\Obj\lv_utils.o"
#        "K:\Ls_Monitor_Lower\Ls_Monitor_Lower_SW\EW-ARM(v8x)\Flash\Obj\lv_win.o"
#        "K:\Ls_Monitor_Lower\Ls_Monitor_Lower_SW\EW-ARM(v8x)\Flash\Obj\main.o"
#        "K:\Ls_Monitor_Lower\Ls_Monitor_Lower_SW\EW-ARM(v8x)\Flash\Obj\Monitor.o"
#        "K:\Ls_Monitor_Lower\Ls_Monitor_Lower_SW\EW-ARM(v8x)\Flash\Obj\motor_control_ui.o"
#        "K:\Ls_Monitor_Lower\Ls_Monitor_Lower_SW\EW-ARM(v8x)\Flash\Obj\msg_task.o"
#        "K:\Ls_Monitor_Lower\Ls_Monitor_Lower_SW\EW-ARM(v8x)\Flash\Obj\myFont20.o"
#        "K:\Ls_Monitor_Lower\Ls_Monitor_Lower_SW\EW-ARM(v8x)\Flash\Obj\myFont36.o"
#        "K:\Ls_Monitor_Lower\Ls_Monitor_Lower_SW\EW-ARM(v8x)\Flash\Obj\sd_diskio_dma.o"
#        "K:\Ls_Monitor_Lower\Ls_Monitor_Lower_SW\EW-ARM(v8x)\Flash\Obj\SEGGER_HardFaultHandler.o"
#        "K:\Ls_Monitor_Lower\Ls_Monitor_Lower_SW\EW-ARM(v8x)\Flash\Obj\sensor_ui.o"
#        "K:\Ls_Monitor_Lower\Ls_Monitor_Lower_SW\EW-ARM(v8x)\Flash\Obj\set_up.o"
#        "K:\Ls_Monitor_Lower\Ls_Monitor_Lower_SW\EW-ARM(v8x)\Flash\Obj\startup_stm32f407xx.o"
#        "K:\Ls_Monitor_Lower\Ls_Monitor_Lower_SW\EW-ARM(v8x)\Flash\Obj\statistic_task.o"
#        "K:\Ls_Monitor_Lower\Ls_Monitor_Lower_SW\EW-ARM(v8x)\Flash\Obj\stm32f4xx_hal.o"
#        "K:\Ls_Monitor_Lower\Ls_Monitor_Lower_SW\EW-ARM(v8x)\Flash\Obj\stm32f4xx_hal_can.o"
#        "K:\Ls_Monitor_Lower\Ls_Monitor_Lower_SW\EW-ARM(v8x)\Flash\Obj\stm32f4xx_hal_cortex.o"
#        "K:\Ls_Monitor_Lower\Ls_Monitor_Lower_SW\EW-ARM(v8x)\Flash\Obj\stm32f4xx_hal_crc.o"
#        "K:\Ls_Monitor_Lower\Ls_Monitor_Lower_SW\EW-ARM(v8x)\Flash\Obj\stm32f4xx_hal_dma.o"
#        "K:\Ls_Monitor_Lower\Ls_Monitor_Lower_SW\EW-ARM(v8x)\Flash\Obj\stm32f4xx_hal_dma_ex.o"
#        "K:\Ls_Monitor_Lower\Ls_Monitor_Lower_SW\EW-ARM(v8x)\Flash\Obj\stm32f4xx_hal_eth.o"
#        "K:\Ls_Monitor_Lower\Ls_Monitor_Lower_SW\EW-ARM(v8x)\Flash\Obj\stm32f4xx_hal_gpio.o"
#        "K:\Ls_Monitor_Lower\Ls_Monitor_Lower_SW\EW-ARM(v8x)\Flash\Obj\stm32f4xx_hal_i2c.o"
#        "K:\Ls_Monitor_Lower\Ls_Monitor_Lower_SW\EW-ARM(v8x)\Flash\Obj\stm32f4xx_hal_i2c_ex.o"
#        "K:\Ls_Monitor_Lower\Ls_Monitor_Lower_SW\EW-ARM(v8x)\Flash\Obj\stm32f4xx_hal_iwdg.o"
#        "K:\Ls_Monitor_Lower\Ls_Monitor_Lower_SW\EW-ARM(v8x)\Flash\Obj\stm32f4xx_hal_msp.o"
#        "K:\Ls_Monitor_Lower\Ls_Monitor_Lower_SW\EW-ARM(v8x)\Flash\Obj\stm32f4xx_hal_pwr.o"
#        "K:\Ls_Monitor_Lower\Ls_Monitor_Lower_SW\EW-ARM(v8x)\Flash\Obj\stm32f4xx_hal_pwr_ex.o"
#        "K:\Ls_Monitor_Lower\Ls_Monitor_Lower_SW\EW-ARM(v8x)\Flash\Obj\stm32f4xx_hal_rcc.o"
#        "K:\Ls_Monitor_Lower\Ls_Monitor_Lower_SW\EW-ARM(v8x)\Flash\Obj\stm32f4xx_hal_rcc_ex.o"
#        "K:\Ls_Monitor_Lower\Ls_Monitor_Lower_SW\EW-ARM(v8x)\Flash\Obj\stm32f4xx_hal_sd.o"
#        "K:\Ls_Monitor_Lower\Ls_Monitor_Lower_SW\EW-ARM(v8x)\Flash\Obj\stm32f4xx_hal_spi.o"
#        "K:\Ls_Monitor_Lower\Ls_Monitor_Lower_SW\EW-ARM(v8x)\Flash\Obj\stm32f4xx_hal_sram.o"
#        "K:\Ls_Monitor_Lower\Ls_Monitor_Lower_SW\EW-ARM(v8x)\Flash\Obj\stm32f4xx_hal_tim.o"
#        "K:\Ls_Monitor_Lower\Ls_Monitor_Lower_SW\EW-ARM(v8x)\Flash\Obj\stm32f4xx_hal_tim_ex.o"
#        "K:\Ls_Monitor_Lower\Ls_Monitor_Lower_SW\EW-ARM(v8x)\Flash\Obj\stm32f4xx_hal_uart.o"
#        "K:\Ls_Monitor_Lower\Ls_Monitor_Lower_SW\EW-ARM(v8x)\Flash\Obj\stm32f4xx_it.o"
#        "K:\Ls_Monitor_Lower\Ls_Monitor_Lower_SW\EW-ARM(v8x)\Flash\Obj\stm32f4xx_ll_fsmc.o"
#        "K:\Ls_Monitor_Lower\Ls_Monitor_Lower_SW\EW-ARM(v8x)\Flash\Obj\stm32f4xx_ll_sdmmc.o"
#        "K:\Ls_Monitor_Lower\Ls_Monitor_Lower_SW\EW-ARM(v8x)\Flash\Obj\sys.o"
#        "K:\Ls_Monitor_Lower\Ls_Monitor_Lower_SW\EW-ARM(v8x)\Flash\Obj\syscall.o"
#        "K:\Ls_Monitor_Lower\Ls_Monitor_Lower_SW\EW-ARM(v8x)\Flash\Obj\system_stm32f4xx.o"
#        "K:\Ls_Monitor_Lower\Ls_Monitor_Lower_SW\EW-ARM(v8x)\Flash\Obj\system_task_create.o"
#        "K:\Ls_Monitor_Lower\Ls_Monitor_Lower_SW\EW-ARM(v8x)\Flash\Obj\ticktim.o"
#        "K:\Ls_Monitor_Lower\Ls_Monitor_Lower_SW\EW-ARM(v8x)\Flash\Obj\tx_block_allocate.o"
#        "K:\Ls_Monitor_Lower\Ls_Monitor_Lower_SW\EW-ARM(v8x)\Flash\Obj\tx_block_pool_cleanup.o"
#        "K:\Ls_Monitor_Lower\Ls_Monitor_Lower_SW\EW-ARM(v8x)\Flash\Obj\tx_block_pool_create.o"
#        "K:\Ls_Monitor_Lower\Ls_Monitor_Lower_SW\EW-ARM(v8x)\Flash\Obj\tx_block_pool_delete.o"
#        "K:\Ls_Monitor_Lower\Ls_Monitor_Lower_SW\EW-ARM(v8x)\Flash\Obj\tx_block_pool_info_get.o"
#        "K:\Ls_Monitor_Lower\Ls_Monitor_Lower_SW\EW-ARM(v8x)\Flash\Obj\tx_block_pool_initialize.o"
#        "K:\Ls_Monitor_Lower\Ls_Monitor_Lower_SW\EW-ARM(v8x)\Flash\Obj\tx_block_pool_performance_info_get.o"
#        "K:\Ls_Monitor_Lower\Ls_Monitor_Lower_SW\EW-ARM(v8x)\Flash\Obj\tx_block_pool_performance_system_info_get.o"
#        "K:\Ls_Monitor_Lower\Ls_Monitor_Lower_SW\EW-ARM(v8x)\Flash\Obj\tx_block_pool_prioritize.o"
#        "K:\Ls_Monitor_Lower\Ls_Monitor_Lower_SW\EW-ARM(v8x)\Flash\Obj\tx_block_release.o"
#        "K:\Ls_Monitor_Lower\Ls_Monitor_Lower_SW\EW-ARM(v8x)\Flash\Obj\tx_byte_allocate.o"
#        "K:\Ls_Monitor_Lower\Ls_Monitor_Lower_SW\EW-ARM(v8x)\Flash\Obj\tx_byte_pool_cleanup.o"
#        "K:\Ls_Monitor_Lower\Ls_Monitor_Lower_SW\EW-ARM(v8x)\Flash\Obj\tx_byte_pool_create.o"
#        "K:\Ls_Monitor_Lower\Ls_Monitor_Lower_SW\EW-ARM(v8x)\Flash\Obj\tx_byte_pool_delete.o"
#        "K:\Ls_Monitor_Lower\Ls_Monitor_Lower_SW\EW-ARM(v8x)\Flash\Obj\tx_byte_pool_info_get.o"
#        "K:\Ls_Monitor_Lower\Ls_Monitor_Lower_SW\EW-ARM(v8x)\Flash\Obj\tx_byte_pool_initialize.o"
#        "K:\Ls_Monitor_Lower\Ls_Monitor_Lower_SW\EW-ARM(v8x)\Flash\Obj\tx_byte_pool_performance_info_get.o"
#        "K:\Ls_Monitor_Lower\Ls_Monitor_Lower_SW\EW-ARM(v8x)\Flash\Obj\tx_byte_pool_performance_system_info_get.o"
#        "K:\Ls_Monitor_Lower\Ls_Monitor_Lower_SW\EW-ARM(v8x)\Flash\Obj\tx_byte_pool_prioritize.o"
#        "K:\Ls_Monitor_Lower\Ls_Monitor_Lower_SW\EW-ARM(v8x)\Flash\Obj\tx_byte_pool_search.o"
#        "K:\Ls_Monitor_Lower\Ls_Monitor_Lower_SW\EW-ARM(v8x)\Flash\Obj\tx_byte_release.o"
#        "K:\Ls_Monitor_Lower\Ls_Monitor_Lower_SW\EW-ARM(v8x)\Flash\Obj\tx_event_flags_cleanup.o"
#        "K:\Ls_Monitor_Lower\Ls_Monitor_Lower_SW\EW-ARM(v8x)\Flash\Obj\tx_event_flags_create.o"
#        "K:\Ls_Monitor_Lower\Ls_Monitor_Lower_SW\EW-ARM(v8x)\Flash\Obj\tx_event_flags_delete.o"
#        "K:\Ls_Monitor_Lower\Ls_Monitor_Lower_SW\EW-ARM(v8x)\Flash\Obj\tx_event_flags_get.o"
#        "K:\Ls_Monitor_Lower\Ls_Monitor_Lower_SW\EW-ARM(v8x)\Flash\Obj\tx_event_flags_info_get.o"
#        "K:\Ls_Monitor_Lower\Ls_Monitor_Lower_SW\EW-ARM(v8x)\Flash\Obj\tx_event_flags_initialize.o"
#        "K:\Ls_Monitor_Lower\Ls_Monitor_Lower_SW\EW-ARM(v8x)\Flash\Obj\tx_event_flags_performance_info_get.o"
#        "K:\Ls_Monitor_Lower\Ls_Monitor_Lower_SW\EW-ARM(v8x)\Flash\Obj\tx_event_flags_performance_system_info_get.o"
#        "K:\Ls_Monitor_Lower\Ls_Monitor_Lower_SW\EW-ARM(v8x)\Flash\Obj\tx_event_flags_set.o"
#        "K:\Ls_Monitor_Lower\Ls_Monitor_Lower_SW\EW-ARM(v8x)\Flash\Obj\tx_event_flags_set_notify.o"
#        "K:\Ls_Monitor_Lower\Ls_Monitor_Lower_SW\EW-ARM(v8x)\Flash\Obj\tx_iar.o"
#        "K:\Ls_Monitor_Lower\Ls_Monitor_Lower_SW\EW-ARM(v8x)\Flash\Obj\tx_initialize_high_level.o"
#        "K:\Ls_Monitor_Lower\Ls_Monitor_Lower_SW\EW-ARM(v8x)\Flash\Obj\tx_initialize_kernel_enter.o"
#        "K:\Ls_Monitor_Lower\Ls_Monitor_Lower_SW\EW-ARM(v8x)\Flash\Obj\tx_initialize_kernel_setup.o"
#        "K:\Ls_Monitor_Lower\Ls_Monitor_Lower_SW\EW-ARM(v8x)\Flash\Obj\tx_initialize_low_level.o"
#        "K:\Ls_Monitor_Lower\Ls_Monitor_Lower_SW\EW-ARM(v8x)\Flash\Obj\tx_misra.o"
#        "K:\Ls_Monitor_Lower\Ls_Monitor_Lower_SW\EW-ARM(v8x)\Flash\Obj\tx_mutex_cleanup.o"
#        "K:\Ls_Monitor_Lower\Ls_Monitor_Lower_SW\EW-ARM(v8x)\Flash\Obj\tx_mutex_create.o"
#        "K:\Ls_Monitor_Lower\Ls_Monitor_Lower_SW\EW-ARM(v8x)\Flash\Obj\tx_mutex_delete.o"
#        "K:\Ls_Monitor_Lower\Ls_Monitor_Lower_SW\EW-ARM(v8x)\Flash\Obj\tx_mutex_get.o"
#        "K:\Ls_Monitor_Lower\Ls_Monitor_Lower_SW\EW-ARM(v8x)\Flash\Obj\tx_mutex_info_get.o"
#        "K:\Ls_Monitor_Lower\Ls_Monitor_Lower_SW\EW-ARM(v8x)\Flash\Obj\tx_mutex_initialize.o"
#        "K:\Ls_Monitor_Lower\Ls_Monitor_Lower_SW\EW-ARM(v8x)\Flash\Obj\tx_mutex_performance_info_get.o"
#        "K:\Ls_Monitor_Lower\Ls_Monitor_Lower_SW\EW-ARM(v8x)\Flash\Obj\tx_mutex_performance_system_info_get.o"
#        "K:\Ls_Monitor_Lower\Ls_Monitor_Lower_SW\EW-ARM(v8x)\Flash\Obj\tx_mutex_prioritize.o"
#        "K:\Ls_Monitor_Lower\Ls_Monitor_Lower_SW\EW-ARM(v8x)\Flash\Obj\tx_mutex_priority_change.o"
#        "K:\Ls_Monitor_Lower\Ls_Monitor_Lower_SW\EW-ARM(v8x)\Flash\Obj\tx_mutex_put.o"
#        "K:\Ls_Monitor_Lower\Ls_Monitor_Lower_SW\EW-ARM(v8x)\Flash\Obj\tx_queue_cleanup.o"
#        "K:\Ls_Monitor_Lower\Ls_Monitor_Lower_SW\EW-ARM(v8x)\Flash\Obj\tx_queue_create.o"
#        "K:\Ls_Monitor_Lower\Ls_Monitor_Lower_SW\EW-ARM(v8x)\Flash\Obj\tx_queue_delete.o"
#        "K:\Ls_Monitor_Lower\Ls_Monitor_Lower_SW\EW-ARM(v8x)\Flash\Obj\tx_queue_flush.o"
#        "K:\Ls_Monitor_Lower\Ls_Monitor_Lower_SW\EW-ARM(v8x)\Flash\Obj\tx_queue_front_send.o"
#        "K:\Ls_Monitor_Lower\Ls_Monitor_Lower_SW\EW-ARM(v8x)\Flash\Obj\tx_queue_info_get.o"
#        "K:\Ls_Monitor_Lower\Ls_Monitor_Lower_SW\EW-ARM(v8x)\Flash\Obj\tx_queue_initialize.o"
#        "K:\Ls_Monitor_Lower\Ls_Monitor_Lower_SW\EW-ARM(v8x)\Flash\Obj\tx_queue_performance_info_get.o"
#        "K:\Ls_Monitor_Lower\Ls_Monitor_Lower_SW\EW-ARM(v8x)\Flash\Obj\tx_queue_performance_system_info_get.o"
#        "K:\Ls_Monitor_Lower\Ls_Monitor_Lower_SW\EW-ARM(v8x)\Flash\Obj\tx_queue_prioritize.o"
#        "K:\Ls_Monitor_Lower\Ls_Monitor_Lower_SW\EW-ARM(v8x)\Flash\Obj\tx_queue_receive.o"
#        "K:\Ls_Monitor_Lower\Ls_Monitor_Lower_SW\EW-ARM(v8x)\Flash\Obj\tx_queue_send.o"
#        "K:\Ls_Monitor_Lower\Ls_Monitor_Lower_SW\EW-ARM(v8x)\Flash\Obj\tx_queue_send_notify.o"
#        "K:\Ls_Monitor_Lower\Ls_Monitor_Lower_SW\EW-ARM(v8x)\Flash\Obj\tx_semaphore_ceiling_put.o"
#        "K:\Ls_Monitor_Lower\Ls_Monitor_Lower_SW\EW-ARM(v8x)\Flash\Obj\tx_semaphore_cleanup.o"
#        "K:\Ls_Monitor_Lower\Ls_Monitor_Lower_SW\EW-ARM(v8x)\Flash\Obj\tx_semaphore_create.o"
#        "K:\Ls_Monitor_Lower\Ls_Monitor_Lower_SW\EW-ARM(v8x)\Flash\Obj\tx_semaphore_delete.o"
#        "K:\Ls_Monitor_Lower\Ls_Monitor_Lower_SW\EW-ARM(v8x)\Flash\Obj\tx_semaphore_get.o"
#        "K:\Ls_Monitor_Lower\Ls_Monitor_Lower_SW\EW-ARM(v8x)\Flash\Obj\tx_semaphore_info_get.o"
#        "K:\Ls_Monitor_Lower\Ls_Monitor_Lower_SW\EW-ARM(v8x)\Flash\Obj\tx_semaphore_initialize.o"
#        "K:\Ls_Monitor_Lower\Ls_Monitor_Lower_SW\EW-ARM(v8x)\Flash\Obj\tx_semaphore_performance_info_get.o"
#        "K:\Ls_Monitor_Lower\Ls_Monitor_Lower_SW\EW-ARM(v8x)\Flash\Obj\tx_semaphore_performance_system_info_get.o"
#        "K:\Ls_Monitor_Lower\Ls_Monitor_Lower_SW\EW-ARM(v8x)\Flash\Obj\tx_semaphore_prioritize.o"
#        "K:\Ls_Monitor_Lower\Ls_Monitor_Lower_SW\EW-ARM(v8x)\Flash\Obj\tx_semaphore_put.o"
#        "K:\Ls_Monitor_Lower\Ls_Monitor_Lower_SW\EW-ARM(v8x)\Flash\Obj\tx_semaphore_put_notify.o"
#        "K:\Ls_Monitor_Lower\Ls_Monitor_Lower_SW\EW-ARM(v8x)\Flash\Obj\tx_thread_context_restore.o"
#        "K:\Ls_Monitor_Lower\Ls_Monitor_Lower_SW\EW-ARM(v8x)\Flash\Obj\tx_thread_context_save.o"
#        "K:\Ls_Monitor_Lower\Ls_Monitor_Lower_SW\EW-ARM(v8x)\Flash\Obj\tx_thread_create.o"
#        "K:\Ls_Monitor_Lower\Ls_Monitor_Lower_SW\EW-ARM(v8x)\Flash\Obj\tx_thread_delete.o"
#        "K:\Ls_Monitor_Lower\Ls_Monitor_Lower_SW\EW-ARM(v8x)\Flash\Obj\tx_thread_entry_exit_notify.o"
#        "K:\Ls_Monitor_Lower\Ls_Monitor_Lower_SW\EW-ARM(v8x)\Flash\Obj\tx_thread_identify.o"
#        "K:\Ls_Monitor_Lower\Ls_Monitor_Lower_SW\EW-ARM(v8x)\Flash\Obj\tx_thread_info_get.o"
#        "K:\Ls_Monitor_Lower\Ls_Monitor_Lower_SW\EW-ARM(v8x)\Flash\Obj\tx_thread_initialize.o"
#        "K:\Ls_Monitor_Lower\Ls_Monitor_Lower_SW\EW-ARM(v8x)\Flash\Obj\tx_thread_interrupt_control.o"
#        "K:\Ls_Monitor_Lower\Ls_Monitor_Lower_SW\EW-ARM(v8x)\Flash\Obj\tx_thread_interrupt_disable.o"
#        "K:\Ls_Monitor_Lower\Ls_Monitor_Lower_SW\EW-ARM(v8x)\Flash\Obj\tx_thread_interrupt_restore.o"
#        "K:\Ls_Monitor_Lower\Ls_Monitor_Lower_SW\EW-ARM(v8x)\Flash\Obj\tx_thread_performance_info_get.o"
#        "K:\Ls_Monitor_Lower\Ls_Monitor_Lower_SW\EW-ARM(v8x)\Flash\Obj\tx_thread_performance_system_info_get.o"
#        "K:\Ls_Monitor_Lower\Ls_Monitor_Lower_SW\EW-ARM(v8x)\Flash\Obj\tx_thread_preemption_change.o"
#        "K:\Ls_Monitor_Lower\Ls_Monitor_Lower_SW\EW-ARM(v8x)\Flash\Obj\tx_thread_priority_change.o"
#        "K:\Ls_Monitor_Lower\Ls_Monitor_Lower_SW\EW-ARM(v8x)\Flash\Obj\tx_thread_relinquish.o"
#        "K:\Ls_Monitor_Lower\Ls_Monitor_Lower_SW\EW-ARM(v8x)\Flash\Obj\tx_thread_reset.o"
#        "K:\Ls_Monitor_Lower\Ls_Monitor_Lower_SW\EW-ARM(v8x)\Flash\Obj\tx_thread_resume.o"
#        "K:\Ls_Monitor_Lower\Ls_Monitor_Lower_SW\EW-ARM(v8x)\Flash\Obj\tx_thread_schedule.o"
#        "K:\Ls_Monitor_Lower\Ls_Monitor_Lower_SW\EW-ARM(v8x)\Flash\Obj\tx_thread_shell_entry.o"
#        "K:\Ls_Monitor_Lower\Ls_Monitor_Lower_SW\EW-ARM(v8x)\Flash\Obj\tx_thread_sleep.o"
#        "K:\Ls_Monitor_Lower\Ls_Monitor_Lower_SW\EW-ARM(v8x)\Flash\Obj\tx_thread_stack_analyze.o"
#        "K:\Ls_Monitor_Lower\Ls_Monitor_Lower_SW\EW-ARM(v8x)\Flash\Obj\tx_thread_stack_build.o"
#        "K:\Ls_Monitor_Lower\Ls_Monitor_Lower_SW\EW-ARM(v8x)\Flash\Obj\tx_thread_stack_error_handler.o"
#        "K:\Ls_Monitor_Lower\Ls_Monitor_Lower_SW\EW-ARM(v8x)\Flash\Obj\tx_thread_stack_error_notify.o"
#        "K:\Ls_Monitor_Lower\Ls_Monitor_Lower_SW\EW-ARM(v8x)\Flash\Obj\tx_thread_suspend.o"
#        "K:\Ls_Monitor_Lower\Ls_Monitor_Lower_SW\EW-ARM(v8x)\Flash\Obj\tx_thread_system_preempt_check.o"
#        "K:\Ls_Monitor_Lower\Ls_Monitor_Lower_SW\EW-ARM(v8x)\Flash\Obj\tx_thread_system_resume.o"
#        "K:\Ls_Monitor_Lower\Ls_Monitor_Lower_SW\EW-ARM(v8x)\Flash\Obj\tx_thread_system_return.o"
#        "K:\Ls_Monitor_Lower\Ls_Monitor_Lower_SW\EW-ARM(v8x)\Flash\Obj\tx_thread_system_suspend.o"
#        "K:\Ls_Monitor_Lower\Ls_Monitor_Lower_SW\EW-ARM(v8x)\Flash\Obj\tx_thread_terminate.o"
#        "K:\Ls_Monitor_Lower\Ls_Monitor_Lower_SW\EW-ARM(v8x)\Flash\Obj\tx_thread_time_slice.o"
#        "K:\Ls_Monitor_Lower\Ls_Monitor_Lower_SW\EW-ARM(v8x)\Flash\Obj\tx_thread_time_slice_change.o"
#        "K:\Ls_Monitor_Lower\Ls_Monitor_Lower_SW\EW-ARM(v8x)\Flash\Obj\tx_thread_timeout.o"
#        "K:\Ls_Monitor_Lower\Ls_Monitor_Lower_SW\EW-ARM(v8x)\Flash\Obj\tx_thread_wait_abort.o"
#        "K:\Ls_Monitor_Lower\Ls_Monitor_Lower_SW\EW-ARM(v8x)\Flash\Obj\tx_time_get.o"
#        "K:\Ls_Monitor_Lower\Ls_Monitor_Lower_SW\EW-ARM(v8x)\Flash\Obj\tx_time_set.o"
#        "K:\Ls_Monitor_Lower\Ls_Monitor_Lower_SW\EW-ARM(v8x)\Flash\Obj\tx_timer_activate.o"
#        "K:\Ls_Monitor_Lower\Ls_Monitor_Lower_SW\EW-ARM(v8x)\Flash\Obj\tx_timer_change.o"
#        "K:\Ls_Monitor_Lower\Ls_Monitor_Lower_SW\EW-ARM(v8x)\Flash\Obj\tx_timer_create.o"
#        "K:\Ls_Monitor_Lower\Ls_Monitor_Lower_SW\EW-ARM(v8x)\Flash\Obj\tx_timer_deactivate.o"
#        "K:\Ls_Monitor_Lower\Ls_Monitor_Lower_SW\EW-ARM(v8x)\Flash\Obj\tx_timer_delete.o"
#        "K:\Ls_Monitor_Lower\Ls_Monitor_Lower_SW\EW-ARM(v8x)\Flash\Obj\tx_timer_expiration_process.o"
#        "K:\Ls_Monitor_Lower\Ls_Monitor_Lower_SW\EW-ARM(v8x)\Flash\Obj\tx_timer_info_get.o"
#        "K:\Ls_Monitor_Lower\Ls_Monitor_Lower_SW\EW-ARM(v8x)\Flash\Obj\tx_timer_initialize.o"
#        "K:\Ls_Monitor_Lower\Ls_Monitor_Lower_SW\EW-ARM(v8x)\Flash\Obj\tx_timer_interrupt.o"
#        "K:\Ls_Monitor_Lower\Ls_Monitor_Lower_SW\EW-ARM(v8x)\Flash\Obj\tx_timer_performance_info_get.o"
#        "K:\Ls_Monitor_Lower\Ls_Monitor_Lower_SW\EW-ARM(v8x)\Flash\Obj\tx_timer_performance_system_info_get.o"
#        "K:\Ls_Monitor_Lower\Ls_Monitor_Lower_SW\EW-ARM(v8x)\Flash\Obj\tx_timer_system_activate.o"
#        "K:\Ls_Monitor_Lower\Ls_Monitor_Lower_SW\EW-ARM(v8x)\Flash\Obj\tx_timer_system_deactivate.o"
#        "K:\Ls_Monitor_Lower\Ls_Monitor_Lower_SW\EW-ARM(v8x)\Flash\Obj\tx_timer_thread_entry.o"
#        "K:\Ls_Monitor_Lower\Ls_Monitor_Lower_SW\EW-ARM(v8x)\Flash\Obj\tx_trace_buffer_full_notify.o"
#        "K:\Ls_Monitor_Lower\Ls_Monitor_Lower_SW\EW-ARM(v8x)\Flash\Obj\tx_trace_disable.o"
#        "K:\Ls_Monitor_Lower\Ls_Monitor_Lower_SW\EW-ARM(v8x)\Flash\Obj\tx_trace_enable.o"
#        "K:\Ls_Monitor_Lower\Ls_Monitor_Lower_SW\EW-ARM(v8x)\Flash\Obj\tx_trace_event_filter.o"
#        "K:\Ls_Monitor_Lower\Ls_Monitor_Lower_SW\EW-ARM(v8x)\Flash\Obj\tx_trace_event_unfilter.o"
#        "K:\Ls_Monitor_Lower\Ls_Monitor_Lower_SW\EW-ARM(v8x)\Flash\Obj\tx_trace_initialize.o"
#        "K:\Ls_Monitor_Lower\Ls_Monitor_Lower_SW\EW-ARM(v8x)\Flash\Obj\tx_trace_interrupt_control.o"
#        "K:\Ls_Monitor_Lower\Ls_Monitor_Lower_SW\EW-ARM(v8x)\Flash\Obj\tx_trace_isr_enter_insert.o"
#        "K:\Ls_Monitor_Lower\Ls_Monitor_Lower_SW\EW-ARM(v8x)\Flash\Obj\tx_trace_isr_exit_insert.o"
#        "K:\Ls_Monitor_Lower\Ls_Monitor_Lower_SW\EW-ARM(v8x)\Flash\Obj\tx_trace_object_register.o"
#        "K:\Ls_Monitor_Lower\Ls_Monitor_Lower_SW\EW-ARM(v8x)\Flash\Obj\tx_trace_object_unregister.o"
#        "K:\Ls_Monitor_Lower\Ls_Monitor_Lower_SW\EW-ARM(v8x)\Flash\Obj\tx_trace_user_event_insert.o"
#        "K:\Ls_Monitor_Lower\Ls_Monitor_Lower_SW\EW-ARM(v8x)\Flash\Obj\txe_block_allocate.o"
#        "K:\Ls_Monitor_Lower\Ls_Monitor_Lower_SW\EW-ARM(v8x)\Flash\Obj\txe_block_pool_create.o"
#        "K:\Ls_Monitor_Lower\Ls_Monitor_Lower_SW\EW-ARM(v8x)\Flash\Obj\txe_block_pool_delete.o"
#        "K:\Ls_Monitor_Lower\Ls_Monitor_Lower_SW\EW-ARM(v8x)\Flash\Obj\txe_block_pool_info_get.o"
#        "K:\Ls_Monitor_Lower\Ls_Monitor_Lower_SW\EW-ARM(v8x)\Flash\Obj\txe_block_pool_prioritize.o"
#        "K:\Ls_Monitor_Lower\Ls_Monitor_Lower_SW\EW-ARM(v8x)\Flash\Obj\txe_block_release.o"
#        "K:\Ls_Monitor_Lower\Ls_Monitor_Lower_SW\EW-ARM(v8x)\Flash\Obj\txe_byte_allocate.o"
#        "K:\Ls_Monitor_Lower\Ls_Monitor_Lower_SW\EW-ARM(v8x)\Flash\Obj\txe_byte_pool_create.o"
#        "K:\Ls_Monitor_Lower\Ls_Monitor_Lower_SW\EW-ARM(v8x)\Flash\Obj\txe_byte_pool_delete.o"
#        "K:\Ls_Monitor_Lower\Ls_Monitor_Lower_SW\EW-ARM(v8x)\Flash\Obj\txe_byte_pool_info_get.o"
#        "K:\Ls_Monitor_Lower\Ls_Monitor_Lower_SW\EW-ARM(v8x)\Flash\Obj\txe_byte_pool_prioritize.o"
#        "K:\Ls_Monitor_Lower\Ls_Monitor_Lower_SW\EW-ARM(v8x)\Flash\Obj\txe_byte_release.o"
#        "K:\Ls_Monitor_Lower\Ls_Monitor_Lower_SW\EW-ARM(v8x)\Flash\Obj\txe_event_flags_create.o"
#        "K:\Ls_Monitor_Lower\Ls_Monitor_Lower_SW\EW-ARM(v8x)\Flash\Obj\txe_event_flags_delete.o"
#        "K:\Ls_Monitor_Lower\Ls_Monitor_Lower_SW\EW-ARM(v8x)\Flash\Obj\txe_event_flags_get.o"
#        "K:\Ls_Monitor_Lower\Ls_Monitor_Lower_SW\EW-ARM(v8x)\Flash\Obj\txe_event_flags_info_get.o"
#        "K:\Ls_Monitor_Lower\Ls_Monitor_Lower_SW\EW-ARM(v8x)\Flash\Obj\txe_event_flags_set.o"
#        "K:\Ls_Monitor_Lower\Ls_Monitor_Lower_SW\EW-ARM(v8x)\Flash\Obj\txe_event_flags_set_notify.o"
#        "K:\Ls_Monitor_Lower\Ls_Monitor_Lower_SW\EW-ARM(v8x)\Flash\Obj\txe_mutex_create.o"
#        "K:\Ls_Monitor_Lower\Ls_Monitor_Lower_SW\EW-ARM(v8x)\Flash\Obj\txe_mutex_delete.o"
#        "K:\Ls_Monitor_Lower\Ls_Monitor_Lower_SW\EW-ARM(v8x)\Flash\Obj\txe_mutex_get.o"
#        "K:\Ls_Monitor_Lower\Ls_Monitor_Lower_SW\EW-ARM(v8x)\Flash\Obj\txe_mutex_info_get.o"
#        "K:\Ls_Monitor_Lower\Ls_Monitor_Lower_SW\EW-ARM(v8x)\Flash\Obj\txe_mutex_prioritize.o"
#        "K:\Ls_Monitor_Lower\Ls_Monitor_Lower_SW\EW-ARM(v8x)\Flash\Obj\txe_mutex_put.o"
#        "K:\Ls_Monitor_Lower\Ls_Monitor_Lower_SW\EW-ARM(v8x)\Flash\Obj\txe_queue_create.o"
#        "K:\Ls_Monitor_Lower\Ls_Monitor_Lower_SW\EW-ARM(v8x)\Flash\Obj\txe_queue_delete.o"
#        "K:\Ls_Monitor_Lower\Ls_Monitor_Lower_SW\EW-ARM(v8x)\Flash\Obj\txe_queue_flush.o"
#        "K:\Ls_Monitor_Lower\Ls_Monitor_Lower_SW\EW-ARM(v8x)\Flash\Obj\txe_queue_front_send.o"
#        "K:\Ls_Monitor_Lower\Ls_Monitor_Lower_SW\EW-ARM(v8x)\Flash\Obj\txe_queue_info_get.o"
#        "K:\Ls_Monitor_Lower\Ls_Monitor_Lower_SW\EW-ARM(v8x)\Flash\Obj\txe_queue_prioritize.o"
#        "K:\Ls_Monitor_Lower\Ls_Monitor_Lower_SW\EW-ARM(v8x)\Flash\Obj\txe_queue_receive.o"
#        "K:\Ls_Monitor_Lower\Ls_Monitor_Lower_SW\EW-ARM(v8x)\Flash\Obj\txe_queue_send.o"
#        "K:\Ls_Monitor_Lower\Ls_Monitor_Lower_SW\EW-ARM(v8x)\Flash\Obj\txe_queue_send_notify.o"
#        "K:\Ls_Monitor_Lower\Ls_Monitor_Lower_SW\EW-ARM(v8x)\Flash\Obj\txe_semaphore_ceiling_put.o"
#        "K:\Ls_Monitor_Lower\Ls_Monitor_Lower_SW\EW-ARM(v8x)\Flash\Obj\txe_semaphore_create.o"
#        "K:\Ls_Monitor_Lower\Ls_Monitor_Lower_SW\EW-ARM(v8x)\Flash\Obj\txe_semaphore_delete.o"
#        "K:\Ls_Monitor_Lower\Ls_Monitor_Lower_SW\EW-ARM(v8x)\Flash\Obj\txe_semaphore_get.o"
#        "K:\Ls_Monitor_Lower\Ls_Monitor_Lower_SW\EW-ARM(v8x)\Flash\Obj\txe_semaphore_info_get.o"
#        "K:\Ls_Monitor_Lower\Ls_Monitor_Lower_SW\EW-ARM(v8x)\Flash\Obj\txe_semaphore_prioritize.o"
#        "K:\Ls_Monitor_Lower\Ls_Monitor_Lower_SW\EW-ARM(v8x)\Flash\Obj\txe_semaphore_put.o"
#        "K:\Ls_Monitor_Lower\Ls_Monitor_Lower_SW\EW-ARM(v8x)\Flash\Obj\txe_semaphore_put_notify.o"
#        "K:\Ls_Monitor_Lower\Ls_Monitor_Lower_SW\EW-ARM(v8x)\Flash\Obj\txe_thread_create.o"
#        "K:\Ls_Monitor_Lower\Ls_Monitor_Lower_SW\EW-ARM(v8x)\Flash\Obj\txe_thread_delete.o"
#        "K:\Ls_Monitor_Lower\Ls_Monitor_Lower_SW\EW-ARM(v8x)\Flash\Obj\txe_thread_entry_exit_notify.o"
#        "K:\Ls_Monitor_Lower\Ls_Monitor_Lower_SW\EW-ARM(v8x)\Flash\Obj\txe_thread_info_get.o"
#        "K:\Ls_Monitor_Lower\Ls_Monitor_Lower_SW\EW-ARM(v8x)\Flash\Obj\txe_thread_preemption_change.o"
#        "K:\Ls_Monitor_Lower\Ls_Monitor_Lower_SW\EW-ARM(v8x)\Flash\Obj\txe_thread_priority_change.o"
#        "K:\Ls_Monitor_Lower\Ls_Monitor_Lower_SW\EW-ARM(v8x)\Flash\Obj\txe_thread_relinquish.o"
#        "K:\Ls_Monitor_Lower\Ls_Monitor_Lower_SW\EW-ARM(v8x)\Flash\Obj\txe_thread_reset.o"
#        "K:\Ls_Monitor_Lower\Ls_Monitor_Lower_SW\EW-ARM(v8x)\Flash\Obj\txe_thread_resume.o"
#        "K:\Ls_Monitor_Lower\Ls_Monitor_Lower_SW\EW-ARM(v8x)\Flash\Obj\txe_thread_suspend.o"
#        "K:\Ls_Monitor_Lower\Ls_Monitor_Lower_SW\EW-ARM(v8x)\Flash\Obj\txe_thread_terminate.o"
#        "K:\Ls_Monitor_Lower\Ls_Monitor_Lower_SW\EW-ARM(v8x)\Flash\Obj\txe_thread_time_slice_change.o"
#        "K:\Ls_Monitor_Lower\Ls_Monitor_Lower_SW\EW-ARM(v8x)\Flash\Obj\txe_thread_wait_abort.o"
#        "K:\Ls_Monitor_Lower\Ls_Monitor_Lower_SW\EW-ARM(v8x)\Flash\Obj\txe_timer_activate.o"
#        "K:\Ls_Monitor_Lower\Ls_Monitor_Lower_SW\EW-ARM(v8x)\Flash\Obj\txe_timer_change.o"
#        "K:\Ls_Monitor_Lower\Ls_Monitor_Lower_SW\EW-ARM(v8x)\Flash\Obj\txe_timer_create.o"
#        "K:\Ls_Monitor_Lower\Ls_Monitor_Lower_SW\EW-ARM(v8x)\Flash\Obj\txe_timer_deactivate.o"
#        "K:\Ls_Monitor_Lower\Ls_Monitor_Lower_SW\EW-ARM(v8x)\Flash\Obj\txe_timer_delete.o"
#        "K:\Ls_Monitor_Lower\Ls_Monitor_Lower_SW\EW-ARM(v8x)\Flash\Obj\txe_timer_info_get.o"
#        "K:\Ls_Monitor_Lower\Ls_Monitor_Lower_SW\EW-ARM(v8x)\Flash\Obj\vehicle_status.o"
#        --redirect _Printf=_PrintfFullNoMb --redirect _Scanf=_ScanfFullNoMb
#        --no_out_extension -o
#        "K:\Ls_Monitor_Lower\Ls_Monitor_Lower_SW\EW-ARM(v8x)\Flash\Exe\Run_Xian.out"
#        --map
#        "K:\Ls_Monitor_Lower\Ls_Monitor_Lower_SW\EW-ARM(v8x)\Flash\List\Run_Xian.map"
#        --config
#        "K:\Ls_Monitor_Lower\Ls_Monitor_Lower_SW\EW-ARM(v8x)\stm32f407xx_flash.icf"
#        --semihosting --entry __iar_program_start --vfe --text_out locale)
#
###############################################################################

*******************************************************************************
*** RUNTIME MODEL ATTRIBUTES
***

CppFlavor       = *
__Heap_Handler  = DLMalloc
__SystemLibrary = DLib
__dlib_version  = 6


*******************************************************************************
*** HEAP SELECTION
***

The advanced heap was selected because the application calls memory
allocation functions outside of system library functions, and there
are calls to deallocation functions in the application.


*******************************************************************************
*** PLACEMENT SUMMARY
***

"A0":  place at address 0x800'0000 { ro section .intvec };
"P1":  place in [from 0x800'0000 to 0x80f'ffff] { ro };
define block CSTACK with size = 1K, alignment = 8 { };
define block HEAP with size = 1K, alignment = 8 { };
"P2":  place in [from 0x2000'0000 to 0x2001'ffff] {
          rw, block CSTACK, block HEAP };
initialize by copy { rw };

No sections matched the following patterns:

  rw object startup_stm32f407xx.o  in "P3"
  rw section .EXTERN_SRAM          in "P4"


  Section            Kind         Address    Size  Object
  -------            ----         -------    ----  ------
"A0":                                       0x188
  .intvec            ro code   0x800'0000   0x188  startup_stm32f407xx.o [1]
                             - 0x800'0188   0x188

"P1":                                      0xa33c
  .text              ro code   0x800'0188   0xfc2  xprintffull_nomb.o [2]
  .text              ro code   0x800'114a    0x3a  zero_init3.o [4]
  .text              ro code   0x800'1184    0x16  strchr.o [4]
  .text              ro code   0x800'119a    0x1a  xsnprout.o [2]
  .text              ro code   0x800'11b4    0x40  xfail_s.o [2]
  .text              ro code   0x800'11f4    0x36  strlen.o [4]
  .rodata            const     0x800'122a     0x2  xlocale_c.o [2]
  .text              ro code   0x800'122c    0x58  memchr.o [4]
  .text              ro code   0x800'1284    0xa6  ABImemcpy.o [4]
  .rodata            const     0x800'132a     0x1  xlocale_c.o [2]
  .text              ro code   0x800'132c    0x70  frexp.o [3]
  .text              ro code   0x800'139c    0x2e  DblCmpLe.o [3]
  .text              ro code   0x800'13cc    0x2e  DblCmpGe.o [3]
  .text              ro code   0x800'13fc   0x13a  ldexp.o [3]
  .text              ro code   0x800'1538    0x3a  DblToS32.o [3]
  .text              ro code   0x800'1574    0x22  S32ToDbl.o [3]
  .text              ro code   0x800'1598    0xe2  DblSub.o [3]
  .text              ro code   0x800'167c   0x246  DblDiv.o [3]
  .text              ro code   0x800'18c4    0x28  DblToU32.o [3]
  .text              ro code   0x800'18ec    0x1a  U32ToDbl.o [3]
  .text              ro code   0x800'1908   0x1a2  DblMul.o [3]
  .text              ro code   0x800'1aac     0x8  xlocale_c.o [2]
  .text              ro code   0x800'1ab4   0x230  I64DivMod.o [4]
  .text              ro code   0x800'1ce4     0x6  abort.o [2]
  .text              ro code   0x800'1cec   0x16a  DblAdd.o [3]
  .text              ro code   0x800'1e58     0x2  I64DivZer.o [4]
  .text              ro code   0x800'1e5c    0x14  exit.o [5]
  .text              ro code   0x800'1e70   0xa9e  stm32f4xx_hal_tim.o [1]
  .text              ro code   0x800'2910   0x170  bsp_rotation.o [1]
  .text              ro code   0x800'2a80     0x2  stm32f4xx_hal_tim.o [1]
  .text              ro code   0x800'2a82     0x2  stm32f4xx_hal_tim.o [1]
  .text              ro code   0x800'2a84   0x504  stm32f4xx_hal_dma.o [1]
  .text              ro code   0x800'2f88     0x2  stm32f4xx_hal_tim.o [1]
  .text              ro code   0x800'2f8a     0x2  stm32f4xx_hal_tim.o [1]
  .text              ro code   0x800'2f8c   0x834  bsp_tim_pwm.o [1]
  .text              ro code   0x800'37c0     0x2  stm32f4xx_hal_tim_ex.o [1]
  .text              ro code   0x800'37c2     0x2  stm32f4xx_hal_tim.o [1]
  .text              ro code   0x800'37c4     0x2  stm32f4xx_hal_tim_ex.o [1]
  .text              ro code   0x800'37c6     0x2  stm32f4xx_hal_tim.o [1]
  .text              ro code   0x800'37c8     0x2  stm32f4xx_hal_tim.o [1]
  .text              ro code   0x800'37cc    0x66  ABImemset.o [4]
  .text              ro code   0x800'3834    0x28  printf.o [2]
  .text              ro code   0x800'385c    0x4c  stm32f4xx_hal_tim_ex.o [1]
  .text              ro code   0x800'38a8    0xe0  stm32f4xx_hal_cortex.o [1]
  .text              ro code   0x800'3988   0x228  stm32f4xx_hal_gpio.o [1]
  .text              ro code   0x800'3bb0    0x7c  bsp_dwt.o [1]
  .text              ro code   0x800'3c2c     0x6  ABImemclr4.o [4]
  .text              ro code   0x800'3c34    0xd0  tx_time_get.o [1]
  .text              ro code   0x800'3d04    0x32  ABImemset48.o [4]
  .text              ro code   0x800'3d38   0x6b8  stm32f4xx_hal_can.o [1]
  .text              ro code   0x800'43f0   0x2b8  bsp_can_bus.o [1]
  .text              ro code   0x800'46a8     0x2  stm32f4xx_hal_can.o [1]
  .text              ro code   0x800'46aa     0x2  stm32f4xx_hal_can.o [1]
  .text              ro code   0x800'46ac     0x2  stm32f4xx_hal_can.o [1]
  .text              ro code   0x800'46ae     0x2  stm32f4xx_hal_can.o [1]
  .text              ro code   0x800'46b0     0x2  stm32f4xx_hal_can.o [1]
  .text              ro code   0x800'46b2     0x2  stm32f4xx_hal_can.o [1]
  .text              ro code   0x800'46b4     0x2  stm32f4xx_hal_can.o [1]
  .text              ro code   0x800'46b6     0x2  stm32f4xx_hal_can.o [1]
  .text              ro code   0x800'46b8     0x2  stm32f4xx_hal_can.o [1]
  .text              ro code   0x800'46ba     0x2  stm32f4xx_hal_can.o [1]
  .text              ro code   0x800'46bc     0x2  stm32f4xx_hal_can.o [1]
  .text              ro code   0x800'46c0   0x128  msg_task.o [1]
  .text              ro code   0x800'47e8   0x14c  tx_thread_sleep.o [1]
  .text              ro code   0x800'4934    0x70  txe_event_flags_get.o [1]
  .text              ro code   0x800'49a4   0x31a  bsp_key.o [1]
  .text              ro code   0x800'4cc0   0x144  statistic_task.o [1]
  .text              ro code   0x800'4e04    0x3c  vsnprint.o [2]
  .text              ro code   0x800'4e40    0x7c  txe_mutex_get.o [1]
  .text              ro code   0x800'4ebc    0x4c  txe_mutex_put.o [1]
  .text              ro code   0x800'4f08   0x398  tx_thread_system_suspend.o [1]
  .text              ro code   0x800'52a0   0x1c4  tx_event_flags_get.o [1]
  .text              ro code   0x800'5464    0x48  FltToDbl.o [3]
  .text              ro code   0x800'54ac   0x1c8  tx_mutex_get.o [1]
  .text              ro code   0x800'5674   0x2d4  tx_mutex_put.o [1]
  .text              ro code   0x800'5948    0x20  tx_thread_stack_error_handler.o [1]
  .text              ro code   0x800'5968    0x80  tx_thread_stack_analyze.o [1]
  .text              ro code   0x800'59e8    0x64  tx_timer_system_activate.o [1]
  .text              ro code   0x800'5a4c    0xf0  tx_mutex_priority_change.o [1]
  .text              ro code   0x800'5b3c   0x168  tx_mutex_prioritize.o [1]
  .text              ro code   0x800'5ca4    0xc0  tx_thread_system_preempt_check.o [1]
  .text              ro code   0x800'5d64   0x394  tx_thread_system_resume.o [1]
  .text              ro code   0x800'60f8    0x2e  tx_timer_system_deactivate.o [1]
  .text              ro code   0x800'6128   0x454  stm32f4xx_hal_spi.o [1]
  .text              ro code   0x800'657c   0x2f8  bsp_spi_bus.o [1]
  .text              ro code   0x800'6874     0x2  stm32f4xx_hal_spi.o [1]
  .text              ro code   0x800'6878   0x386  stm32f4xx_hal_uart.o [1]
  .text              ro code   0x800'6c00   0x204  stm32f4xx_hal_rcc.o [1]
  .text              ro code   0x800'6e04   0x36c  stm32f4xx_hal_rcc.o [1]
  .text              ro code   0x800'7170   0x36a  bsp_usart_fifo.o [1]
  .text              ro code   0x800'74dc   0x322  stm32f4xx_hal_sd.o [1]
  .text              ro code   0x800'7800   0x1f0  stm32f4xx_ll_sdmmc.o [1]
  .text              ro code   0x800'79f0     0x2  stm32f4xx_hal_sd.o [1]
  .text              ro code   0x800'79f4    0x40  bsp_sdio_sd.o [1]
  .text              ro code   0x800'7a34     0x2  bsp_sdio_sd.o [1]
  .text              ro code   0x800'7a38    0x1c  sd_diskio_dma.o [1]
  .text              ro code   0x800'7a54   0x288  system_task_create.o [1]
  .text              ro code   0x800'7cdc   0x15c  txe_thread_create.o [1]
  .text              ro code   0x800'7e38    0x10  stm32f4xx_hal.o [1]
  .text              ro code   0x800'7e48   0x146  ticktim.o [1]
  .text              ro code   0x800'7f90    0xe8  bsp_iic_bus.o [1]
  .text              ro code   0x800'8078    0xd4  bsp_led.o [1]
  .text              ro code   0x800'814c    0x28  bsp_ws2812b.o [1]
  .text              ro code   0x800'8174   0x1c0  bsp_spi_flash.o [1]
  .text              ro code   0x800'8334    0xcc  txe_mutex_create.o [1]
  .text              ro code   0x800'8400    0xe8  txe_timer_create.o [1]
  .text              ro code   0x800'84e8    0xb4  txe_event_flags_create.o [1]
  .text              ro code   0x800'859c   0x238  tx_thread_create.o [1]
  .text              ro code   0x800'87d4     0x2  ticktim.o [1]
  .text              ro code   0x800'87d8   0x1d0  stm32f4xx_hal_i2c.o [1]
  .text              ro code   0x800'89a8    0x18  strcpy.o [4]
  .text              ro code   0x800'89c0   0x134  tx_mutex_create.o [1]
  .text              ro code   0x800'8af4   0x144  tx_timer_create.o [1]
  .text              ro code   0x800'8c38   0x124  tx_event_flags_create.o [1]
  .text              ro code   0x800'8d5c    0x44  tx_thread_stack_build.o [1]
  .text              ro code   0x800'8da0   0x11c  tx_trace_object_register.o [1]
  .text              ro code   0x800'8ebc   0x24c  tx_thread_time_slice.o [1]
  .text              ro code   0x800'9108   0x130  tx_timer_thread_entry.o [1]
  .text              ro code   0x800'9238    0xe8  tx_timer_interrupt.o [1]
  .text              ro code   0x800'9320    0x24  tx_timer_expiration_process.o [1]
  .text              ro code   0x800'9344    0xe0  SEGGER_HardFaultHandler.o [1]
  .text              ro code   0x800'9424    0xe0  tx_timer_initialize.o [1]
  .text              ro code   0x800'9504    0xd0  tx_thread_schedule.o [1]
  .text              ro code   0x800'95d4    0xc8  tx_mutex_cleanup.o [1]
  .text              ro code   0x800'969c    0xb0  sys.o [1]
  .text              ro code   0x800'974c    0x38  stm32f4xx_hal.o [1]
  .text              ro code   0x800'9784     0x2  stm32f4xx_hal_msp.o [1]
  .text              ro code   0x800'9788    0x98  tx_thread_initialize.o [1]
  .text              ro code   0x800'9820    0x90  tx_event_flags_cleanup.o [1]
  .text              ro code   0x800'98b0    0x88  tx_initialize_high_level.o [1]
  .text              ro code   0x800'9938    0x40  tx_trace_initialize.o [1]
  .text              ro code   0x800'9978    0x84  tx_thread_shell_entry.o [1]
  .text              ro code   0x800'99fc    0x78  lz77_init_single.o [4]
  .text              ro code   0x800'9a74    0x74  tx_initialize_low_level.o [1]
  .text              ro code   0x800'9ae8    0x60  system_stm32f4xx.o [1]
  .rodata            const     0x800'9b48    0x50  statistic_task.o [1]
  .rodata            const     0x800'9b98    0x4c  bsp_usart_fifo.o [1]
  .rodata            const     0x800'9be4    0x48  bsp_rotation.o [1]
  .text              ro code   0x800'9c2c    0x48  tx_initialize_kernel_enter.o [1]
  .rodata            const     0x800'9c74    0x44  bsp_can_bus.o [1]
  .rodata            const     0x800'9cb8    0x44  bsp_spi_bus.o [1]
  .rodata            const     0x800'9cfc    0x44  bsp_tim_pwm.o [1]
  .rodata            const     0x800'9d40    0x44  statistic_task.o [1]
  .rodata            const     0x800'9d84    0x3c  statistic_task.o [1]
  .text              ro code   0x800'9dc0    0x38  tx_thread_timeout.o [1]
  .rodata            const     0x800'9df8    0x30  bsp_can_bus.o [1]
  .rodata            const     0x800'9e28    0x30  bsp_rotation.o [1]
  .rodata            const     0x800'9e58    0x30  bsp_spi_bus.o [1]
  .rodata            const     0x800'9e88    0x30  bsp_tim_pwm.o [1]
  .rodata            const     0x800'9eb8    0x30  bsp_usart_fifo.o [1]
  .rodata            const     0x800'9ee8    0x30  statistic_task.o [1]
  .rodata            const     0x800'9f18    0x2c  bsp_spi_bus.o [1]
  .rodata            const     0x800'9f44    0x2c  SEGGER_HardFaultHandler.o [1]
  .text              ro code   0x800'9f70    0x28  data_init.o [4]
  .rodata            const     0x800'9f98    0x24  bsp_can_bus.o [1]
  .text              ro code   0x800'9fbc    0x22  fpinit_M.o [3]
  .iar.init_table    const     0x800'9fe0    0x20  - Linker created -
  .rodata            const     0x800'a000    0x20  system_task_create.o [1]
  .text              ro code   0x800'a020    0x1e  main.o [1]
  .text              ro code   0x800'a040    0x10  stm32f4xx_hal.o [1]
  .text              ro code   0x800'a050    0x1e  cmain.o [4]
  .text              ro code   0x800'a06e     0x4  low_level_init.o [2]
  .text              ro code   0x800'a072     0x4  exit.o [2]
  .text              ro code   0x800'a078     0xa  cexit.o [4]
  .rodata            const     0x800'a084    0x1c  statistic_task.o [1]
  .text              ro code   0x800'a0a0    0x1c  cstartup_M.o [4]
  .rodata            const     0x800'a0bc    0x18  bsp_can_bus.o [1]
  .rodata            const     0x800'a0d4    0x18  msg_task.o [1]
  .rodata            const     0x800'a0ec    0x18  msg_task.o [1]
  .rodata            const     0x800'a104    0x18  msg_task.o [1]
  .rodata            const     0x800'a11c    0x18  msg_task.o [1]
  .text              ro code   0x800'a134    0x16  xprout.o [2]
  .text              ro code   0x800'a14c     0xc  putchar.o [2]
  .rodata            const     0x800'a158    0x14  msg_task.o [1]
  .rodata            const     0x800'a16c    0x14  msg_task.o [1]
  .rodata            const     0x800'a180    0x14  msg_task.o [1]
  .rodata            const     0x800'a194    0x14  msg_task.o [1]
  .rodata            const     0x800'a1a8    0x14  msg_task.o [1]
  .rodata            const     0x800'a1bc    0x14  msg_task.o [1]
  .rodata            const     0x800'a1d0    0x14  tx_timer_initialize.o [1]
  .text              ro code   0x800'a1e4    0x12  HardFaultHandler.o [1]
  .rodata            const     0x800'a1f8    0x10  bsp_can_bus.o [1]
  .rodata            const     0x800'a208    0x10  bsp_key.o [1]
  .rodata            const     0x800'a218    0x10  bsp_spi_flash.o [1]
  .rodata            const     0x800'a228    0x10  bsp_tim_pwm.o [1]
  .rodata            const     0x800'a238    0x10  system_stm32f4xx.o [1]
  .rodata            const     0x800'a248    0x10  system_task_create.o [1]
  .rodata            const     0x800'a258    0x10  system_task_create.o [1]
  .rodata            const     0x800'a268    0x10  system_task_create.o [1]
  .rodata            const     0x800'a278    0x10  system_task_create.o [1]
  .rodata            const     0x800'a288    0x10  system_task_create.o [1]
  .rodata            const     0x800'a298    0x10  system_task_create.o [1]
  .rodata            const     0x800'a2a8    0x10  system_task_create.o [1]
  .text              ro code   0x800'a2b8    0x10  startup_stm32f407xx.o [1]
  .rodata            const     0x800'a2c8     0xc  bsp_spi_flash.o [1]
  .rodata            const     0x800'a2d4     0xc  bsp_spi_flash.o [1]
  .rodata            const     0x800'a2e0     0xc  bsp_spi_flash.o [1]
  .rodata            const     0x800'a2ec     0xc  bsp_spi_flash.o [1]
  .rodata            const     0x800'a2f8     0xc  bsp_spi_flash.o [1]
  .rodata            const     0x800'a304     0xc  system_task_create.o [1]
  .rodata            const     0x800'a310     0xc  system_task_create.o [1]
  .rodata            const     0x800'a31c     0xc  system_task_create.o [1]
  .text              ro code   0x800'a328     0xc  stm32f4xx_it.o [1]
  .rodata            const     0x800'a334     0x8  stm32f4xx_hal_dma.o [1]
  .rodata            const     0x800'a33c     0x8  system_stm32f4xx.o [1]
  .rodata            const     0x800'a344     0x8  system_task_create.o [1]
  .rodata            const     0x800'a34c     0x8  xprintffull_nomb.o [2]
  .text              ro code   0x800'a354     0x4  startup_stm32f407xx.o [1]
  .text              ro code   0x800'a358     0x4  startup_stm32f407xx.o [1]
  .text              ro code   0x800'a35c     0x4  startup_stm32f407xx.o [1]
  .text              ro code   0x800'a360     0x4  startup_stm32f407xx.o [1]
  .text              ro code   0x800'a364     0x4  startup_stm32f407xx.o [1]
  .text              ro code   0x800'a368     0x4  startup_stm32f407xx.o [1]
  .text              ro code   0x800'a36c     0x4  startup_stm32f407xx.o [1]
  .text              ro code   0x800'a370     0x4  startup_stm32f407xx.o [1]
  .text              ro code   0x800'a374     0x4  startup_stm32f407xx.o [1]
  .text              ro code   0x800'a378     0x4  startup_stm32f407xx.o [1]
  .text              ro code   0x800'a37c     0x4  startup_stm32f407xx.o [1]
  .text              ro code   0x800'a380     0x4  startup_stm32f407xx.o [1]
  .text              ro code   0x800'a384     0x4  startup_stm32f407xx.o [1]
  .text              ro code   0x800'a388     0x4  startup_stm32f407xx.o [1]
  .text              ro code   0x800'a38c     0x4  startup_stm32f407xx.o [1]
  .text              ro code   0x800'a390     0x4  startup_stm32f407xx.o [1]
  .text              ro code   0x800'a394     0x4  startup_stm32f407xx.o [1]
  .text              ro code   0x800'a398     0x4  startup_stm32f407xx.o [1]
  .text              ro code   0x800'a39c     0x4  startup_stm32f407xx.o [1]
  .text              ro code   0x800'a3a0     0x4  startup_stm32f407xx.o [1]
  .text              ro code   0x800'a3a4     0x4  startup_stm32f407xx.o [1]
  .text              ro code   0x800'a3a8     0x4  startup_stm32f407xx.o [1]
  .text              ro code   0x800'a3ac     0x4  startup_stm32f407xx.o [1]
  .text              ro code   0x800'a3b0     0x4  startup_stm32f407xx.o [1]
  .text              ro code   0x800'a3b4     0x4  startup_stm32f407xx.o [1]
  .text              ro code   0x800'a3b8     0x4  startup_stm32f407xx.o [1]
  .text              ro code   0x800'a3bc     0x4  startup_stm32f407xx.o [1]
  .text              ro code   0x800'a3c0     0x4  startup_stm32f407xx.o [1]
  .text              ro code   0x800'a3c4     0x4  startup_stm32f407xx.o [1]
  .text              ro code   0x800'a3c8     0x4  startup_stm32f407xx.o [1]
  .text              ro code   0x800'a3cc     0x4  startup_stm32f407xx.o [1]
  .text              ro code   0x800'a3d0     0x4  startup_stm32f407xx.o [1]
  .text              ro code   0x800'a3d4     0x4  startup_stm32f407xx.o [1]
  .text              ro code   0x800'a3d8     0x4  startup_stm32f407xx.o [1]
  .text              ro code   0x800'a3dc     0x4  startup_stm32f407xx.o [1]
  .text              ro code   0x800'a3e0     0x4  startup_stm32f407xx.o [1]
  .text              ro code   0x800'a3e4     0x4  startup_stm32f407xx.o [1]
  .text              ro code   0x800'a3e8     0x4  startup_stm32f407xx.o [1]
  .text              ro code   0x800'a3ec     0x4  startup_stm32f407xx.o [1]
  .text              ro code   0x800'a3f0     0x4  startup_stm32f407xx.o [1]
  .text              ro code   0x800'a3f4     0x4  startup_stm32f407xx.o [1]
  .text              ro code   0x800'a3f8     0x4  startup_stm32f407xx.o [1]
  .text              ro code   0x800'a3fc     0x4  startup_stm32f407xx.o [1]
  .text              ro code   0x800'a400     0x4  startup_stm32f407xx.o [1]
  .text              ro code   0x800'a404     0x4  startup_stm32f407xx.o [1]
  .text              ro code   0x800'a408     0x4  startup_stm32f407xx.o [1]
  .text              ro code   0x800'a40c     0x4  startup_stm32f407xx.o [1]
  .text              ro code   0x800'a410     0x4  startup_stm32f407xx.o [1]
  .text              ro code   0x800'a414     0x4  startup_stm32f407xx.o [1]
  .text              ro code   0x800'a418     0x4  startup_stm32f407xx.o [1]
  .text              ro code   0x800'a41c     0x4  startup_stm32f407xx.o [1]
  .text              ro code   0x800'a420     0x4  startup_stm32f407xx.o [1]
  .text              ro code   0x800'a424     0x4  startup_stm32f407xx.o [1]
  .text              ro code   0x800'a428     0x4  startup_stm32f407xx.o [1]
  .text              ro code   0x800'a42c     0x4  startup_stm32f407xx.o [1]
  .text              ro code   0x800'a430     0x4  startup_stm32f407xx.o [1]
  .text              ro code   0x800'a434     0x4  startup_stm32f407xx.o [1]
  .text              ro code   0x800'a438     0x4  startup_stm32f407xx.o [1]
  .text              ro code   0x800'a43c     0x4  startup_stm32f407xx.o [1]
  .text              ro code   0x800'a440     0x4  startup_stm32f407xx.o [1]
  .text              ro code   0x800'a444     0x4  startup_stm32f407xx.o [1]
  .text              ro code   0x800'a448     0x4  startup_stm32f407xx.o [1]
  .text              ro code   0x800'a44c     0x4  startup_stm32f407xx.o [1]
  .text              ro code   0x800'a450     0x4  startup_stm32f407xx.o [1]
  .text              ro code   0x800'a454     0x4  startup_stm32f407xx.o [1]
  .text              ro code   0x800'a458     0x4  startup_stm32f407xx.o [1]
  .text              ro code   0x800'a45c     0x4  startup_stm32f407xx.o [1]
  .text              ro code   0x800'a460     0x4  startup_stm32f407xx.o [1]
  .text              ro code   0x800'a464     0x4  startup_stm32f407xx.o [1]
  .text              ro code   0x800'a468     0x4  startup_stm32f407xx.o [1]
  .text              ro code   0x800'a46c     0x4  startup_stm32f407xx.o [1]
  .text              ro code   0x800'a470     0x4  startup_stm32f407xx.o [1]
  .text              ro code   0x800'a474     0x4  startup_stm32f407xx.o [1]
  .rodata            const     0x800'a478     0x0  zero_init3.o [4]
  .rodata            const     0x800'a478     0x0  lz77_init_single.o [4]
  Initializer bytes  const     0x800'a478    0x4a  <for P2-1>
                             - 0x800'a4c2  0xa33a

"P2", part 1 of 3:                          0x4a8
  P2-1                        0x2000'0000   0x4a8  <Init block>
    .data            inited   0x2000'0000   0x420  bsp_tim_pwm.o [1]
    .data            inited   0x2000'0420     0x4  system_stm32f4xx.o [1]
    .data            inited   0x2000'0424     0x4  tx_thread_initialize.o [1]
    .data            inited   0x2000'0428    0x38  xlocale_c.o [2]
    .data            inited   0x2000'0460    0x48  xfiles.o [2]
                            - 0x2000'04a8   0x4a8

"P2", part 2 of 3:                         0x5048
  .bss               zero     0x2000'04a8  0x1000  bsp_spi_bus.o [1]
  .bss               zero     0x2000'14a8  0x1000  bsp_spi_bus.o [1]
  .bss               zero     0x2000'24a8   0x400  bsp_usart_fifo.o [1]
  .bss               zero     0x2000'28a8   0x400  bsp_usart_fifo.o [1]
  .bss               zero     0x2000'2ca8   0x400  msg_task.o [1]
  .bss               zero     0x2000'30a8   0x400  msg_task.o [1]
  .bss               zero     0x2000'34a8   0x400  statistic_task.o [1]
  .bss               zero     0x2000'38a8   0x400  statistic_task.o [1]
  .bss               zero     0x2000'3ca8   0x400  system_task_create.o [1]
  .bss               zero     0x2000'40a8   0x400  system_task_create.o [1]
  .bss               zero     0x2000'44a8   0x400  tx_timer_initialize.o [1]
  .bss               zero     0x2000'48a8    0xb4  msg_task.o [1]
  .bss               zero     0x2000'495c    0xb4  msg_task.o [1]
  .bss               zero     0x2000'4a10    0xb4  statistic_task.o [1]
  .bss               zero     0x2000'4ac4    0xb4  statistic_task.o [1]
  .bss               zero     0x2000'4b78    0xb4  statistic_task.o [1]
  .bss               zero     0x2000'4c2c    0xb4  system_task_create.o [1]
  .bss               zero     0x2000'4ce0    0xb4  system_task_create.o [1]
  .bss               zero     0x2000'4d94    0xb4  tx_timer_initialize.o [1]
  .bss               zero     0x2000'4e48    0x84  bsp_sdio_sd.o [1]
  .bss               zero     0x2000'4ecc    0x80  tx_thread_initialize.o [1]
  .bss               zero     0x2000'4f4c    0x80  tx_timer_initialize.o [1]
  .bss               zero     0x2000'4fcc    0x60  bsp_tim_pwm.o [1]
  .bss               zero     0x2000'502c    0x58  bsp_spi_bus.o [1]
  .bss               zero     0x2000'5084    0x58  bsp_spi_bus.o [1]
  .bss               zero     0x2000'50dc    0x54  bsp_iic_bus.o [1]
  .bss               zero     0x2000'5130    0x50  xfiles.o [2]
  .bss               zero     0x2000'5180    0x40  bsp_rotation.o [1]
  .bss               zero     0x2000'51c0    0x40  bsp_tim_pwm.o [1]
  .bss               zero     0x2000'5200    0x40  SEGGER_HardFaultHandler.o [1]
  .bss               zero     0x2000'5240    0x40  ticktim.o [1]
  .bss               zero     0x2000'5280    0x34  gui_task.o [1]
  .bss               zero     0x2000'52b4    0x34  msg_task.o [1]
  .bss               zero     0x2000'52e8    0x2c  bsp_usart_fifo.o [1]
  .bss               zero     0x2000'5314    0x2c  system_task_create.o [1]
  .bss               zero     0x2000'5340    0x28  bsp_can_bus.o [1]
  .bss               zero     0x2000'5368    0x28  system_task_create.o [1]
  .bss               zero     0x2000'5390    0x20  bsp_key.o [1]
  .bss               zero     0x2000'53b0    0x1c  bsp_spi_flash.o [1]
  .bss               zero     0x2000'53cc    0x10  bsp_key.o [1]
  FREE_MEM           zero     0x2000'53dc    0x10  tx_initialize_low_level.o [1]
  .bss               zero     0x2000'53ec     0x4  bsp_dwt.o [1]
  .bss               zero     0x2000'53f0     0x4  bsp_spi_bus.o [1]
  .bss               zero     0x2000'53f4     0x4  bsp_spi_bus.o [1]
  .bss               zero     0x2000'53f8     0x4  bsp_spi_bus.o [1]
  .bss               zero     0x2000'53fc     0x4  bsp_spi_bus.o [1]
  .bss               zero     0x2000'5400     0x4  sd_diskio_dma.o [1]
  .bss               zero     0x2000'5404     0x4  sd_diskio_dma.o [1]
  .bss               zero     0x2000'5408     0x4  SEGGER_HardFaultHandler.o [1]
  .bss               zero     0x2000'540c     0x4  statistic_task.o [1]
  .bss               zero     0x2000'5410     0x4  statistic_task.o [1]
  .bss               zero     0x2000'5414     0x4  statistic_task.o [1]
  .bss               zero     0x2000'5418     0x4  statistic_task.o [1]
  .bss               zero     0x2000'541c     0x4  ticktim.o [1]
  .bss               zero     0x2000'5420     0x4  tx_initialize_high_level.o [1]
  .bss               zero     0x2000'5424     0x4  tx_initialize_high_level.o [1]
  .bss               zero     0x2000'5428     0x4  tx_initialize_high_level.o [1]
  .bss               zero     0x2000'542c     0x4  tx_initialize_high_level.o [1]
  .bss               zero     0x2000'5430     0x4  tx_initialize_high_level.o [1]
  .bss               zero     0x2000'5434     0x4  tx_initialize_high_level.o [1]
  .bss               zero     0x2000'5438     0x4  tx_initialize_high_level.o [1]
  .bss               zero     0x2000'543c     0x4  tx_initialize_high_level.o [1]
  .bss               zero     0x2000'5440     0x4  tx_initialize_high_level.o [1]
  .bss               zero     0x2000'5444     0x4  tx_initialize_high_level.o [1]
  .bss               zero     0x2000'5448     0x4  tx_initialize_high_level.o [1]
  .bss               zero     0x2000'544c     0x4  tx_initialize_high_level.o [1]
  .bss               zero     0x2000'5450     0x4  tx_initialize_high_level.o [1]
  .bss               zero     0x2000'5454     0x4  tx_thread_initialize.o [1]
  .bss               zero     0x2000'5458     0x4  tx_thread_initialize.o [1]
  .bss               zero     0x2000'545c     0x4  tx_thread_initialize.o [1]
  .bss               zero     0x2000'5460     0x4  tx_thread_initialize.o [1]
  .bss               zero     0x2000'5464     0x4  tx_thread_initialize.o [1]
  .bss               zero     0x2000'5468     0x4  tx_thread_initialize.o [1]
  .bss               zero     0x2000'546c     0x4  tx_thread_initialize.o [1]
  .bss               zero     0x2000'5470     0x4  tx_thread_initialize.o [1]
  .bss               zero     0x2000'5474     0x4  tx_thread_initialize.o [1]
  .bss               zero     0x2000'5478     0x4  tx_thread_initialize.o [1]
  .bss               zero     0x2000'547c     0x4  tx_thread_initialize.o [1]
  .bss               zero     0x2000'5480     0x4  tx_thread_initialize.o [1]
  .bss               zero     0x2000'5484     0x4  tx_timer_initialize.o [1]
  .bss               zero     0x2000'5488     0x4  tx_timer_initialize.o [1]
  .bss               zero     0x2000'548c     0x4  tx_timer_initialize.o [1]
  .bss               zero     0x2000'5490     0x4  tx_timer_initialize.o [1]
  .bss               zero     0x2000'5494     0x4  tx_timer_initialize.o [1]
  .bss               zero     0x2000'5498     0x4  tx_timer_initialize.o [1]
  .bss               zero     0x2000'549c     0x4  tx_timer_initialize.o [1]
  .bss               zero     0x2000'54a0     0x4  tx_timer_initialize.o [1]
  .bss               zero     0x2000'54a4     0x4  tx_timer_initialize.o [1]
  .bss               zero     0x2000'54a8     0x4  tx_timer_initialize.o [1]
  .bss               zero     0x2000'54ac     0x4  tx_timer_initialize.o [1]
  .bss               zero     0x2000'54b0     0x4  tx_timer_initialize.o [1]
  .bss               zero     0x2000'54b4     0x4  tx_timer_initialize.o [1]
  .bss               zero     0x2000'54b8     0x4  tx_trace_initialize.o [1]
  .bss               zero     0x2000'54bc     0x4  tx_trace_initialize.o [1]
  .bss               zero     0x2000'54c0     0x4  tx_trace_initialize.o [1]
  .bss               zero     0x2000'54c4     0x4  tx_trace_initialize.o [1]
  .bss               zero     0x2000'54c8     0x4  tx_trace_initialize.o [1]
  .bss               zero     0x2000'54cc     0x4  tx_trace_initialize.o [1]
  .bss               zero     0x2000'54d0     0x4  tx_trace_initialize.o [1]
  .bss               zero     0x2000'54d4     0x4  tx_trace_initialize.o [1]
  .bss               zero     0x2000'54d8     0x4  tx_trace_initialize.o [1]
  .bss               zero     0x2000'54dc     0x4  tx_trace_initialize.o [1]
  .bss               zero     0x2000'54e0     0x4  tx_trace_initialize.o [1]
  .bss               zero     0x2000'54e4     0x4  xfail_s.o [2]
  .bss               zero     0x2000'54e8     0x1  bsp_rotation.o [1]
  .bss               zero     0x2000'54e9     0x1  bsp_spi_bus.o [1]
  .bss               zero     0x2000'54ea     0x1  statistic_task.o [1]
  .bss               zero     0x2000'54eb     0x1  ticktim.o [1]
  .bss               zero     0x2000'54ec     0x1  ticktim.o [1]
  .bss               zero     0x2000'54ed     0x1  ticktim.o [1]
                            - 0x2000'54ee  0x5046

"P2", part 3 of 3:                          0x400
  CSTACK                      0x2000'54f0   0x400  <Block>
    CSTACK           uninit   0x2000'54f0   0x400  <Block tail>
                            - 0x2000'58f0   0x400

Unused ranges:

         From           To      Size
         ----           --      ----
   0x800'a4c4   0x80f'ffff  0xf'5b3c
  0x2000'58f0  0x2001'ffff  0x1'a710


*******************************************************************************
*** INIT TABLE
***

          Address      Size
          -------      ----
Zero (__iar_zero_init3)
    1 destination range, total size 0x5046:
          0x2000'04a8  0x5046

Copy/lz77 (__iar_lz77_init_single3)
    1 source range, total size 0x4a (6% of destination):
           0x800'a478    0x4a
    1 destination range, total size 0x4a8:
          0x2000'0000   0x4a8



*******************************************************************************
*** MODULE SUMMARY
***

    Module                            ro code  ro data  rw data
    ------                            -------  -------  -------
command line/config:
    -----------------------------------------------------------
    Total:

K:\Ls_Monitor_Lower\Ls_Monitor_Lower_SW\EW-ARM(v8x)\Flash\Obj: [1]
    HardFaultHandler.o                     18
    SEGGER_HardFaultHandler.o             224       44       68
    bsp_can_bus.o                         696      192       40
    bsp_dwt.o                             124                 4
    bsp_iic_bus.o                         232                84
    bsp_key.o                             794       16       48
    bsp_led.o                             212
    bsp_rotation.o                        368      120       65
    bsp_sdio_sd.o                          66               132
    bsp_spi_bus.o                         760      160    8'385
    bsp_spi_flash.o                       448       76       28
    bsp_tim_pwm.o                       2'100      197    1'216
    bsp_usart_fifo.o                      874      124    2'092
    bsp_ws2812b.o                          40
    gui_task.o                                               52
    main.o                                 30
    msg_task.o                            296      216    2'460
    sd_diskio_dma.o                        28                 8
    startup_stm32f407xx.o                 700
    statistic_task.o                      324      284    2'605
    stm32f4xx_hal.o                        88
    stm32f4xx_hal_can.o                 1'742
    stm32f4xx_hal_cortex.o                224
    stm32f4xx_hal_dma.o                 1'284        8
    stm32f4xx_hal_gpio.o                  552
    stm32f4xx_hal_i2c.o                   464
    stm32f4xx_hal_msp.o                     2
    stm32f4xx_hal_rcc.o                 1'392
    stm32f4xx_hal_sd.o                    804
    stm32f4xx_hal_spi.o                 1'110
    stm32f4xx_hal_tim.o                 2'732
    stm32f4xx_hal_tim_ex.o                 80
    stm32f4xx_hal_uart.o                  902
    stm32f4xx_it.o                         12
    stm32f4xx_ll_sdmmc.o                  496
    sys.o                                 176
    system_stm32f4xx.o                     96       24        4
    system_task_create.o                  648      188    2'492
    ticktim.o                             328                71
    tx_event_flags_cleanup.o              144
    tx_event_flags_create.o               292
    tx_event_flags_get.o                  452
    tx_initialize_high_level.o            136                52
    tx_initialize_kernel_enter.o           72
    tx_initialize_low_level.o             116                16
    tx_mutex_cleanup.o                    200
    tx_mutex_create.o                     308
    tx_mutex_get.o                        456
    tx_mutex_prioritize.o                 360
    tx_mutex_priority_change.o            240
    tx_mutex_put.o                        724
    tx_thread_create.o                    568
    tx_thread_initialize.o                152        1      180
    tx_thread_schedule.o                  208
    tx_thread_shell_entry.o               132
    tx_thread_sleep.o                     332
    tx_thread_stack_analyze.o             128
    tx_thread_stack_build.o                68
    tx_thread_stack_error_handler.o        32
    tx_thread_system_preempt_check.o      192
    tx_thread_system_resume.o             916
    tx_thread_system_suspend.o            920
    tx_thread_time_slice.o                588
    tx_thread_timeout.o                    56
    tx_time_get.o                         208
    tx_timer_create.o                     324
    tx_timer_expiration_process.o          36
    tx_timer_initialize.o                 224       20    1'384
    tx_timer_interrupt.o                  232
    tx_timer_system_activate.o            100
    tx_timer_system_deactivate.o           46
    tx_timer_thread_entry.o               304
    tx_trace_initialize.o                  64                44
    tx_trace_object_register.o            284
    txe_event_flags_create.o              180
    txe_event_flags_get.o                 112
    txe_mutex_create.o                    204
    txe_mutex_get.o                       124
    txe_mutex_put.o                        76
    txe_thread_create.o                   348
    txe_timer_create.o                    232
    -----------------------------------------------------------
    Total:                             32'356    1'670   21'530

dl7M_tlf.a: [2]
    abort.o                                 6
    exit.o                                  4
    low_level_init.o                        4
    printf.o                               40
    putchar.o                              12
    vsnprint.o                             60
    xfail_s.o                              64                 4
    xfiles.o                                         5      152
    xlocale_c.o                             8        6       56
    xprintffull_nomb.o                  4'034        8
    xprout.o                               22
    xsnprout.o                             26
    -----------------------------------------------------------
    Total:                              4'280       19      212

m7M_tls.a: [3]
    DblAdd.o                              362
    DblCmpGe.o                             46
    DblCmpLe.o                             46
    DblDiv.o                              582
    DblMul.o                              418
    DblSub.o                              226
    DblToS32.o                             58
    DblToU32.o                             40
    FltToDbl.o                             72
    S32ToDbl.o                             34
    U32ToDbl.o                             26
    fpinit_M.o                             34
    frexp.o                               112
    ldexp.o                               314
    -----------------------------------------------------------
    Total:                              2'370

rt7M_tl.a: [4]
    ABImemclr4.o                            6
    ABImemcpy.o                           166
    ABImemset.o                           102
    ABImemset48.o                          50
    I64DivMod.o                           560
    I64DivZer.o                             2
    cexit.o                                10
    cmain.o                                30
    cstartup_M.o                           28
    data_init.o                            40
    lz77_init_single.o                    120
    memchr.o                               88
    strchr.o                               22
    strcpy.o                               24
    strlen.o                               54
    zero_init3.o                           58
    -----------------------------------------------------------
    Total:                              1'360

shb_l.a: [5]
    exit.o                                 20
    -----------------------------------------------------------
    Total:                                 20

    Gaps                                   65        6
    Linker created                                  32    1'024
---------------------------------------------------------------
    Grand Total:                       40'451    1'727   22'766


*******************************************************************************
*** ENTRY LIST
***

Entry                       Address    Size  Type      Object
-----                       -------    ----  ----      ------
.iar.init_table$$Base    0x800'9fe0           --   Gb  - Linker created -
.iar.init_table$$Limit   0x800'a000           --   Gb  - Linker created -
?main                    0x800'a051          Code  Gb  cmain.o [4]
AHBPrescTable            0x800'a238    0x10  Data  Gb  system_stm32f4xx.o [1]
APBPrescTable            0x800'a33c     0x8  Data  Gb  system_stm32f4xx.o [1]
AppLCDSemp              0x2000'5280    0x34  Data  Gb  gui_task.o [1]
AppPrintfSemp           0x2000'52b4    0x34  Data  Gb  msg_task.o [1]
AppSysObjCreate          0x800'7c03    0x46  Code  Lc  system_task_create.o [1]
AppTaskCOM               0x800'7bcd    0x34  Code  Lc  system_task_create.o [1]
AppTaskCOMStk           0x2000'3ca8   0x400  Data  Lc  system_task_create.o [1]
AppTaskCOMTCB           0x2000'4c2c    0xb4  Data  Lc  system_task_create.o [1]
AppTaskCreate            0x800'7add    0x88  Code  Lc  system_task_create.o [1]
AppTaskIDLE              0x800'4d91    0x14  Code  Gb  statistic_task.o [1]
AppTaskIdleStk          0x2000'34a8   0x400  Data  Gb  statistic_task.o [1]
AppTaskIdleTCB          0x2000'4ac4    0xb4  Data  Gb  statistic_task.o [1]
AppTaskMsgPro            0x800'46c1    0x36  Code  Gb  msg_task.o [1]
AppTaskMsgProStk        0x2000'30a8   0x400  Data  Gb  msg_task.o [1]
AppTaskMsgProTCB        0x2000'495c    0xb4  Data  Gb  msg_task.o [1]
AppTaskStart             0x800'7b65    0x66  Code  Lc  system_task_create.o [1]
AppTaskStartStk         0x2000'40a8   0x400  Data  Lc  system_task_create.o [1]
AppTaskStartTCB         0x2000'4a10    0xb4  Data  Gb  statistic_task.o [1]
AppTaskStartTCB         0x2000'4ce0    0xb4  Data  Lc  system_task_create.o [1]
AppTaskStat              0x800'4d21    0x70  Code  Gb  statistic_task.o [1]
AppTaskStatStk          0x2000'38a8   0x400  Data  Gb  statistic_task.o [1]
AppTaskStatTCB          0x2000'4b78    0xb4  Data  Gb  statistic_task.o [1]
AppTaskUserIF            0x800'46f7    0x88  Code  Gb  msg_task.o [1]
AppTaskUserIFStk        0x2000'2ca8   0x400  Data  Gb  msg_task.o [1]
AppTaskUserIFTCB        0x2000'48a8    0xb4  Data  Gb  msg_task.o [1]
AppTimer                0x2000'5314    0x2c  Data  Gb  system_task_create.o [1]
App_Printf               0x800'477f    0x34  Code  Gb  msg_task.o [1]
BSP_SD_ReadCpltCallback
                         0x800'7a41     0x8  Code  Gb  sd_diskio_dma.o [1]
BSP_SD_WriteCpltCallback
[...]
__aeabi_dsub             0x800'1599          Code  Gb  DblSub.o [3]
__aeabi_f2d              0x800'5465          Code  Gb  FltToDbl.o [3]
__aeabi_i2d              0x800'1575          Code  Gb  S32ToDbl.o [3]
__aeabi_ldiv0            0x800'1e59          Code  Gb  I64DivZer.o [4]
__aeabi_memclr4          0x800'3c2d          Code  Gb  ABImemclr4.o [4]
__aeabi_memcpy           0x800'1285          Code  Gb  ABImemcpy.o [4]
__aeabi_memcpy4          0x800'12a5          Code  Gb  ABImemcpy.o [4]
__aeabi_memcpy8          0x800'12a5          Code  Gb  ABImemcpy.o [4]
__aeabi_memset           0x800'37cd          Code  Gb  ABImemset.o [4]
__aeabi_ui2d             0x800'18ed          Code  Gb  U32ToDbl.o [3]
__aeabi_uldivmod         0x800'1ab5          Code  Gb  I64DivMod.o [4]
__cmain                  0x800'a051          Code  Gb  cmain.o [4]
__exit                   0x800'1e5d    0x14  Code  Gb  exit.o [5]
__iar_Fail_s             0x800'11b5    0x1c  Code  Gb  xfail_s.o [2]
__iar_Memchr             0x800'122d          Code  Gb  memchr.o [4]
__iar_Memset             0x800'37cd          Code  Gb  ABImemset.o [4]
__iar_Memset4_word       0x800'3d05          Code  Gb  ABImemset48.o [4]
__iar_Memset8_word       0x800'3d05          Code  Gb  ABImemset48.o [4]
__iar_Memset_word        0x800'37d5          Code  Gb  ABImemset.o [4]
__iar_Stdout            0x2000'0460    0x48  Data  Gb  xfiles.o [2]
__iar_Strchr             0x800'1185          Code  Gb  strchr.o [4]
__iar_dadd               0x800'15a9          Code  Gb  DblSub.o [3]
__iar_data_init3         0x800'9f71    0x28  Code  Gb  data_init.o [4]
__iar_dsub               0x800'1ced          Code  Gb  DblAdd.o [3]
__iar_dsubStart          0x800'1cff          Code  Gb  DblAdd.o [3]
__iar_frexp              0x800'1339          Code  Gb  frexp.o [3]
__iar_frexpl             0x800'1339          Code  Gb  frexp.o [3]
__iar_init_vfp           0x800'9fbd          Code  Gb  fpinit_M.o [3]
__iar_ldexp64            0x800'13fd          Code  Gb  ldexp.o [3]
__iar_lz77_init_single3
                         0x800'99fd    0x78  Code  Gb  lz77_init_single.o [4]
__iar_program_start      0x800'a0a1          Code  Gb  cstartup_M.o [4]
__iar_scalbln64          0x800'13fd          Code  Gb  ldexp.o [3]
__iar_scalbn64           0x800'13fd          Code  Gb  ldexp.o [3]
__iar_softfp___iar_frexp64
                         0x800'132d          Code  Gb  frexp.o [3]
__iar_softfp_frexp       0x800'132d          Code  Gb  frexp.o [3]
__iar_softfp_frexpl      0x800'132d          Code  Gb  frexp.o [3]
__iar_zero_init3         0x800'114b    0x3a  Code  Gb  zero_init3.o [4]
__low_level_init         0x800'a06f     0x4  Code  Gb  low_level_init.o [2]
__tx_PendSVHandler       0x800'9531          Code  Gb  tx_thread_schedule.o [1]
__tx_SysTickHandler      0x800'9abb          Code  Gb  tx_initialize_low_level.o [1]
__tx_free_memory_start  0x2000'53dc          Data  Gb  tx_initialize_low_level.o [1]
__vector_table           0x800'0000          Data  Gb  startup_stm32f407xx.o [1]
_call_main               0x800'a05d          Code  Gb  cmain.o [4]
_exit                    0x800'a079          Code  Gb  cexit.o [4]
_main                    0x800'a067          Code  Gb  cmain.o [4]
_tx_block_pool_created_count
                        0x2000'5444     0x4  Data  Gb  tx_initialize_high_level.o [1]
_tx_block_pool_created_ptr
                        0x2000'5440     0x4  Data  Gb  tx_initialize_high_level.o [1]
_tx_build_options       0x2000'547c     0x4  Data  Gb  tx_thread_initialize.o [1]
_tx_byte_pool_created_count
                        0x2000'544c     0x4  Data  Gb  tx_initialize_high_level.o [1]
_tx_byte_pool_created_ptr
                        0x2000'5448     0x4  Data  Gb  tx_initialize_high_level.o [1]
_tx_event_flags_cleanup
                         0x800'9821    0x90  Code  Gb  tx_event_flags_cleanup.o [1]
_tx_event_flags_create   0x800'8c39   0x124  Code  Gb  tx_event_flags_create.o [1]
_tx_event_flags_created_count
                        0x2000'5434     0x4  Data  Gb  tx_initialize_high_level.o [1]
_tx_event_flags_created_ptr
                        0x2000'5430     0x4  Data  Gb  tx_initialize_high_level.o [1]
_tx_event_flags_get      0x800'52a1   0x1c4  Code  Gb  tx_event_flags_get.o [1]
_tx_initialize_high_level
                         0x800'98b1    0x88  Code  Gb  tx_initialize_high_level.o [1]
_tx_initialize_kernel_enter
                         0x800'9c2d    0x48  Code  Gb  tx_initialize_kernel_enter.o [1]
_tx_initialize_low_level
                         0x800'9a75          Code  Gb  tx_initialize_low_level.o [1]
_tx_initialize_unused_memory
                        0x2000'5450     0x4  Data  Gb  tx_initialize_high_level.o [1]
_tx_mutex_cleanup        0x800'95d5    0x7a  Code  Gb  tx_mutex_cleanup.o [1]
_tx_mutex_create         0x800'89c1   0x134  Code  Gb  tx_mutex_create.o [1]
_tx_mutex_created_count
                        0x2000'543c     0x4  Data  Gb  tx_initialize_high_level.o [1]
_tx_mutex_created_ptr   0x2000'5438     0x4  Data  Gb  tx_initialize_high_level.o [1]
_tx_mutex_get            0x800'54ad   0x1c8  Code  Gb  tx_mutex_get.o [1]
_tx_mutex_prioritize     0x800'5b3d   0x168  Code  Gb  tx_mutex_prioritize.o [1]
_tx_mutex_priority_change
                         0x800'5a4d    0xf0  Code  Gb  tx_mutex_priority_change.o [1]
_tx_mutex_put            0x800'5675   0x2d4  Code  Gb  tx_mutex_put.o [1]
_tx_mutex_thread_release
                         0x800'964f    0x40  Code  Gb  tx_mutex_cleanup.o [1]
_tx_queue_created_count
                        0x2000'542c     0x4  Data  Gb  tx_initialize_high_level.o [1]
_tx_queue_created_ptr   0x2000'5428     0x4  Data  Gb  tx_initialize_high_level.o [1]
_tx_semaphore_created_count
                        0x2000'5424     0x4  Data  Gb  tx_initialize_high_level.o [1]
_tx_semaphore_created_ptr
                        0x2000'5420     0x4  Data  Gb  tx_initialize_high_level.o [1]
_tx_thread_application_stack_error_handler
                        0x2000'5480     0x4  Data  Gb  tx_thread_initialize.o [1]
_tx_thread_create        0x800'859d   0x238  Code  Gb  tx_thread_create.o [1]
_tx_thread_created_count
                        0x2000'5464     0x4  Data  Gb  tx_thread_initialize.o [1]
_tx_thread_created_ptr  0x2000'5460     0x4  Data  Gb  tx_thread_initialize.o [1]
_tx_thread_current_ptr  0x2000'5458     0x4  Data  Gb  tx_thread_initialize.o [1]
_tx_thread_execute_ptr  0x2000'545c     0x4  Data  Gb  tx_thread_initialize.o [1]
_tx_thread_highest_priority
                        0x2000'5470     0x4  Data  Gb  tx_thread_initialize.o [1]
_tx_thread_initialize    0x800'9789    0x98  Code  Gb  tx_thread_initialize.o [1]
_tx_thread_mutex_release
                        0x2000'5478     0x4  Data  Gb  tx_thread_initialize.o [1]
_tx_thread_preempt_disable
                        0x2000'5474     0x4  Data  Gb  tx_thread_initialize.o [1]
_tx_thread_preempted_maps
                        0x2000'546c     0x4  Data  Gb  tx_thread_initialize.o [1]
_tx_thread_priority_list
                        0x2000'4ecc    0x80  Data  Gb  tx_thread_initialize.o [1]
_tx_thread_priority_maps
                        0x2000'5468     0x4  Data  Gb  tx_thread_initialize.o [1]
_tx_thread_schedule      0x800'9505          Code  Gb  tx_thread_schedule.o [1]
_tx_thread_shell_entry   0x800'9979    0x84  Code  Gb  tx_thread_shell_entry.o [1]
_tx_thread_sleep         0x800'47e9   0x14c  Code  Gb  tx_thread_sleep.o [1]
_tx_thread_stack_analyze
                         0x800'5969    0x80  Code  Gb  tx_thread_stack_analyze.o [1]
_tx_thread_stack_build   0x800'8d5d          Code  Gb  tx_thread_stack_build.o [1]
_tx_thread_stack_error_handler
                         0x800'5949    0x20  Code  Gb  tx_thread_stack_error_handler.o [1]
_tx_thread_system_preempt_check
                         0x800'5cc1    0x90  Code  Gb  tx_thread_system_preempt_check.o [1]
_tx_thread_system_resume
                         0x800'5d83   0x332  Code  Gb  tx_thread_system_resume.o [1]
_tx_thread_system_return_inline
                         0x800'5ca5    0x1c  Code  Lc  tx_thread_system_preempt_check.o [1]
_tx_thread_system_return_inline
                         0x800'5d65    0x1e  Code  Lc  tx_thread_system_resume.o [1]
_tx_thread_system_return_inline
                         0x800'4f09    0x1e  Code  Lc  tx_thread_system_suspend.o [1]
_tx_thread_system_stack_ptr
                        0x2000'5454     0x4  Data  Gb  tx_thread_initialize.o [1]
_tx_thread_system_state
                        0x2000'0424     0x4  Data  Gb  tx_thread_initialize.o [1]
_tx_thread_system_suspend
                         0x800'4f27   0x332  Code  Gb  tx_thread_system_suspend.o [1]
_tx_thread_time_slice    0x800'8ebd   0x24c  Code  Gb  tx_thread_time_slice.o [1]
_tx_thread_timeout       0x800'9dc1    0x38  Code  Gb  tx_thread_timeout.o [1]
_tx_time_get             0x800'3c35    0xd0  Code  Gb  tx_time_get.o [1]
_tx_timer_create         0x800'8af5   0x144  Code  Gb  tx_timer_create.o [1]
_tx_timer_created_count
                        0x2000'54a0     0x4  Data  Gb  tx_timer_initialize.o [1]
_tx_timer_created_ptr   0x2000'549c     0x4  Data  Gb  tx_timer_initialize.o [1]
_tx_timer_current_ptr   0x2000'5494     0x4  Data  Gb  tx_timer_initialize.o [1]
_tx_timer_expiration_process
                         0x800'9321    0x24  Code  Gb  tx_timer_expiration_process.o [1]
_tx_timer_expired       0x2000'5498     0x4  Data  Gb  tx_timer_initialize.o [1]
_tx_timer_expired_time_slice
                        0x2000'5488     0x4  Data  Gb  tx_timer_initialize.o [1]
_tx_timer_expired_timer_ptr
                        0x2000'54a4     0x4  Data  Gb  tx_timer_initialize.o [1]
_tx_timer_initialize     0x800'9425    0xe0  Code  Gb  tx_timer_initialize.o [1]
_tx_timer_interrupt      0x800'9239          Code  Gb  tx_timer_interrupt.o [1]
_tx_timer_list          0x2000'4f4c    0x80  Data  Gb  tx_timer_initialize.o [1]
_tx_timer_list_end      0x2000'5490     0x4  Data  Gb  tx_timer_initialize.o [1]
_tx_timer_list_start    0x2000'548c     0x4  Data  Gb  tx_timer_initialize.o [1]
_tx_timer_priority      0x2000'54b0     0x4  Data  Gb  tx_timer_initialize.o [1]
_tx_timer_stack_size    0x2000'54ac     0x4  Data  Gb  tx_timer_initialize.o [1]
_tx_timer_stack_start   0x2000'54a8     0x4  Data  Gb  tx_timer_initialize.o [1]
_tx_timer_system_activate
                         0x800'59e9    0x64  Code  Gb  tx_timer_system_activate.o [1]
_tx_timer_system_clock  0x2000'5484     0x4  Data  Gb  tx_timer_initialize.o [1]
_tx_timer_system_deactivate
                         0x800'60f9    0x2e  Code  Gb  tx_timer_system_deactivate.o [1]
_tx_timer_thread        0x2000'4d94    0xb4  Data  Gb  tx_timer_initialize.o [1]
_tx_timer_thread_entry   0x800'9109   0x130  Code  Gb  tx_timer_thread_entry.o [1]
_tx_timer_thread_stack_area
                        0x2000'44a8   0x400  Data  Gb  tx_timer_initialize.o [1]
_tx_timer_time_slice    0x2000'54b4     0x4  Data  Gb  tx_timer_initialize.o [1]
_tx_trace_available_registry_entries
                        0x2000'54dc     0x4  Data  Gb  tx_trace_initialize.o [1]
_tx_trace_buffer_current_ptr
                        0x2000'54cc     0x4  Data  Gb  tx_trace_initialize.o [1]
_tx_trace_buffer_end_ptr
                        0x2000'54c8     0x4  Data  Gb  tx_trace_initialize.o [1]
_tx_trace_buffer_start_ptr
                        0x2000'54c4     0x4  Data  Gb  tx_trace_initialize.o [1]
_tx_trace_event_enable_bits
                        0x2000'54d0     0x4  Data  Gb  tx_trace_initialize.o [1]
_tx_trace_full_notify_function
                        0x2000'54d4     0x4  Data  Gb  tx_trace_initialize.o [1]
_tx_trace_header_ptr    0x2000'54b8     0x4  Data  Gb  tx_trace_initialize.o [1]
_tx_trace_initialize     0x800'9939    0x40  Code  Gb  tx_trace_initialize.o [1]
_tx_trace_object_register
                         0x800'8da1   0x11c  Code  Gb  tx_trace_object_register.o [1]
_tx_trace_registry_end_ptr
                        0x2000'54c0     0x4  Data  Gb  tx_trace_initialize.o [1]
_tx_trace_registry_search_start
                        0x2000'54e0     0x4  Data  Gb  tx_trace_initialize.o [1]
_tx_trace_registry_start_ptr
                        0x2000'54bc     0x4  Data  Gb  tx_trace_initialize.o [1]
_tx_trace_total_registry_entries
                        0x2000'54d8     0x4  Data  Gb  tx_trace_initialize.o [1]
_txe_event_flags_create
                         0x800'84e9    0xb4  Code  Gb  txe_event_flags_create.o [1]
_txe_event_flags_get     0x800'4935    0x70  Code  Gb  txe_event_flags_get.o [1]
_txe_mutex_create        0x800'8335    0xcc  Code  Gb  txe_mutex_create.o [1]
_txe_mutex_get           0x800'4e41    0x7c  Code  Gb  txe_mutex_get.o [1]
_txe_mutex_put           0x800'4ebd    0x4c  Code  Gb  txe_mutex_put.o [1]
_txe_thread_create       0x800'7cdd   0x15c  Code  Gb  txe_thread_create.o [1]
_txe_timer_create        0x800'8401    0xe8  Code  Gb  txe_timer_create.o [1]
abort                    0x800'1ce5     0x6  Code  Gb  abort.o [2]
bsp_Can1_Send_buf        0x800'45b3    0xaa  Code  Gb  bsp_can_bus.o [1]
bsp_ConfigGpioOut        0x800'33bd    0x2a  Code  Gb  bsp_tim_pwm.o [1]
bsp_ConfigTimGpio        0x800'3383    0x3a  Code  Gb  bsp_tim_pwm.o [1]
bsp_DetectKey            0x800'4ba9    0xea  Code  Lc  bsp_key.o [1]
bsp_GetAFofTIM           0x800'32dd    0xa6  Code  Gb  bsp_tim_pwm.o [1]
bsp_GetKey               0x800'4b83    0x26  Code  Gb  bsp_key.o [1]
bsp_I2C_EE_Init          0x800'7f91     0x8  Code  Gb  bsp_iic_bus.o [1]
bsp_InitCan1Bus          0x800'43f1    0xe4  Code  Gb  bsp_can_bus.o [1]
bsp_InitDWT              0x800'3bb1    0x1c  Code  Gb  bsp_dwt.o [1]
bsp_InitKey              0x800'4a61     0xc  Code  Gb  bsp_key.o [1]
bsp_InitKeyHard          0x800'4a6d    0x6c  Code  Lc  bsp_key.o [1]
bsp_InitKeyVar           0x800'4ad9    0x6a  Code  Lc  bsp_key.o [1]
bsp_InitLed              0x800'8079    0x56  Code  Gb  bsp_led.o [1]
bsp_InitRotationSensor   0x800'2911    0xba  Code  Gb  bsp_rotation.o [1]
bsp_InitSFlash           0x800'82ad    0x42  Code  Gb  bsp_spi_flash.o [1]
bsp_InitSPI1Bus          0x800'657d    0x14  Code  Gb  bsp_spi_bus.o [1]
bsp_InitSPI1Param        0x800'6591    0x8a  Code  Gb  bsp_spi_bus.o [1]
bsp_InitSPI2Bus          0x800'67af     0xe  Code  Gb  bsp_spi_bus.o [1]
bsp_InitSPI2Param        0x800'67bd    0x6c  Code  Gb  bsp_spi_bus.o [1]
bsp_InitTimer            0x800'7e49    0x5e  Code  Gb  ticktim.o [1]
bsp_InitUart             0x800'7171     0xc  Code  Gb  bsp_usart_fifo.o [1]
bsp_InitWs2812b          0x800'814d    0x1a  Code  Gb  bsp_ws2812b.o [1]
bsp_Key_Scan10ms         0x800'4ca5    0x1a  Code  Gb  bsp_key.o [1]
bsp_LedOff               0x800'80f3    0x24  Code  Gb  bsp_led.o [1]
bsp_LedOn                0x800'80cf    0x24  Code  Gb  bsp_led.o [1]
bsp_LedToggle            0x800'8117    0x26  Code  Gb  bsp_led.o [1]
bsp_PutKey               0x800'4b6b    0x18  Code  Gb  bsp_key.o [1]
bsp_RCC_GPIO_Enable      0x800'2f8d   0x148  Code  Gb  bsp_tim_pwm.o [1]
bsp_RCC_TIM_Enable       0x800'30d5   0x208  Code  Gb  bsp_tim_pwm.o [1]
bsp_RunPer10ms           0x800'7cd5     0x8  Code  Gb  system_task_create.o [1]
bsp_SetKeyParam          0x800'4b43    0x28  Code  Lc  bsp_key.o [1]
bsp_SetTIMOutPWM         0x800'34cf   0x26c  Code  Gb  bsp_tim_pwm.o [1]
bsp_SetTIMOutPWM::pwm_led4
                        0x2000'0000   0x420  Data  Lc  bsp_tim_pwm.o [1]
bsp_SetUartParam         0x800'72ad    0x36  Code  Gb  bsp_usart_fifo.o [1]
bsp_SoftTimerDec         0x800'7ea7    0x20  Code  Lc  ticktim.o [1]
bsp_Spi1BusEnter         0x800'679f     0x8  Code  Gb  bsp_spi_bus.o [1]
bsp_Spi1BusExit          0x800'67a7     0x8  Code  Gb  bsp_spi_bus.o [1]
bsp_spi1Transfer         0x800'676b    0x34  Code  Gb  bsp_spi_bus.o [1]
comSendBuf               0x800'748f    0x2a  Code  Gb  bsp_usart_fifo.o [1]
comSendChar              0x800'74b9     0xe  Code  Gb  bsp_usart_fifo.o [1]
exit                     0x800'a073     0x4  Code  Gb  exit.o [2]
fputc                    0x800'74c7    0x14  Code  Gb  bsp_usart_fifo.o [1]
g_RotationTimeHandle    0x2000'5180    0x40  Data  Lc  bsp_rotation.o [1]
g_RxBuf1                0x2000'28a8   0x400  Data  Lc  bsp_usart_fifo.o [1]
g_TimHandle             0x2000'51c0    0x40  Data  Gb  bsp_tim_pwm.o [1]
g_TxBuf1                0x2000'24a8   0x400  Data  Lc  bsp_usart_fifo.o [1]
g_iRunTime              0x2000'541c     0x4  Data  Gb  ticktim.o [1]
g_spiLen                0x2000'53fc     0x4  Data  Gb  bsp_spi_bus.o [1]
g_spiRxBuf              0x2000'14a8  0x1000  Data  Gb  bsp_spi_bus.o [1]
g_spiTxBuf              0x2000'04a8  0x1000  Data  Gb  bsp_spi_bus.o [1]
g_spi_busy              0x2000'54e9     0x1  Data  Gb  bsp_spi_bus.o [1]
g_tSF                   0x2000'53b0    0x1c  Data  Gb  bsp_spi_flash.o [1]
g_tUart1                0x2000'52e8    0x2c  Data  Lc  bsp_usart_fifo.o [1]
g_ucEnableSystickISR    0x2000'54eb     0x1  Data  Lc  ticktim.o [1]
g_updatecounter         0x2000'54e8     0x1  Data  Lc  bsp_rotation.o [1]
hCAN                    0x2000'5340    0x28  Data  Gb  bsp_can_bus.o [1]
hdma_ch1                0x2000'4fcc    0x60  Data  Lc  bsp_tim_pwm.o [1]
hspi                    0x2000'502c    0x58  Data  Lc  bsp_spi_bus.o [1]
iic_handle              0x2000'50dc    0x54  Data  Gb  bsp_iic_bus.o [1]
ink_spi                 0x2000'5084    0x58  Data  Lc  bsp_spi_bus.o [1]
ldexp                    0x800'13fd          Code  Gb  ldexp.o [3]
ldexpl                   0x800'13fd          Code  Gb  ldexp.o [3]
localeconv               0x800'1aad     0x4  Code  Gb  xlocale_c.o [2]
main                     0x800'a021    0x1e  Code  Gb  main.o [1]
memchr                   0x800'122d          Code  Gb  memchr.o [4]
obuf                    0x2000'5130    0x50  Data  Lc  xfiles.o [2]
printf                   0x800'3835    0x28  Code  Gb  printf.o [2]
putchar                  0x800'a14d     0xc  Code  Gb  putchar.o [2]
s_BaudRatePrescaler     0x2000'53f0     0x4  Data  Lc  bsp_spi_bus.o [1]
s_CLKPhase              0x2000'53f4     0x4  Data  Lc  bsp_spi_bus.o [1]
s_CLKPolarity           0x2000'53f8     0x4  Data  Lc  bsp_spi_bus.o [1]
s_gpio_list              0x800'a208    0x10  Data  Lc  bsp_key.o [1]
s_tBtn                  0x2000'5390    0x20  Data  Lc  bsp_key.o [1]
s_tKey                  0x2000'53cc    0x10  Data  Lc  bsp_key.o [1]
s_tTmr                  0x2000'5240    0x40  Data  Lc  ticktim.o [1]
scalbln                  0x800'13fd          Code  Gb  ldexp.o [3]
scalblnl                 0x800'13fd          Code  Gb  ldexp.o [3]
scalbn                   0x800'13fd          Code  Gb  ldexp.o [3]
scalbnl                  0x800'13fd          Code  Gb  ldexp.o [3]
scale                    0x800'104f    0x46  Code  Lc  xprintffull_nomb.o [2]
sec_hand                0x2000'54e4     0x4  Data  Lc  xfail_s.o [2]
sf_ReadID                0x800'826b    0x42  Code  Gb  bsp_spi_flash.o [1]
sf_ReadInfo              0x800'81a7    0xc4  Code  Gb  bsp_spi_flash.o [1]
sf_SetCS                 0x800'8175    0x32  Code  Gb  bsp_spi_flash.o [1]
strchr                   0x800'1185          Code  Gb  strchr.o [4]
strcpy                   0x800'89a9          Code  Gb  strcpy.o [4]
strlen                   0x800'11f5          Code  Gb  strlen.o [4]
tx_application_define    0x800'7a55    0x88  Code  Gb  system_task_create.o [1]
tx_thread_fpu_disable    0x800'95cd          Code  Gb  tx_thread_schedule.o [1]
tx_thread_fpu_enable     0x800'95cb          Code  Gb  tx_thread_schedule.o [1]
uSdHandle               0x2000'4e48    0x84  Data  Gb  bsp_sdio_sd.o [1]
vsnprintf                0x800'4e05    0x3c  Code  Gb  vsnprint.o [2]


[1] = K:\Ls_Monitor_Lower\Ls_Monitor_Lower_SW\EW-ARM(v8x)\Flash\Obj
[2] = dl7M_tlf.a
[3] = m7M_tls.a
[4] = rt7M_tl.a
[5] = shb_l.a

  40'451 bytes of readonly  code memory
   1'727 bytes of readonly  data memory
  22'766 bytes of readwrite data memory

Errors: none
Warnings: none
